01-19 12:30:44.060  1283  3925 I WindowManager: Reparenting to leash, surface=Surface(name=882a855 Splash Screen com.asktiba.Vault.dev)/@0x38d0051, leashParent=Surface(name=ActivityRecord{19489bf u0 com.asktiba.Vault.dev/expo.modules.devlauncher.launcher.errors.DevLauncherErrorActivity t5047})/@0xedeb6a7
01-19 12:30:44.071  1283  3635 I WindowManager: Cancelling animation restarting=false, leash=Surface(name=Surface(name=20dacbc com.asktiba.Vault.dev/expo.modules.devlauncher.launcher.errors.DevLauncherErrorActivity)/@0xcb00366 - animation-leash of starting_reveal)/@0xca4d754
01-19 12:30:44.071  1283  3635 I WindowManager: Reparenting to original parent: Surface(name=ActivityRecord{19489bf u0 com.asktiba.Vault.dev/expo.modules.devlauncher.launcher.errors.DevLauncherErrorActivity t5047})/@0xedeb6a7, destroy=false, surface=Surface(name=20dacbc com.asktiba.Vault.dev/expo.modules.devlauncher.launcher.errors.DevLauncherErrorActivity)/@0xcb00366
01-19 12:30:44.076   715   715 I SurfaceFlinger: operator()(), mtkRenderCntDebug 137678, screenshot (com.asktiba.Vault.dev/expo.modules.devlauncher.launcher.errors.DevLauncherErrorActivity$_23690#0)
01-19 12:30:44.086   715   715 I Layer   : id=6353 removedFromDrawingState Surface(name=20dacbc com.asktiba.Vault.dev/expo.modules.devlauncher.launcher.errors.DevLauncherErrorActivity)/@0xcb00366 - animation-leash of starting_reveal#0 (130)
01-19 12:30:44.103  1283  1329 I WindowManager: Reparenting to original parent: Surface(name=ActivityRecord{19489bf u0 com.asktiba.Vault.dev/expo.modules.devlauncher.launcher.errors.DevLauncherErrorActivity t5047})/@0xedeb6a7, destroy=true, surface=Surface(name=882a855 Splash Screen com.asktiba.Vault.dev)/@0x38d0051
01-19 12:30:44.130   715   715 D SurfaceFlinger:      DEVICE | 0xb40000780ec5c4c0 | 0102 | RGBA_8888    |    0.0    0.0  720.0 1600.0 |    0    0  720 1600 | com.asktiba.Vault.dev/expo.modules.d[...]rs.DevLauncherErrorActivity$_23690#0
01-19 12:30:44.176   715   715 I SurfaceFlinger: operator()(), mtkRenderCntDebug 137679, screenshot (com.asktiba.Vault.dev/expo.modules.devlauncher.launcher.errors.DevLauncherErrorActivity$_23690#0)
01-19 12:30:44.277   715   715 I SurfaceFlinger: operator()(), mtkRenderCntDebug 137680, screenshot (com.asktiba.Vault.dev/expo.modules.devlauncher.launcher.errors.DevLauncherErrorActivity$_23690#0)
01-19 12:30:44.379   715   715 I SurfaceFlinger: operator()(), mtkRenderCntDebug 137681, screenshot (com.asktiba.Vault.dev/expo.modules.devlauncher.launcher.errors.DevLauncherErrorActivity$_23690#0)
01-19 12:30:45.892  1283  1518 E WifiVendorHal: getWifiLinkLayerStats_1_5_Internal(l.1191) failed {.code = ERROR_NOT_SUPPORTED, .description = }
01-19 12:30:45.944   715   715 I SurfaceFlinger: operator()(), mtkRenderCntDebug 137682, screenshot (com.asktiba.Vault.dev/expo.modules.devlauncher.launcher.errors.DevLauncherErrorActivity$_23690#0)
01-19 12:30:48.176   715   715 I SurfaceFlinger: operator()(), mtkRenderCntDebug 137683, screenshot (com.asktiba.Vault.dev/expo.modules.devlauncher.launcher.errors.DevLauncherErrorActivity$_23690#0)
01-19 12:30:48.910  1283  1518 E WifiVendorHal: getWifiLinkLayerStats_1_5_Internal(l.1191) failed {.code = ERROR_NOT_SUPPORTED, .description = }
01-19 12:30:49.273   715   715 I SurfaceFlinger: operator()(), mtkRenderCntDebug 137684, screenshot (com.asktiba.Vault.dev/expo.modules.devlauncher.launcher.errors.DevLauncherErrorActivity$_23690#0)
01-19 12:30:51.927  1283  1518 E WifiVendorHal: getWifiLinkLayerStats_1_5_Internal(l.1191) failed {.code = ERROR_NOT_SUPPORTED, .description = }
01-19 12:30:51.973   715   715 I SurfaceFlinger: operator()(), mtkRenderCntDebug 137685, screenshot (com.asktiba.Vault.dev/expo.modules.devlauncher.launcher.errors.DevLauncherErrorActivity$_23690#0)
01-19 12:30:54.945  1283  1518 E WifiVendorHal: getWifiLinkLayerStats_1_5_Internal(l.1191) failed {.code = ERROR_NOT_SUPPORTED, .description = }
01-19 12:30:54.988   715   715 I SurfaceFlinger: operator()(), mtkRenderCntDebug 137686, screenshot (com.asktiba.Vault.dev/expo.modules.devlauncher.launcher.errors.DevLauncherErrorActivity$_23690#0)
01-19 12:30:56.817   715   715 I SurfaceFlinger: operator()(), mtkRenderCntDebug 137687, screenshot (com.asktiba.Vault.dev/expo.modules.devlauncher.launcher.errors.DevLauncherErrorActivity$_23690#0)
01-19 12:30:56.871  2037  2232 I PdnController: isWifiConnected: [type: WIFI[], state: CONNECTED/CONNECTED, reason: (unspecified), extra: , failover: false, available: true, roaming: false]
01-19 12:30:56.874  2037  2232 I PdnController: isWifiConnected: [type: WIFI[], state: CONNECTED/CONNECTED, reason: (unspecified), extra: , failover: false, available: true, roaming: false]
01-19 12:30:56.876  2037  2232 I PdnController: isWifiConnected: [type: WIFI[], state: CONNECTED/CONNECTED, reason: (unspecified), extra: , failover: false, available: true, roaming: false]
01-19 12:30:56.897  2037  2232 I PdnController: isWifiConnected: [type: WIFI[], state: CONNECTED/CONNECTED, reason: (unspecified), extra: , failover: false, available: true, roaming: false]
01-19 12:30:56.917   715   715 I SurfaceFlinger: operator()(), mtkRenderCntDebug 137688, screenshot (com.asktiba.Vault.dev/expo.modules.devlauncher.launcher.errors.DevLauncherErrorActivity$_23690#0)
01-19 12:30:57.961  1283  1518 E WifiVendorHal: getWifiLinkLayerStats_1_5_Internal(l.1191) failed {.code = ERROR_NOT_SUPPORTED, .description = }
01-19 12:30:57.999   715   715 I SurfaceFlinger: operator()(), mtkRenderCntDebug 137689, screenshot (com.asktiba.Vault.dev/expo.modules.devlauncher.launcher.errors.DevLauncherErrorActivity$_23690#0)
01-19 12:30:58.083  1283  1300 W System  : A resource failed to call close. 
01-19 12:30:58.084  1283  1300 W System  : A resource failed to call close. 
01-19 12:30:58.088  1283  1300 W System  : A resource failed to call release. 
01-19 12:30:59.316   715   715 I SurfaceFlinger: operator()(), mtkRenderCntDebug 137690, screenshot (com.asktiba.Vault.dev/expo.modules.devlauncher.launcher.errors.DevLauncherErrorActivity$_23690#0)
01-19 12:31:00.130   715   715 I SurfaceFlinger: operator()(), mtkRenderCntDebug 137691, screenshot (com.asktiba.Vault.dev/expo.modules.devlauncher.launcher.errors.DevLauncherErrorActivity$_23690#0)
01-19 12:31:00.978  1283  1518 E WifiVendorHal: getWifiLinkLayerStats_1_5_Internal(l.1191) failed {.code = ERROR_NOT_SUPPORTED, .description = }
01-19 12:31:03.995  1283  1518 E WifiVendorHal: getWifiLinkLayerStats_1_5_Internal(l.1191) failed {.code = ERROR_NOT_SUPPORTED, .description = }
01-19 12:31:04.051   715   715 I SurfaceFlinger: operator()(), mtkRenderCntDebug 137692, screenshot (com.asktiba.Vault.dev/expo.modules.devlauncher.launcher.errors.DevLauncherErrorActivity$_23690#0)
01-19 12:31:07.012  1283  1518 E WifiVendorHal: getWifiLinkLayerStats_1_5_Internal(l.1191) failed {.code = ERROR_NOT_SUPPORTED, .description = }
01-19 12:31:07.063   715   715 I SurfaceFlinger: operator()(), mtkRenderCntDebug 137693, screenshot (com.asktiba.Vault.dev/expo.modules.devlauncher.launcher.errors.DevLauncherErrorActivity$_23690#0)
01-19 12:31:09.342   715   715 I SurfaceFlinger: operator()(), mtkRenderCntDebug 137694, screenshot (com.asktiba.Vault.dev/expo.modules.devlauncher.launcher.errors.DevLauncherErrorActivity$_23690#0)
01-19 12:31:10.030  1283  1518 E WifiVendorHal: getWifiLinkLayerStats_1_5_Internal(l.1191) failed {.code = ERROR_NOT_SUPPORTED, .description = }
01-19 12:31:13.050  1283  1518 E WifiVendorHal: getWifiLinkLayerStats_1_5_Internal(l.1191) failed {.code = ERROR_NOT_SUPPORTED, .description = }
01-19 12:31:13.806   715   715 I SurfaceFlinger: operator()(), mtkRenderCntDebug 137695, screenshot (com.asktiba.Vault.dev/expo.modules.devlauncher.launcher.errors.DevLauncherErrorActivity$_23690#0)
01-19 12:31:14.576  2037  2232 I PdnController: isWifiConnected: [type: WIFI[], state: CONNECTED/CONNECTED, reason: (unspecified), extra: , failover: false, available: true, roaming: false]
01-19 12:31:14.578  2037  2232 I PdnController: isWifiConnected: [type: WIFI[], state: CONNECTED/CONNECTED, reason: (unspecified), extra: , failover: false, available: true, roaming: false]
01-19 12:31:14.580  2037  2232 I PdnController: isWifiConnected: [type: WIFI[], state: CONNECTED/CONNECTED, reason: (unspecified), extra: , failover: false, available: true, roaming: false]
01-19 12:31:14.604  2037  2232 I PdnController: isWifiConnected: [type: WIFI[], state: CONNECTED/CONNECTED, reason: (unspecified), extra: , failover: false, available: true, roaming: false]
01-19 12:31:16.066  1283  1518 E WifiVendorHal: getWifiLinkLayerStats_1_5_Internal(l.1191) failed {.code = ERROR_NOT_SUPPORTED, .description = }
01-19 12:31:19.082  1283  1518 E WifiVendorHal: getWifiLinkLayerStats_1_5_Internal(l.1191) failed {.code = ERROR_NOT_SUPPORTED, .description = }
01-19 12:31:19.122   715   715 I SurfaceFlinger: operator()(), mtkRenderCntDebug 137696, screenshot (com.asktiba.Vault.dev/expo.modules.devlauncher.launcher.errors.DevLauncherErrorActivity$_23690#0)
01-19 12:31:19.384   715   715 I SurfaceFlinger: operator()(), mtkRenderCntDebug 137697, screenshot (com.asktiba.Vault.dev/expo.modules.devlauncher.launcher.errors.DevLauncherErrorActivity$_23690#0)
01-19 12:31:19.617   715   715 I SurfaceFlinger: operator()(), mtkRenderCntDebug 137698, screenshot (com.asktiba.Vault.dev/expo.modules.devlauncher.launcher.errors.DevLauncherErrorActivity$_23690#0)
01-19 12:31:22.097  1283  1518 E WifiVendorHal: getWifiLinkLayerStats_1_5_Internal(l.1191) failed {.code = ERROR_NOT_SUPPORTED, .description = }
01-19 12:31:22.150   715   715 I SurfaceFlinger: operator()(), mtkRenderCntDebug 137699, screenshot (com.asktiba.Vault.dev/expo.modules.devlauncher.launcher.errors.DevLauncherErrorActivity$_23690#0)
01-19 12:31:25.115  1283  1518 E WifiVendorHal: getWifiLinkLayerStats_1_5_Internal(l.1191) failed {.code = ERROR_NOT_SUPPORTED, .description = }
01-19 12:31:28.133  1283  1518 E WifiVendorHal: getWifiLinkLayerStats_1_5_Internal(l.1191) failed {.code = ERROR_NOT_SUPPORTED, .description = }
01-19 12:31:29.410   715   715 I SurfaceFlinger: operator()(), mtkRenderCntDebug 137700, screenshot (com.asktiba.Vault.dev/expo.modules.devlauncher.launcher.errors.DevLauncherErrorActivity$_23690#0)
01-19 12:31:31.151  1283  1518 E WifiVendorHal: getWifiLinkLayerStats_1_5_Internal(l.1191) failed {.code = ERROR_NOT_SUPPORTED, .description = }
01-19 12:31:31.196   715   715 I SurfaceFlinger: operator()(), mtkRenderCntDebug 137701, screenshot (com.asktiba.Vault.dev/expo.modules.devlauncher.launcher.errors.DevLauncherErrorActivity$_23690#0)
01-19 12:31:34.167  1283  1518 E WifiVendorHal: getWifiLinkLayerStats_1_5_Internal(l.1191) failed {.code = ERROR_NOT_SUPPORTED, .description = }
01-19 12:31:34.210   715   715 I SurfaceFlinger: operator()(), mtkRenderCntDebug 137702, screenshot (com.asktiba.Vault.dev/expo.modules.devlauncher.launcher.errors.DevLauncherErrorActivity$_23690#0)
01-19 12:31:37.186  1283  1518 E WifiVendorHal: getWifiLinkLayerStats_1_5_Internal(l.1191) failed {.code = ERROR_NOT_SUPPORTED, .description = }
01-19 12:31:38.874   715   715 I SurfaceFlinger: operator()(), mtkRenderCntDebug 137703, screenshot (com.asktiba.Vault.dev/expo.modules.devlauncher.launcher.errors.DevLauncherErrorActivity$_23690#0)
01-19 12:31:38.975   715   715 I SurfaceFlinger: operator()(), mtkRenderCntDebug 137704, screenshot (com.asktiba.Vault.dev/expo.modules.devlauncher.launcher.errors.DevLauncherErrorActivity$_23690#0)
01-19 12:31:39.359  2037  2232 I PdnController: isWifiConnected: [type: WIFI[], state: CONNECTED/CONNECTED, reason: (unspecified), extra: , failover: false, available: true, roaming: false]
01-19 12:31:39.361  2037  2232 I PdnController: isWifiConnected: [type: WIFI[], state: CONNECTED/CONNECTED, reason: (unspecified), extra: , failover: false, available: true, roaming: false]
01-19 12:31:39.363  2037  2232 I PdnController: isWifiConnected: [type: WIFI[], state: CONNECTED/CONNECTED, reason: (unspecified), extra: , failover: false, available: true, roaming: false]
01-19 12:31:39.388  2037  2232 I PdnController: isWifiConnected: [type: WIFI[], state: CONNECTED/CONNECTED, reason: (unspecified), extra: , failover: false, available: true, roaming: false]
01-19 12:31:39.452   715   715 I SurfaceFlinger: operator()(), mtkRenderCntDebug 137705, screenshot (com.asktiba.Vault.dev/expo.modules.devlauncher.launcher.errors.DevLauncherErrorActivity$_23690#0)
01-19 12:31:40.205  1283  1518 E WifiVendorHal: getWifiLinkLayerStats_1_5_Internal(l.1191) failed {.code = ERROR_NOT_SUPPORTED, .description = }
01-19 12:31:40.253   715   715 I SurfaceFlinger: operator()(), mtkRenderCntDebug 137706, screenshot (com.asktiba.Vault.dev/expo.modules.devlauncher.launcher.errors.DevLauncherErrorActivity$_23690#0)
01-19 12:31:41.320   715   715 I SurfaceFlinger: operator()(), mtkRenderCntDebug 137707, screenshot (com.asktiba.Vault.dev/expo.modules.devlauncher.launcher.errors.DevLauncherErrorActivity$_23690#0)
01-19 12:31:43.223  1283  1518 E WifiVendorHal: getWifiLinkLayerStats_1_5_Internal(l.1191) failed {.code = ERROR_NOT_SUPPORTED, .description = }
01-19 12:31:43.269   715   715 I SurfaceFlinger: operator()(), mtkRenderCntDebug 137708, screenshot (com.asktiba.Vault.dev/expo.modules.devlauncher.launcher.errors.DevLauncherErrorActivity$_23690#0)
01-19 12:31:46.239  1283  1518 E WifiVendorHal: getWifiLinkLayerStats_1_5_Internal(l.1191) failed {.code = ERROR_NOT_SUPPORTED, .description = }
01-19 12:31:46.285   715   715 I SurfaceFlinger: operator()(), mtkRenderCntDebug 137709, screenshot (com.asktiba.Vault.dev/expo.modules.devlauncher.launcher.errors.DevLauncherErrorActivity$_23690#0)
01-19 12:31:49.258  1283  1518 E WifiVendorHal: getWifiLinkLayerStats_1_5_Internal(l.1191) failed {.code = ERROR_NOT_SUPPORTED, .description = }
01-19 12:31:49.299   715   715 I SurfaceFlinger: operator()(), mtkRenderCntDebug 137710, screenshot (com.asktiba.Vault.dev/expo.modules.devlauncher.launcher.errors.DevLauncherErrorActivity$_23690#0)
01-19 12:31:49.496   715   715 I SurfaceFlinger: operator()(), mtkRenderCntDebug 137711, screenshot (com.asktiba.Vault.dev/expo.modules.devlauncher.launcher.errors.DevLauncherErrorActivity$_23690#0)
01-19 12:31:52.276  1283  1518 E WifiVendorHal: getWifiLinkLayerStats_1_5_Internal(l.1191) failed {.code = ERROR_NOT_SUPPORTED, .description = }
01-19 12:31:55.295  1283  1518 E WifiVendorHal: getWifiLinkLayerStats_1_5_Internal(l.1191) failed {.code = ERROR_NOT_SUPPORTED, .description = }
01-19 12:31:55.347   715   715 I SurfaceFlinger: operator()(), mtkRenderCntDebug 137712, screenshot (com.asktiba.Vault.dev/expo.modules.devlauncher.launcher.errors.DevLauncherErrorActivity$_23690#0)
01-19 12:31:58.146  2037  2232 I PdnController: isWifiConnected: [type: WIFI[], state: CONNECTED/CONNECTED, reason: (unspecified), extra: , failover: false, available: true, roaming: false]
01-19 12:31:58.149  2037  2232 I PdnController: isWifiConnected: [type: WIFI[], state: CONNECTED/CONNECTED, reason: (unspecified), extra: , failover: false, available: true, roaming: false]
01-19 12:31:58.151  2037  2232 I PdnController: isWifiConnected: [type: WIFI[], state: CONNECTED/CONNECTED, reason: (unspecified), extra: , failover: false, available: true, roaming: false]
01-19 12:31:58.175  2037  2232 I PdnController: isWifiConnected: [type: WIFI[], state: CONNECTED/CONNECTED, reason: (unspecified), extra: , failover: false, available: true, roaming: false]
01-19 12:31:58.312  1283  1518 E WifiVendorHal: getWifiLinkLayerStats_1_5_Internal(l.1191) failed {.code = ERROR_NOT_SUPPORTED, .description = }
01-19 12:31:58.343  1283  1348 E KernelCpuSpeedReader: Failed to read cpu-freq: /sys/devices/system/cpu/cpu4/cpufreq/stats/time_in_state: open failed: ENOENT (No such file or directory)
01-19 12:31:58.345  1283  1348 E KernelCpuSpeedReader: Failed to read cpu-freq: /sys/devices/system/cpu/cpu0/cpufreq/stats/time_in_state: open failed: ENOENT (No such file or directory)
01-19 12:31:58.355   715   715 I SurfaceFlinger: operator()(), mtkRenderCntDebug 137713, screenshot (com.asktiba.Vault.dev/expo.modules.devlauncher.launcher.errors.DevLauncherErrorActivity$_23690#0)
01-19 12:31:58.368   478   484 E android.system.suspend@1.0-service: Error opening event_count for wakeup28: Original kwl [Path]=../../devices/platform/i2c@30/i2c-30/30-0021/wakeup/wakeup28: Permission denied
01-19 12:31:58.396   478   484 E android.system.suspend@1.0-service: Error opening event_count for wakeup26: Original kwl [Path]=../../devices/platform/i2c@30/i2c-30/30-0020/wakeup/wakeup26: Permission denied
01-19 12:31:58.418   478   484 E android.system.suspend@1.0-service: Error opening event_count for wakeup24: Original kwl [Path]=../../devices/platform/3.gw3x/wakeup/wakeup24: Permission denied
01-19 12:31:58.487   478   484 E android.system.suspend@1.0-service: Error opening event_count for wakeup29: Original kwl [Path]=../../devices/platform/i2c@30/i2c-30/30-0021/wakeup/wakeup29: Permission denied
01-19 12:31:58.529   478   484 E android.system.suspend@1.0-service: Error opening event_count for wakeup27: Original kwl [Path]=../../devices/platform/i2c@30/i2c-30/30-0020/wakeup/wakeup27: Permission denied
01-19 12:31:58.553   478   484 E android.system.suspend@1.0-service: Error opening event_count for wakeup25: Original kwl [Path]=../../devices/platform/3.gw3x/wakeup/wakeup25: Permission denied
01-19 12:31:58.604   715   715 I SurfaceFlinger: operator()(), mtkRenderCntDebug 137714, screenshot (com.asktiba.Vault.dev/expo.modules.devlauncher.launcher.errors.DevLauncherErrorActivity$_23690#0)
01-19 12:31:58.705   715   715 I SurfaceFlinger: operator()(), mtkRenderCntDebug 137715, screenshot (com.asktiba.Vault.dev/expo.modules.devlauncher.launcher.errors.DevLauncherErrorActivity$_23690#0)
01-19 12:31:59.521   715   715 I SurfaceFlinger: operator()(), mtkRenderCntDebug 137716, screenshot (com.asktiba.Vault.dev/expo.modules.devlauncher.launcher.errors.DevLauncherErrorActivity$_23690#0)
01-19 12:32:00.103   715   715 I SurfaceFlinger: operator()(), mtkRenderCntDebug 137717, screenshot (com.asktiba.Vault.dev/expo.modules.devlauncher.launcher.errors.DevLauncherErrorActivity$_23690#0)
01-19 12:32:01.325  1283  1518 E WifiVendorHal: getWifiLinkLayerStats_1_5_Internal(l.1191) failed {.code = ERROR_NOT_SUPPORTED, .description = }
01-19 12:32:01.558 23690 23690 I ViewRootImpl@8b0ccfe[DevLauncherErrorActivity]: ViewPostIme pointer 0
01-19 12:32:01.571  2182  2182 I RecentsView: onGestureAnimationStart, runningTaskInfo : TaskInfo{userId=0 taskId=5047 displayId=0 isRunning=true baseIntent=Intent { act=android.intent.action.VIEW dat=exp+vault://expo-development-client/?url=http://192.168.1.26:8081 flg=0x10000000 cmp=com.asktiba.Vault.dev/.MainActivity } baseActivity=ComponentInfo{com.asktiba.Vault.dev/expo.modules.devlauncher.launcher.errors.DevLauncherErrorActivity} topActivity=ComponentInfo{com.asktiba.Vault.dev/expo.modules.devlauncher.launcher.errors.DevLauncherErrorActivity} origActivity=null realActivity=ComponentInfo{com.asktiba.Vault.dev/com.asktiba.Vault.dev.MainActivity} numActivities=1 lastActiveTime=62593709 supportsSplitScreenMultiWindow=true supportsMultiWindow=true resizeMode=1 isResizeable=true token=WCT{android.window.IWindowContainerToken$Stub$Proxy@2d136b9} topActivityType=1 pictureInPictureParams=PictureInPictureParams( aspectRatio=null sourceRectHint=null hasSetActions=false isAutoPipEnabled=false isSeamlessResizeEnabled=true) displayCutoutSafeInsets=Rect(0, 45 - 0, 0) topActivityInfo=ActivityInfo{dd6dafe expo.modules.devlauncher.launcher.errors.DevLauncherErrorActivity} launchCookies=[] positionInParent=Point(0, 0) parentTaskId=-1 isFocused=true isVisible=true topActivityInSizeCompat=false locusId= null topLaunchHome=false launchSplitWindowingMode=0 isPairTask=false pairedTaskIds=[] pairWindowingMode=0 pairDockSide=0 isAnimatingByRecent=false originallySupportedSplitScreen=true isAnimatingFreeformToFullscreen=false topActivityInFixedAspectRatio=false isTopTransparentActivity=false}
01-19 12:32:01.574  2182  2182 I RecentsView: showCurrentTask : TaskInfo{userId=0 taskId=5047 displayId=0 isRunning=true baseIntent=Intent { act=android.intent.action.VIEW dat=exp+vault://expo-development-client/?url=http://192.168.1.26:8081 flg=0x10000000 cmp=com.asktiba.Vault.dev/.MainActivity } baseActivity=ComponentInfo{com.asktiba.Vault.dev/expo.modules.devlauncher.launcher.errors.DevLauncherErrorActivity} topActivity=ComponentInfo{com.asktiba.Vault.dev/expo.modules.devlauncher.launcher.errors.DevLauncherErrorActivity} origActivity=null realActivity=ComponentInfo{com.asktiba.Vault.dev/com.asktiba.Vault.dev.MainActivity} numActivities=1 lastActiveTime=62593709 supportsSplitScreenMultiWindow=true supportsMultiWindow=true resizeMode=1 isResizeable=true token=WCT{android.window.IWindowContainerToken$Stub$Proxy@2d136b9} topActivityType=1 pictureInPictureParams=PictureInPictureParams( aspectRatio=null sourceRectHint=null hasSetActions=false isAutoPipEnabled=false isSeamlessResizeEnabled=true) displayCutoutSafeInsets=Rect(0, 45 - 0, 0) topActivityInfo=ActivityInfo{dd6dafe expo.modules.devlauncher.launcher.errors.DevLauncherErrorActivity} launchCookies=[] positionInParent=Point(0, 0) parentTaskId=-1 isFocused=true isVisible=true topActivityInSizeCompat=false locusId= null topLaunchHome=false launchSplitWindowingMode=0 isPairTask=false pairedTaskIds=[] pairWindowingMode=0 pairDockSide=0 isAnimatingByRecent=false originallySupportedSplitScreen=true isAnimatingFreeformToFullscreen=false topActivityInFixedAspectRatio=false isTopTransparentActivity=false}
01-19 12:32:01.604   715   715 D SurfaceFlinger:      DEVICE | 0xb40000780ec5c4c0 | 0102 | RGBA_8888    |    0.0    0.0  720.0 1600.0 |    0    0  720 1600 | com.asktiba.Vault.dev/expo.modules.d[...]rs.DevLauncherErrorActivity$_23690#0
01-19 12:32:01.620  2182  2182 E libprocessgroup: set_timerslack_ns write failed: Operation not permitted
01-19 12:32:01.656  1283  1326 D WindowManager: requestTransientBars: swipeTarget=Window{d97776d u0 NavigationBar0}, controlTarget=Window{20dacbc u0 com.asktiba.Vault.dev/expo.modules.devlauncher.launcher.errors.DevLauncherErrorActivity}, canShowTransient=false, restorePositionTypes=0x3, from=com.android.server.wm.DisplayPolicy.access$100:227 com.android.server.wm.DisplayPolicy$1.onSwipeFromBottom:581 
01-19 12:32:01.691  1283  3635 I InputDispatcher: Monitor swipe-up (server) is stealing touch from [20dacbc com.asktiba.Vault.dev/expo.modules.devlauncher.launcher.errors.DevLauncherErrorActivity (server), ]
01-19 12:32:01.691  2182  2182 I RecentsView: onGestureAnimationStart, runningTaskInfo : TaskInfo{userId=0 taskId=5047 displayId=0 isRunning=true baseIntent=Intent { act=android.intent.action.VIEW dat=exp+vault://expo-development-client/?url=http://192.168.1.26:8081 flg=0x10000000 cmp=com.asktiba.Vault.dev/.MainActivity } baseActivity=ComponentInfo{com.asktiba.Vault.dev/expo.modules.devlauncher.launcher.errors.DevLauncherErrorActivity} topActivity=ComponentInfo{com.asktiba.Vault.dev/expo.modules.devlauncher.launcher.errors.DevLauncherErrorActivity} origActivity=null realActivity=ComponentInfo{com.asktiba.Vault.dev/com.asktiba.Vault.dev.MainActivity} numActivities=1 lastActiveTime=62593709 supportsSplitScreenMultiWindow=true supportsMultiWindow=true resizeMode=1 isResizeable=true token=WCT{android.window.IWindowContainerToken$Stub$Proxy@2d136b9} topActivityType=1 pictureInPictureParams=PictureInPictureParams( aspectRatio=null sourceRectHint=null hasSetActions=false isAutoPipEnabled=false isSeamlessResizeEnabled=true) displayCutoutSafeInsets=Rect(0, 45 - 0, 0) topActivityInfo=ActivityInfo{dd6dafe expo.modules.devlauncher.launcher.errors.DevLauncherErrorActivity} launchCookies=[] positionInParent=Point(0, 0) parentTaskId=-1 isFocused=true isVisible=true topActivityInSizeCompat=false locusId= null topLaunchHome=false launchSplitWindowingMode=0 isPairTask=false pairedTaskIds=[] pairWindowingMode=0 pairDockSide=0 isAnimatingByRecent=false originallySupportedSplitScreen=true isAnimatingFreeformToFullscreen=false topActivityInFixedAspectRatio=false isTopTransparentActivity=false}
01-19 12:32:01.692  2182  2182 I RecentsView: showCurrentTask : TaskInfo{userId=0 taskId=5047 displayId=0 isRunning=true baseIntent=Intent { act=android.intent.action.VIEW dat=exp+vault://expo-development-client/?url=http://192.168.1.26:8081 flg=0x10000000 cmp=com.asktiba.Vault.dev/.MainActivity } baseActivity=ComponentInfo{com.asktiba.Vault.dev/expo.modules.devlauncher.launcher.errors.DevLauncherErrorActivity} topActivity=ComponentInfo{com.asktiba.Vault.dev/expo.modules.devlauncher.launcher.errors.DevLauncherErrorActivity} origActivity=null realActivity=ComponentInfo{com.asktiba.Vault.dev/com.asktiba.Vault.dev.MainActivity} numActivities=1 lastActiveTime=62593709 supportsSplitScreenMultiWindow=true supportsMultiWindow=true resizeMode=1 isResizeable=true token=WCT{android.window.IWindowContainerToken$Stub$Proxy@2d136b9} topActivityType=1 pictureInPictureParams=PictureInPictureParams( aspectRatio=null sourceRectHint=null hasSetActions=false isAutoPipEnabled=false isSeamlessResizeEnabled=true) displayCutoutSafeInsets=Rect(0, 45 - 0, 0) topActivityInfo=ActivityInfo{dd6dafe expo.modules.devlauncher.launcher.errors.DevLauncherErrorActivity} launchCookies=[] positionInParent=Point(0, 0) parentTaskId=-1 isFocused=true isVisible=true topActivityInSizeCompat=false locusId= null topLaunchHome=false launchSplitWindowingMode=0 isPairTask=false pairedTaskIds=[] pairWindowingMode=0 pairDockSide=0 isAnimatingByRecent=false originallySupportedSplitScreen=true isAnimatingFreeformToFullscreen=false topActivityInFixedAspectRatio=false isTopTransparentActivity=false}
01-19 12:32:01.699 24072 24072 W System.err: android.app.ActivityManager No method java.lang.NoSuchMethodException: android.app.ActivityManager.getRecentTasksForUser [int, int, int]
01-19 12:32:01.700 24072 24072 W System.err: android.app.ActivityManager No method java.lang.NoSuchMethodException: android.app.ActivityManager.getRecentTasksForUser [int, int, int]
01-19 12:32:01.707   715   715 D SurfaceFlinger:      CLIENT | 0xb40000780ec5c4c0 | 0102 | RGBA_8888    |    0.0    0.0  720.0 1600.0 |    0    0  720 1600 | com.asktiba.Vault.dev/expo.modules.d[...]rs.DevLauncherErrorActivity$_23690#0
01-19 12:32:01.716  1283  3590 D InputDispatcher: Focus left window (0): 20dacbc com.asktiba.Vault.dev/expo.modules.devlauncher.launcher.errors.DevLauncherErrorActivity
01-19 12:32:01.719 23690 23690 I ViewRootImpl@8b0ccfe[DevLauncherErrorActivity]: MSG_WINDOW_FOCUS_CHANGED 0 1
01-19 12:32:01.721  1283  1325 E libperflog: [LIBPERFLOG] socket_local_client fail = -1
01-19 12:32:01.724   715   715 D SurfaceFlinger:      CLIENT | 0xb40000780ec5c4c0 | 0102 | RGBA_8888    |    0.0    0.0  720.0 1600.0 |    0    0  720 1600 | com.asktiba.Vault.dev/expo.modules.d[...]rs.DevLauncherErrorActivity$_23690#0
01-19 12:32:01.728  2182  2182 E libprocessgroup: set_timerslack_ns write failed: Operation not permitted
01-19 12:32:01.792  1283 24304 E VibratorController: sehSetFrequencyType command failed(2).
01-19 12:32:02.956   715   715 I SurfaceFlinger: operator()(), mtkRenderCntDebug 137718, screenshot (com.asktiba.Vault.dev/expo.modules.devlauncher.launcher.errors.DevLauncherErrorActivity$_23690#0)
01-19 12:32:03.012  1283  3635 V WindowManager: Changing focus from Window{20dacbc u0 com.asktiba.Vault.dev/expo.modules.devlauncher.launcher.errors.DevLauncherErrorActivity} to Window{73b41d6 u0 com.sec.android.app.launcher/com.sec.android.app.launcher.activities.LauncherActivity} displayId=0 Callers=com.android.server.wm.RootWindowContainer.updateFocusedWindowLocked:583 com.android.server.wm.WindowManagerService.updateFocusedWindowLocked:6484 com.android.server.wm.DisplayContent.layoutAndAssignWindowLayersIfNeeded:4693 com.android.server.wm.TaskDisplayArea.positionChildTaskAt:560 
01-19 12:32:03.047  1283  3635 V WindowManager: Setting visibility of Window{20dacbc u0 com.asktiba.Vault.dev/expo.modules.devlauncher.launcher.errors.DevLauncherErrorActivity}: false, caller=com.android.server.wm.WindowContainer.sendAppVisibilityToClients:1110 com.android.server.wm.WindowToken.setClientVisible:448 com.android.server.wm.ActivityRecord.setClientVisible:7040 com.android.server.wm.ActivityRecord.onAnimationFinished:7927 com.android.server.wm.ActivityRecord.postApplyAnimation:5604 
01-19 12:32:03.064 23690 23690 I ViewRootImpl@8b0ccfe[DevLauncherErrorActivity]: handleAppVisibility mAppVisible=true visible=false
01-19 12:32:03.066 23690 23690 I ViewRootImpl@8b0ccfe[DevLauncherErrorActivity]: stopped(true) old=false
01-19 12:32:03.084 23690 24239 I BufferQueueProducer: [ViewRootImpl@8b0ccfe[DevLauncherErrorActivity]#1(BLAST Consumer)1](id:5c8a00000001,api:1,p:23690,c:23690) disconnect: api 1
01-19 12:32:03.085 23690 24239 I BLASTBufferQueue: [ViewRootImpl@8b0ccfe[DevLauncherErrorActivity]#1] destructor()
01-19 12:32:03.085 23690 24239 I BufferQueueConsumer: [ViewRootImpl@8b0ccfe[DevLauncherErrorActivity]#1(BLAST Consumer)1](id:5c8a00000001,api:0,p:-1,c:23690) disconnect
01-19 12:32:03.090  1283 10387 V WindowManager: Relayout Window{20dacbc u0 com.asktiba.Vault.dev/expo.modules.devlauncher.launcher.errors.DevLauncherErrorActivity}: viewVisibility=8 req=720x1600 d0
01-19 12:32:03.103 23690 23690 I ViewRootImpl@8b0ccfe[DevLauncherErrorActivity]: Relayout returned: old=(0,0,720,1600) new=(0,0,720,1600) req=(720,1600)8 dur=12 res=0x5 s={false 0} ch=false fn=-1
01-19 12:32:03.111  1283  3604 E WindowManager: win=Window{20dacbc u0 com.asktiba.Vault.dev/expo.modules.devlauncher.launcher.errors.DevLauncherErrorActivity} destroySurfaces: appStopped=true win.mWindowRemovalAllowed=false win.mRemoveOnExit=false win.mViewVisibility=8 caller=com.android.server.wm.ActivityRecord.destroySurfaces:5873 com.android.server.wm.ActivityRecord.destroySurfaces:5854 com.android.server.wm.ActivityRecord.notifyAppStopped:5918 com.android.server.wm.ActivityRecord.activityStopped:6560 com.android.server.wm.ActivityClientController.activityStopped:265 android.app.IActivityClientController$Stub.onTransact:596 com.android.server.wm.ActivityClientController.onTransact:141 
01-19 12:32:03.112  1283  3604 I WindowManager: Destroying surface Surface(name=com.asktiba.Vault.dev/expo.modules.devlauncher.launcher.errors.DevLauncherErrorActivity$_23690)/@0x2484dc called by com.android.server.wm.WindowStateAnimator.destroySurface:987 com.android.server.wm.WindowStateAnimator.destroySurfaceLocked:518 com.android.server.wm.WindowState.destroySurfaceUnchecked:4239 com.android.server.wm.WindowState.destroySurface:4213 com.android.server.wm.ActivityRecord.destroySurfaces:5873 com.android.server.wm.ActivityRecord.destroySurfaces:5854 com.android.server.wm.ActivityRecord.notifyAppStopped:5918 com.android.server.wm.ActivityRecord.activityStopped:6560 
01-19 12:32:03.114   715   715 I Layer   : id=6350 removedFromDrawingState com.asktiba.Vault.dev/expo.modules.devlauncher.launcher.errors.DevLauncherErrorActivity$_23690#0 (131)
01-19 12:32:03.126   715  1129 I SurfaceFlinger: id=6350 Removed com.asktiba.Vault.dev/expo.modules.devlauncher.launcher.errors.DevLauncherErrorActivity$_23690#0 (130)
01-19 12:32:03.130   715   715 I BufferQueueDebug: [com.asktiba.Vault.dev/expo.modules.devlauncher.launcher.errors.DevLauncherErrorActivity$_23690#0](this:0xb4000077eba97948,id:-1,api:0,p:-1,c:715) onDestructor()
01-19 12:32:03.131   715   715 I Layer   : id=6350 Destroyed com.asktiba.Vault.dev/expo.modules.devlauncher.launcher.errors.DevLauncherErrorActivity$_23690#0
01-19 12:32:03.155  2182  2182 E libprocessgroup: set_timerslack_ns write failed: Operation not permitted
01-19 12:32:03.160  1283  1334 E libperflog: [LIBPERFLOG] socket_local_client fail = -1
01-19 12:32:03.180  1283  1334 E libperflog: [LIBPERFLOG] socket_local_client fail = -1
01-19 12:32:03.195  1283  1334 E libperflog: [LIBPERFLOG] socket_local_client fail = -1
01-19 12:32:03.206  1283  1334 E libperflog: [LIBPERFLOG] socket_local_client fail = -1
01-19 12:32:03.220  2182  2182 E libprocessgroup: set_timerslack_ns write failed: Operation not permitted
01-19 12:32:03.373   715   804 I SurfaceFlinger: id=6353 Removed Surface(name=20dacbc com.asktiba.Vault.dev/expo.modules.devlauncher.launcher.errors.DevLauncherErrorActivity)/@0xcb00366 - animation-leash of starting_reveal#0 (128)
01-19 12:32:03.380   715   715 I Layer   : id=6353 Destroyed Surface(name=20dacbc com.asktiba.Vault.dev/expo.modules.devlauncher.launcher.errors.DevLauncherErrorActivity)/@0xcb00366 - animation-leash of starting_reveal#0
01-19 12:32:03.417  1715  1731 W System  : A resource failed to call close. 
01-19 12:32:03.421  1715  1731 W System  : A resource failed to call close. 
01-19 12:32:03.422  1715  1731 W System  : A resource failed to call close. 
01-19 12:32:03.426  1715  1731 W System  : A resource failed to call close. 
01-19 12:32:03.426  1715  1731 W System  : A resource failed to call release. 
01-19 12:32:03.427  1715  1731 W System  : A resource failed to call release. 
01-19 12:32:03.427  1715  1731 W System  : A resource failed to call close. 
01-19 12:32:03.428  1715  1731 W System  : A resource failed to call close. 
01-19 12:32:03.433  1715  1731 W System  : A resource failed to call release. 
01-19 12:32:03.436  1715  1731 W System  : A resource failed to call release. 
01-19 12:32:03.437  1715  1731 W System  : A resource failed to call release. 
01-19 12:32:03.438  1715  1731 W System  : A resource failed to call release. 
01-19 12:32:03.438  1715  1731 W System  : A resource failed to call release. 
01-19 12:32:03.439  1715  1731 W System  : A resource failed to call release. 
01-19 12:32:03.449  1715  1731 W System  : A resource failed to call release. 
01-19 12:32:03.681  3516  3848 E libperflog: [LIBPERFLOG] socket_local_client fail = -1
01-19 12:32:03.871  1283  1598 D SemWifiSwitchForIndividualAppsService: isPackageException - result:1, com.sec.android.app.launcher
01-19 12:32:04.345  1283  1518 E WifiVendorHal: getWifiLinkLayerStats_1_5_Internal(l.1191) failed {.code = ERROR_NOT_SUPPORTED, .description = }
01-19 12:32:04.545  3516  3848 E libperflog: [LIBPERFLOG] socket_local_client fail = -1
01-19 12:32:07.364  1283  1518 E WifiVendorHal: getWifiLinkLayerStats_1_5_Internal(l.1191) failed {.code = ERROR_NOT_SUPPORTED, .description = }
01-19 12:32:08.732  2037  2232 I PdnController: isWifiConnected: [type: WIFI[], state: CONNECTED/CONNECTED, reason: (unspecified), extra: , failover: false, available: true, roaming: false]
01-19 12:32:08.734  2037  2232 I PdnController: isWifiConnected: [type: WIFI[], state: CONNECTED/CONNECTED, reason: (unspecified), extra: , failover: false, available: true, roaming: false]
01-19 12:32:08.737  2037  2232 I PdnController: isWifiConnected: [type: WIFI[], state: CONNECTED/CONNECTED, reason: (unspecified), extra: , failover: false, available: true, roaming: false]
01-19 12:32:08.758  2037  2232 I PdnController: isWifiConnected: [type: WIFI[], state: CONNECTED/CONNECTED, reason: (unspecified), extra: , failover: false, available: true, roaming: false]
01-19 12:32:10.378  1283  1518 E WifiVendorHal: getWifiLinkLayerStats_1_5_Internal(l.1191) failed {.code = ERROR_NOT_SUPPORTED, .description = }
01-19 12:32:11.395 24072 24072 W System.err: android.app.ActivityManager No method java.lang.NoSuchMethodException: android.app.ActivityManager.getRecentTasksForUser [int, int, int]
01-19 12:32:11.397 24072 24072 W System.err: android.app.ActivityManager No method java.lang.NoSuchMethodException: android.app.ActivityManager.getRecentTasksForUser [int, int, int]
01-19 12:32:11.488  1283 24318 E VibratorController: sehSetFrequencyType command failed(2).
01-19 12:32:12.528 24072 24072 W System.err: android.app.ActivityManager No method java.lang.NoSuchMethodException: android.app.ActivityManager.getRecentTasksForUser [int, int, int]
01-19 12:32:12.530 24072 24072 W System.err: android.app.ActivityManager No method java.lang.NoSuchMethodException: android.app.ActivityManager.getRecentTasksForUser [int, int, int]
01-19 12:32:12.965  1283 24321 E VibratorController: sehSetFrequencyType command failed(2).
01-19 12:32:13.388  1283  1518 E WifiVendorHal: getWifiLinkLayerStats_1_5_Internal(l.1191) failed {.code = ERROR_NOT_SUPPORTED, .description = }
01-19 12:32:13.690  3516  3848 E libperflog: [LIBPERFLOG] socket_local_client fail = -1
01-19 12:32:14.448  1283  1632 I WindowManager: WIN DEATH: Window{20dacbc u0 com.asktiba.Vault.dev/expo.modules.devlauncher.launcher.errors.DevLauncherErrorActivity}
01-19 12:32:14.448  1283  1632 W InputManager-JNI: Input channel object '20dacbc com.asktiba.Vault.dev/expo.modules.devlauncher.launcher.errors.DevLauncherErrorActivity (client)' was disposed without first being removed with the input manager!
01-19 12:32:14.450  1283  2789 D PkgPredictorService-IpmNapPreloadController: app:0_&_com.sec.android.app.camera die, remove from <launchTime:2025-01-19 12:30:43 hour:12 day:1 previous:[com.asktiba.Vault.dev, com.sec.android.app.camera, com.asktiba.Vault.preview] running:com.asktiba.Vault.dev/expo.modules.devlauncher.launcher.errors.DevLauncherErrorActivity apkVersion:1.0.0 userId:0 screenOrientation:1 wifi:3 bt:0 predictTime:3 launching Time:12096 predicted:false prediction:[0_&_com.sec.android.app.camera, 0_&_com.whatsapp, 0_&_com.sec.android.app.myfiles] preloaded:false preloading:[0_&_com.sec.android.app.camera, 0_&_com.whatsapp, 0_&_com.sec.android.app.myfiles]>
01-19 12:32:14.455   715   715 I Layer   : id=6349 removedFromDrawingState 20dacbc com.asktiba.Vault.dev/expo.modules.devlauncher.launcher.errors.DevLauncherErrorActivity#0 (117)
01-19 12:32:14.455   715   715 I SurfaceFlinger: id=6349 Removed 20dacbc com.asktiba.Vault.dev/expo.modules.devlauncher.launcher.errors.DevLauncherErrorActivity#0 (117)
01-19 12:32:14.456   715   715 E BpTransactionCompletedListener: Failed to transact (-32)
01-19 12:32:14.458   715   715 I Layer   : id=6349 Destroyed 20dacbc com.asktiba.Vault.dev/expo.modules.devlauncher.launcher.errors.DevLauncherErrorActivity#0
01-19 12:32:14.479  1283  2261 I ActivityTaskManager: Removing activity ActivityRecord{19489bf u0 com.asktiba.Vault.dev/expo.modules.devlauncher.launcher.errors.DevLauncherErrorActivity t5047 f}}(appDied)  from stack callers=com.android.server.wm.ActivityRecord.handleAppDied:4292 com.android.server.wm.WindowProcessController.handleAppDied:1297 com.android.server.wm.ActivityTaskManagerService$LocalService.handleAppDied:7072 com.android.server.am.ActivityManagerService.handleAppDiedLocked:3667 com.android.server.am.ActivityManagerService.appDiedLocked:3857 
01-19 12:32:14.488   715   715 I Layer   : id=6348 removedFromDrawingState ActivityRecord{19489bf u0 com.asktiba.Vault.dev/expo.modules.devlauncher.launcher.errors.DevLauncherErrorActivity t5047}#0 (111)
01-19 12:32:14.488   715   715 I SurfaceFlinger: id=6348 Removed ActivityRecord{19489bf u0 com.asktiba.Vault.dev/expo.modules.devlauncher.launcher.errors.DevLauncherErrorActivity t5047}#0 (111)
01-19 12:32:14.489   715   715 I Layer   : id=6348 Destroyed ActivityRecord{19489bf u0 com.asktiba.Vault.dev/expo.modules.devlauncher.launcher.errors.DevLauncherErrorActivity t5047}#0
01-19 12:32:14.490  1283  1334 W UsageStatsService: Unexpected activity event reported! (com.asktiba.Vault.dev/expo.modules.devlauncher.launcher.errors.DevLauncherErrorActivity event : 23 instanceId : 59462622)
01-19 12:32:16.400  1283  1518 E WifiVendorHal: getWifiLinkLayerStats_1_5_Internal(l.1191) failed {.code = ERROR_NOT_SUPPORTED, .description = }
01-19 12:32:16.461 24328 24328 D ProcessState: Binder ioctl to enable oneway spam detection failed: Invalid argument
01-19 12:32:16.485  1283  2105 W libprocessgroup: Failed to find DoSomethingOlaftask profile: Try again
01-19 12:32:16.641 24328 24328 W DIAGMON_SDK[605054]: UncaughtExceptionLogging can't be enabled because Configuration is null
01-19 12:32:16.897  1283  1598 D SemWifiSwitchForIndividualAppsService: isPackageException - result:1, com.sec.android.app.camera
01-19 12:32:16.954   847  1431 W ServiceManager: Permission failure: android.permission.CAMERA_OPEN_CLOSE_LISTENER from uid=10105 pid=24328
01-19 12:32:16.999   690   777 E libPowerHal: error : 2, No such file or directory
01-19 12:32:17.008   693 24408 E paramctrl_lifetime: open /proc/driver/thermal/clNR_status failed, disable NR cooler
01-19 12:32:17.008   693 24411 E MtkCam/SensorProviderService: (24411)[isSupport] fail to open: /sys/class/BOOT/BOOT/boot/boot_mode (isSupport){#1411:vendor/mediatek/proprietary/hardware/mtkcam/utils/sys/SensorProvider/SensorProviderService.cpp}
01-19 12:32:17.008   693 24411 E MtkCam/SensorProviderService: (24411)[isSupport] fail to open: /sys/class/BOOT/BOOT/boot/boot_mode (isSupport){#1411:vendor/mediatek/proprietary/hardware/mtkcam/utils/sys/SensorProvider/SensorProviderService.cpp}
01-19 12:32:17.033  1283  2261 W WindowManager: Failed looking up window session=Session{5866842 24328:u0a10105} callers=com.android.server.wm.WindowManagerService.windowForClientLocked:6308 com.android.server.wm.Session.insetsModified:700 android.view.IWindowSession$Stub.onTransact:1256 
01-19 12:32:17.087   715  3334 E HWComposer: getSupportedContentTypes: getSupportedContentTypes failed for display 0: Unsupported (8)
01-19 12:32:17.145  1283  1300 W System  : A resource failed to call release. 
01-19 12:32:17.145  1283  1300 W System  : A resource failed to call close. 
01-19 12:32:17.148  1283  1300 W System  : A resource failed to call close. 
01-19 12:32:17.148  1283  1300 W System  : A resource failed to call close. 
01-19 12:32:17.149  1283  1300 W System  : A resource failed to call close. 
01-19 12:32:17.195   693   693 W mtkcam-dev3-utils: [extractE2EHDRInfo] query tag MTK_STREAMING_FEATURE_HDR10 failed, E2E HDR is not applied
01-19 12:32:17.201   693   693 E MtkCam/HalSensor: [sendCommand] [sendCommand] sendCommand fail! 16419 (sendCommand){#743:vendor/mediatek/proprietary/hardware/mtkcam/drv/src/sensor/mt6765/../common/v1/HalSensor.control.cpp}
01-19 12:32:17.201   693   693 E BWC     : MTK_IOC_SMI_BWC_INFO_GET failed.:Inappropriate ioctl for device
01-19 12:32:17.204   693   693 E BWC     : MTK_IOC_SMI_BWC_INFO_SET failed.:Inappropriate ioctl for device
01-19 12:32:17.204   693   693 E BWC     : MTK_IOC_MMDVFS_CMD failed.:Inappropriate ioctl for device
01-19 12:32:17.212   693 24435 E cam_capi: cam_capi[GetCapibility]ERR(  309):user:NormalPipe query fail(module:0)
01-19 12:32:17.212   693 24435 E NormalPipe: [query] some query op fail
01-19 12:32:17.223   693 24411 E MtkCam/SensorProviderService: (24411)[isSupport] fail to open: /sys/class/BOOT/BOOT/boot/boot_mode (isSupport){#1411:vendor/mediatek/proprietary/hardware/mtkcam/utils/sys/SensorProvider/SensorProviderService.cpp}
01-19 12:32:17.240 24328 24364 E ion     : ioctl c0044901 failed with code -1: Invalid argument
01-19 12:32:17.241   693 24411 E MtkCam/SensorProviderService: (24411)[isSupport] fail to open: /sys/class/BOOT/BOOT/boot/boot_mode (isSupport){#1411:vendor/mediatek/proprietary/hardware/mtkcam/utils/sys/SensorProvider/SensorProviderService.cpp}
01-19 12:32:17.258   693 24511 E MtkCam/HalSensor: [sendCommand] [sendCommand] sendCommand fail! 16405 (sendCommand){#743:vendor/mediatek/proprietary/hardware/mtkcam/drv/src/sensor/mt6765/../common/v1/HalSensor.control.cpp}
01-19 12:32:17.259 24328 24364 E IMGSRV  : :539: PVRSRVBridgeCall: Bridge call failed. sBridgePackage.ui32BridgeID:0x82, Function ID:0x10 errno 22 (Invalid argument).
01-19 12:32:17.259 24328 24364 E IMGSRV  : :2606: BridgeRGXCreateFreeList2: BridgeCall failed
01-19 12:32:17.281  1283  2105 W libprocessgroup: Failed to find DoNothingOlaftask profile: Try again
01-19 12:32:17.290  1283  1325 E libperflog: [LIBPERFLOG] socket_local_client fail = -1
01-19 12:32:17.307   693 24411 E MtkCam/SensorProviderService: (24411)[isSupport] fail to open: /sys/class/BOOT/BOOT/boot/boot_mode (isSupport){#1411:vendor/mediatek/proprietary/hardware/mtkcam/utils/sys/SensorProvider/SensorProviderService.cpp}
01-19 12:32:17.513 24535 24535 D ProcessState: Binder ioctl to enable oneway spam detection failed: Invalid argument
01-19 12:32:17.900  1283  1348 E KernelCpuSpeedReader: Failed to read cpu-freq: /sys/devices/system/cpu/cpu4/cpufreq/stats/time_in_state: open failed: ENOENT (No such file or directory)
01-19 12:32:17.902  1283  1348 E KernelCpuSpeedReader: Failed to read cpu-freq: /sys/devices/system/cpu/cpu0/cpufreq/stats/time_in_state: open failed: ENOENT (No such file or directory)
01-19 12:32:18.000   690   777 E libPowerHal: error : 2, No such file or directory
01-19 12:32:18.175 24564 24564 D ProcessState: Binder ioctl to enable oneway spam detection failed: Invalid argument
01-19 12:32:18.514  3516  3848 E libperflog: [LIBPERFLOG] socket_local_client fail = -1
01-19 12:32:18.610  1283  3925 W ServiceManager: Permission failure: android.permission.HIGH_SAMPLING_RATE_SENSORS from uid=10105 pid=24328
01-19 12:32:18.612  1283  1632 W ServiceManager: Permission failure: android.permission.HIGH_SAMPLING_RATE_SENSORS from uid=10105 pid=24328
01-19 12:32:18.614  1283  1632 W ServiceManager: Permission failure: android.permission.HIGH_SAMPLING_RATE_SENSORS from uid=10105 pid=24328
01-19 12:32:19.409  1283  1518 E WifiVendorHal: getWifiLinkLayerStats_1_5_Internal(l.1191) failed {.code = ERROR_NOT_SUPPORTED, .description = }
01-19 12:32:19.438  4370  5488 I ChimeraSrvcProxy: NullBinder for android.net.action.RECOMMEND_NETWORKS triggering remote TransactionTooLargeException due to Service without Chimera impl
01-19 12:32:19.986  1283  2105 W libprocessgroup: Failed to find DoNothingOlaftask profile: Try again
01-19 12:32:20.175  2037  2232 I PdnController: isWifiConnected: [type: WIFI[], state: CONNECTED/CONNECTED, reason: (unspecified), extra: , failover: false, available: true, roaming: false]
01-19 12:32:20.177  2037  2232 I PdnController: isWifiConnected: [type: WIFI[], state: CONNECTED/CONNECTED, reason: (unspecified), extra: , failover: false, available: true, roaming: false]
01-19 12:32:20.180  2037  2232 I PdnController: isWifiConnected: [type: WIFI[], state: CONNECTED/CONNECTED, reason: (unspecified), extra: , failover: false, available: true, roaming: false]
01-19 12:32:20.202  2037  2232 I PdnController: isWifiConnected: [type: WIFI[], state: CONNECTED/CONNECTED, reason: (unspecified), extra: , failover: false, available: true, roaming: false]
01-19 12:32:21.773  1283  2105 W libprocessgroup: Failed to find DoSomethingOlaftask profile: Try again
01-19 12:32:21.777  3516  3516 E libperflog: [LIBPERFLOG] socket_local_client fail = -1
01-19 12:32:21.866   690   777 E libPowerHal: error : 2, No such file or directory
01-19 12:32:21.877   693   693 W MtkCam/streambuf: [markUserStatus] Hal:Meta:P1:Dynamic_main1:0x10000001b:0xb40000766ae2ef20 producer:0x1 released w/o using -> ERROR buffer - user status:0x8:0x8
01-19 12:32:21.877   693   693 W MtkCam/streambuf: [markUserStatus] App:Meta:DynamicP1_main1:0x100000024:0xb40000766ae2e4a0 producer:0x1 released w/o using -> ERROR buffer - user status:0x8:0x8
01-19 12:32:21.878   693   693 W MtkCam/streambuf: [markUserStatus] Hal:Image:P1:Fullraw_main1:0x100000001:0xb40000767949e400 producer:0x1 released w/o using -> ERROR buffer - user status:0x8:0x8
01-19 12:32:21.878   693   693 W MtkCam/streambuf: [markUserStatus] Hal:Image:P1:Resizeraw_main1:0x100000003:0xb40000767c12aa00 producer:0x1 released w/o using -> ERROR buffer - user status:0x8:0x8
01-19 12:32:21.878   693   693 W MtkCam/streambuf: [markUserStatus] Hal:Image:STT_main1:0x100000004:0xb40000767955c300 producer:0x1 released w/o using -> ERROR buffer - user status:0x8:0x8
01-19 12:32:21.878   693 24406 W mtkcam-AppStreamMgr: [0-FrameHandler::operator()] [Meta Stream Buffer] Error happens... - requestNo:113 streamId:0x100000024 App:Meta:DynamicP1_main1
01-19 12:32:21.879   693 24496 W MtkCam/streambuf: [markUserStatus] App:Meta:FD:0x100000029:0xb400007676b58460 producer:0x16 released w/o using -> ERROR buffer - user status:0x8:0x8
01-19 12:32:21.879   693   693 W MtkCam/streambuf: [markUserStatus] Hal:Meta:P2:Dynamic:0x10000001e:0xb40000766ae2f2a0 producer:0x15 released w/o using -> ERROR buffer - user status:0x8:0x8
01-19 12:32:21.879   693 24406 W mtkcam-AppStreamMgr: [0-FrameHandler::operator()] [Meta Stream Buffer] Error happens... - requestNo:109 streamId:0x100000029 App:Meta:FD
01-19 12:32:21.879   693   693 W MtkCam/streambuf: [markUserStatus] App:Meta:DynamicP2:0x100000027:0xb40000766ae2e820 producer:0x15 released w/o using -> ERROR buffer - user status:0x8:0x8
01-19 12:32:21.879   693   693 W MtkCam/streambuf: [markUserStatus] s1:d0:App:YCrCb_420_SP:0|SW_READ_OFTEN:0x1:0xb4000076769d0c80 producer:0x15 released w/o using -> ERROR buffer - user status:0x8:0x8
01-19 12:32:21.879   693   693 W MtkCam/streambuf: [markUserStatus] Hal:Image:FD:0x100000013:0xb400007679446100 producer:0x15 released w/o using -> ERROR buffer - user status:0x8:0x8
01-19 12:32:21.879   693   693 W MtkCam/streambuf: [markUserStatus] App:Meta:FD:0x100000029:0xb40000766ae2eba0 producer:0x16 released w/o using -> ERROR buffer - user status:0x8:0x8
01-19 12:32:21.879   693 24406 W mtkcam-AppStreamMgr: [0-FrameHandler::operator()] [Meta Stream Buffer] Error happens... - requestNo:113 streamId:0x100000027 App:Meta:DynamicP2
01-19 12:32:21.879   693 24406 W mtkcam-AppStreamMgr: [0-FrameHandler::operator()] [Image Stream Buffer] Error happens and all users release - requestNo:113 streamId:0x1 s1:d0:App:YCrCb_420_SP:0|SW_READ_OFTEN state:IN-FLIGHT->ERROR
01-19 12:32:21.879   693 24406 W mtkcam-AppStreamMgr: [0-FrameHandler::updateCallback] requestNo:113 Request Error
01-19 12:32:21.880   847  9682 E CameraDeviceClient: notifyError: pid=24328, errorCode=4, errorStreamId=0, frameNumber=109
