01-19 12:35:33.174   693 24865 W mtkcam-AppStreamMgr: [0-FrameHandler::updateCallback] requestNo 862 is removed before shutter callbacked, there MUST have error frames or meta be sent for the request
01-19 12:35:33.175   847  9682 E CameraDeviceClient: notifyError: pid=24328, errorCode=3, errorStreamId=0, frameNumber=861
01-19 12:35:33.175   847  9682 E CameraDeviceClient: notifyError: pid=24328, skipClientNotification=false
01-19 12:35:33.175   847  9682 E Camera3-OutputStream: returnBufferCheckedLocked: A frame is dropped for stream 1 frame 861 , due to buffer error.
01-19 12:35:33.182   693 24869 I StrobeDrvFlashlightFops: ioctl failed: type/ct (1,1) Inappropriate ioctl for device
01-19 12:35:33.182   693 24869 I StrobeDrvFlashlightFops: ioctl failed: type/ct (1,1) Inappropriate ioctl for device
01-19 12:35:33.210   693  1362 E BWC     : MTK_IOC_SMI_BWC_INFO_GET failed.:Inappropriate ioctl for device
01-19 12:35:33.213   693  1362 E BWC     : MTK_IOC_SMI_BWC_INFO_SET failed.:Inappropriate ioctl for device
01-19 12:35:33.365   693  1362 I StrobeDrvFlashlightFops: ioctl failed: type/ct (1,1) Inappropriate ioctl for device
01-19 12:35:33.365   693  1362 I StrobeDrvFlashlightFops: ioctl failed: type/ct (1,1) Inappropriate ioctl for device
01-19 12:35:33.381  1283  1598 D SemWifiSwitchForIndividualAppsService: isPackageException - result:1, com.sec.android.app.launcher
01-19 12:35:33.398 24328 24328 W CameraLocationManager: stopLocationRequest return, location permission check is fail.
01-19 12:35:33.426  3516  3516 E libperflog: [LIBPERFLOG] socket_local_client fail = -1
01-19 12:35:33.435  1283  1483 E libperflog: [LIBPERFLOG] socket_local_client fail = -1
01-19 12:35:33.437  2182  2182 E libprocessgroup: set_timerslack_ns write failed: Operation not permitted
01-19 12:35:33.566  2182  2182 E libprocessgroup: set_timerslack_ns write failed: Operation not permitted
01-19 12:35:33.614  2182  2182 E libprocessgroup: set_timerslack_ns write failed: Operation not permitted
01-19 12:35:33.667  2182  2182 E libprocessgroup: set_timerslack_ns write failed: Operation not permitted
01-19 12:35:34.128  3516  3848 E libperflog: [LIBPERFLOG] socket_local_client fail = -1
01-19 12:35:34.207   690   777 E libPowerHal: error : 2, No such file or directory
01-19 12:35:35.269  1283  1518 E WifiVendorHal: getWifiLinkLayerStats_1_5_Internal(l.1191) failed {.code = ERROR_NOT_SUPPORTED, .description = }
01-19 12:35:35.304  4370  4942 I ChimeraSrvcProxy: NullBinder for android.net.action.RECOMMEND_NETWORKS triggering remote TransactionTooLargeException due to Service without Chimera impl
01-19 12:35:38.285  1283  1518 E WifiVendorHal: getWifiLinkLayerStats_1_5_Internal(l.1191) failed {.code = ERROR_NOT_SUPPORTED, .description = }
01-19 12:35:38.332  4370 15293 I ChimeraSrvcProxy: NullBinder for android.net.action.RECOMMEND_NETWORKS triggering remote TransactionTooLargeException due to Service without Chimera impl
01-19 12:35:41.308  1283  1518 E WifiVendorHal: getWifiLinkLayerStats_1_5_Internal(l.1191) failed {.code = ERROR_NOT_SUPPORTED, .description = }
01-19 12:35:44.160  3516  3848 E libperflog: [LIBPERFLOG] socket_local_client fail = -1
01-19 12:35:44.323  1283  1518 E WifiVendorHal: getWifiLinkLayerStats_1_5_Internal(l.1191) failed {.code = ERROR_NOT_SUPPORTED, .description = }
01-19 12:35:47.348  1283  1518 E WifiVendorHal: getWifiLinkLayerStats_1_5_Internal(l.1191) failed {.code = ERROR_NOT_SUPPORTED, .description = }
01-19 12:35:50.363  1283  1518 E WifiVendorHal: getWifiLinkLayerStats_1_5_Internal(l.1191) failed {.code = ERROR_NOT_SUPPORTED, .description = }
01-19 12:35:53.381  1283  1518 E WifiVendorHal: getWifiLinkLayerStats_1_5_Internal(l.1191) failed {.code = ERROR_NOT_SUPPORTED, .description = }
01-19 12:35:56.397  1283  1518 E WifiVendorHal: getWifiLinkLayerStats_1_5_Internal(l.1191) failed {.code = ERROR_NOT_SUPPORTED, .description = }
01-19 12:35:59.413  1283  1518 E WifiVendorHal: getWifiLinkLayerStats_1_5_Internal(l.1191) failed {.code = ERROR_NOT_SUPPORTED, .description = }
01-19 12:36:00.566  2182  2182 E libprocessgroup: set_timerslack_ns write failed: Operation not permitted
01-19 12:36:00.615  2182  2182 E libprocessgroup: set_timerslack_ns write failed: Operation not permitted
01-19 12:36:02.428  1283  1518 E WifiVendorHal: getWifiLinkLayerStats_1_5_Internal(l.1191) failed {.code = ERROR_NOT_SUPPORTED, .description = }
01-19 12:36:05.447  1283  1518 E WifiVendorHal: getWifiLinkLayerStats_1_5_Internal(l.1191) failed {.code = ERROR_NOT_SUPPORTED, .description = }
01-19 12:36:08.464  1283  1518 E WifiVendorHal: getWifiLinkLayerStats_1_5_Internal(l.1191) failed {.code = ERROR_NOT_SUPPORTED, .description = }
01-19 12:36:11.483  1283  1518 E WifiVendorHal: getWifiLinkLayerStats_1_5_Internal(l.1191) failed {.code = ERROR_NOT_SUPPORTED, .description = }
01-19 12:36:14.501  1283  1518 E WifiVendorHal: getWifiLinkLayerStats_1_5_Internal(l.1191) failed {.code = ERROR_NOT_SUPPORTED, .description = }
01-19 12:36:17.518  1283  1518 E WifiVendorHal: getWifiLinkLayerStats_1_5_Internal(l.1191) failed {.code = ERROR_NOT_SUPPORTED, .description = }
01-19 12:36:20.534  1283  1518 E WifiVendorHal: getWifiLinkLayerStats_1_5_Internal(l.1191) failed {.code = ERROR_NOT_SUPPORTED, .description = }
01-19 12:36:23.549  1283  1518 E WifiVendorHal: getWifiLinkLayerStats_1_5_Internal(l.1191) failed {.code = ERROR_NOT_SUPPORTED, .description = }
01-19 12:36:26.566  1283  1518 E WifiVendorHal: getWifiLinkLayerStats_1_5_Internal(l.1191) failed {.code = ERROR_NOT_SUPPORTED, .description = }
01-19 12:36:29.584  1283  1518 E WifiVendorHal: getWifiLinkLayerStats_1_5_Internal(l.1191) failed {.code = ERROR_NOT_SUPPORTED, .description = }
01-19 12:36:32.601  1283  1518 E WifiVendorHal: getWifiLinkLayerStats_1_5_Internal(l.1191) failed {.code = ERROR_NOT_SUPPORTED, .description = }
01-19 12:36:35.620  1283  1518 E WifiVendorHal: getWifiLinkLayerStats_1_5_Internal(l.1191) failed {.code = ERROR_NOT_SUPPORTED, .description = }
01-19 12:36:38.638  1283  1518 E WifiVendorHal: getWifiLinkLayerStats_1_5_Internal(l.1191) failed {.code = ERROR_NOT_SUPPORTED, .description = }
01-19 12:36:41.655  1283  1518 E WifiVendorHal: getWifiLinkLayerStats_1_5_Internal(l.1191) failed {.code = ERROR_NOT_SUPPORTED, .description = }
01-19 12:36:44.674  1283  1518 E WifiVendorHal: getWifiLinkLayerStats_1_5_Internal(l.1191) failed {.code = ERROR_NOT_SUPPORTED, .description = }
01-19 12:36:47.695  1283  1518 E WifiVendorHal: getWifiLinkLayerStats_1_5_Internal(l.1191) failed {.code = ERROR_NOT_SUPPORTED, .description = }
01-19 12:36:50.713  1283  1518 E WifiVendorHal: getWifiLinkLayerStats_1_5_Internal(l.1191) failed {.code = ERROR_NOT_SUPPORTED, .description = }
01-19 12:36:53.730  1283  1518 E WifiVendorHal: getWifiLinkLayerStats_1_5_Internal(l.1191) failed {.code = ERROR_NOT_SUPPORTED, .description = }
01-19 12:36:56.745  1283  1518 E WifiVendorHal: getWifiLinkLayerStats_1_5_Internal(l.1191) failed {.code = ERROR_NOT_SUPPORTED, .description = }
01-19 12:36:59.762  1283  1518 E WifiVendorHal: getWifiLinkLayerStats_1_5_Internal(l.1191) failed {.code = ERROR_NOT_SUPPORTED, .description = }
01-19 12:37:02.777  1283  1518 E WifiVendorHal: getWifiLinkLayerStats_1_5_Internal(l.1191) failed {.code = ERROR_NOT_SUPPORTED, .description = }
01-19 12:37:04.632  1283  1334 E libperflog: [LIBPERFLOG] socket_local_client fail = -1
01-19 12:37:04.644  1283  1334 E libperflog: [LIBPERFLOG] socket_local_client fail = -1
01-19 12:37:05.791  1283  1518 E WifiVendorHal: getWifiLinkLayerStats_1_5_Internal(l.1191) failed {.code = ERROR_NOT_SUPPORTED, .description = }
01-19 12:37:08.804  1283  1518 E WifiVendorHal: getWifiLinkLayerStats_1_5_Internal(l.1191) failed {.code = ERROR_NOT_SUPPORTED, .description = }
01-19 12:37:09.303  1283  1348 E KernelCpuSpeedReader: Failed to read cpu-freq: /sys/devices/system/cpu/cpu4/cpufreq/stats/time_in_state: open failed: ENOENT (No such file or directory)
01-19 12:37:09.304  1283  1348 E KernelCpuSpeedReader: Failed to read cpu-freq: /sys/devices/system/cpu/cpu0/cpufreq/stats/time_in_state: open failed: ENOENT (No such file or directory)
01-19 12:37:09.331   478   484 E android.system.suspend@1.0-service: Error opening event_count for wakeup28: Original kwl [Path]=../../devices/platform/i2c@30/i2c-30/30-0021/wakeup/wakeup28: Permission denied
01-19 12:37:09.365   478   484 E android.system.suspend@1.0-service: Error opening event_count for wakeup26: Original kwl [Path]=../../devices/platform/i2c@30/i2c-30/30-0020/wakeup/wakeup26: Permission denied
01-19 12:37:09.392   478   484 E android.system.suspend@1.0-service: Error opening event_count for wakeup24: Original kwl [Path]=../../devices/platform/3.gw3x/wakeup/wakeup24: Permission denied
01-19 12:37:09.471   478   484 E android.system.suspend@1.0-service: Error opening event_count for wakeup29: Original kwl [Path]=../../devices/platform/i2c@30/i2c-30/30-0021/wakeup/wakeup29: Permission denied
01-19 12:37:09.497   478   484 E android.system.suspend@1.0-service: Error opening event_count for wakeup27: Original kwl [Path]=../../devices/platform/i2c@30/i2c-30/30-0020/wakeup/wakeup27: Permission denied
01-19 12:37:09.523   478   484 E android.system.suspend@1.0-service: Error opening event_count for wakeup25: Original kwl [Path]=../../devices/platform/3.gw3x/wakeup/wakeup25: Permission denied
01-19 12:37:09.783  1283  1300 W System  : A resource failed to call close. 
01-19 12:37:09.786  1283  1300 W System  : A resource failed to call close. 
01-19 12:37:09.788  1283  1300 W System  : A resource failed to call close. 
01-19 12:37:11.821  1283  1518 E WifiVendorHal: getWifiLinkLayerStats_1_5_Internal(l.1191) failed {.code = ERROR_NOT_SUPPORTED, .description = }
01-19 12:37:14.835  1283  1518 E WifiVendorHal: getWifiLinkLayerStats_1_5_Internal(l.1191) failed {.code = ERROR_NOT_SUPPORTED, .description = }
01-19 12:37:17.851  1283  1518 E WifiVendorHal: getWifiLinkLayerStats_1_5_Internal(l.1191) failed {.code = ERROR_NOT_SUPPORTED, .description = }
01-19 12:37:20.870  1283  1518 E WifiVendorHal: getWifiLinkLayerStats_1_5_Internal(l.1191) failed {.code = ERROR_NOT_SUPPORTED, .description = }
01-19 12:37:23.889  1283  1518 E WifiVendorHal: getWifiLinkLayerStats_1_5_Internal(l.1191) failed {.code = ERROR_NOT_SUPPORTED, .description = }
01-19 12:37:26.904  1283  1518 E WifiVendorHal: getWifiLinkLayerStats_1_5_Internal(l.1191) failed {.code = ERROR_NOT_SUPPORTED, .description = }
01-19 12:37:29.922  1283  1518 E WifiVendorHal: getWifiLinkLayerStats_1_5_Internal(l.1191) failed {.code = ERROR_NOT_SUPPORTED, .description = }
01-19 12:37:32.161  2182  2182 E libprocessgroup: set_timerslack_ns write failed: Operation not permitted
01-19 12:37:32.208  2182  2182 E libprocessgroup: set_timerslack_ns write failed: Operation not permitted
01-19 12:37:32.938  1283  1518 E WifiVendorHal: getWifiLinkLayerStats_1_5_Internal(l.1191) failed {.code = ERROR_NOT_SUPPORTED, .description = }
01-19 12:37:35.949  1283  1518 E WifiVendorHal: getWifiLinkLayerStats_1_5_Internal(l.1191) failed {.code = ERROR_NOT_SUPPORTED, .description = }
01-19 12:37:38.963  1283  1518 E WifiVendorHal: getWifiLinkLayerStats_1_5_Internal(l.1191) failed {.code = ERROR_NOT_SUPPORTED, .description = }
01-19 12:37:41.982  1283  1518 E WifiVendorHal: getWifiLinkLayerStats_1_5_Internal(l.1191) failed {.code = ERROR_NOT_SUPPORTED, .description = }
01-19 12:37:45.002  1283  1518 E WifiVendorHal: getWifiLinkLayerStats_1_5_Internal(l.1191) failed {.code = ERROR_NOT_SUPPORTED, .description = }
01-19 12:37:48.018  1283  1518 E WifiVendorHal: getWifiLinkLayerStats_1_5_Internal(l.1191) failed {.code = ERROR_NOT_SUPPORTED, .description = }
01-19 12:37:51.033  1283  1518 E WifiVendorHal: getWifiLinkLayerStats_1_5_Internal(l.1191) failed {.code = ERROR_NOT_SUPPORTED, .description = }
01-19 12:37:54.044  1283  1518 E WifiVendorHal: getWifiLinkLayerStats_1_5_Internal(l.1191) failed {.code = ERROR_NOT_SUPPORTED, .description = }
01-19 12:37:54.516  4370 25188 E gtbk    : java.lang.RuntimeException: ManagedChannel allocation site
01-19 12:37:55.080 25245 25245 D ProcessState: Binder ioctl to enable oneway spam detection failed: Invalid argument
01-19 12:37:55.327 25245 25266 I SQLiteConnection: /data/user/0/com.samsung.android.scs/no_backup/androidx.work.workdb-wal 1048576 bytes: Bigger than 1048576; truncating
01-19 12:37:56.894 25287 25287 D ProcessState: Binder ioctl to enable oneway spam detection failed: Invalid argument
01-19 12:37:57.052  1283  1518 E WifiVendorHal: getWifiLinkLayerStats_1_5_Internal(l.1191) failed {.code = ERROR_NOT_SUPPORTED, .description = }
01-19 12:37:57.103 25287 25301 D hw-ProcessState: Binder ioctl to enable oneway spam detection failed: Invalid argument
01-19 12:37:58.206 25309 25309 D ProcessState: Binder ioctl to enable oneway spam detection failed: Invalid argument
01-19 12:37:58.500 25309 25331 E ActivityThread: Failed to find provider info for com.samsung.android.app.reminder
01-19 12:38:00.066  1283  1518 E WifiVendorHal: getWifiLinkLayerStats_1_5_Internal(l.1191) failed {.code = ERROR_NOT_SUPPORTED, .description = }
01-19 12:38:03.077  1283  1518 E WifiVendorHal: getWifiLinkLayerStats_1_5_Internal(l.1191) failed {.code = ERROR_NOT_SUPPORTED, .description = }
01-19 12:38:06.093  1283  1518 E WifiVendorHal: getWifiLinkLayerStats_1_5_Internal(l.1191) failed {.code = ERROR_NOT_SUPPORTED, .description = }
01-19 12:38:09.109  1283  1518 E WifiVendorHal: getWifiLinkLayerStats_1_5_Internal(l.1191) failed {.code = ERROR_NOT_SUPPORTED, .description = }
01-19 12:38:12.126  1283  1518 E WifiVendorHal: getWifiLinkLayerStats_1_5_Internal(l.1191) failed {.code = ERROR_NOT_SUPPORTED, .description = }
01-19 12:38:15.142  1283  1518 E WifiVendorHal: getWifiLinkLayerStats_1_5_Internal(l.1191) failed {.code = ERROR_NOT_SUPPORTED, .description = }
01-19 12:38:18.157  1283  1518 E WifiVendorHal: getWifiLinkLayerStats_1_5_Internal(l.1191) failed {.code = ERROR_NOT_SUPPORTED, .description = }
01-19 12:38:20.885  2182  2182 E libprocessgroup: set_timerslack_ns write failed: Operation not permitted
01-19 12:38:20.908  1283  1334 E libperflog: [LIBPERFLOG] socket_local_client fail = -1
01-19 12:38:20.918  1283  1334 E libperflog: [LIBPERFLOG] socket_local_client fail = -1
01-19 12:38:20.928  1283  1334 E libperflog: [LIBPERFLOG] socket_local_client fail = -1
01-19 12:38:20.933  2182  2182 E libprocessgroup: set_timerslack_ns write failed: Operation not permitted
01-19 12:38:20.939  1283  1334 E libperflog: [LIBPERFLOG] socket_local_client fail = -1
01-19 12:38:21.173  1283  1518 E WifiVendorHal: getWifiLinkLayerStats_1_5_Internal(l.1191) failed {.code = ERROR_NOT_SUPPORTED, .description = }
01-19 12:38:24.190  1283  1518 E WifiVendorHal: getWifiLinkLayerStats_1_5_Internal(l.1191) failed {.code = ERROR_NOT_SUPPORTED, .description = }
01-19 12:38:27.207  1283  1518 E WifiVendorHal: getWifiLinkLayerStats_1_5_Internal(l.1191) failed {.code = ERROR_NOT_SUPPORTED, .description = }
01-19 12:38:29.055  2037  2232 I PdnController: isWifiConnected: [type: WIFI[], state: CONNECTED/CONNECTED, reason: (unspecified), extra: , failover: false, available: true, roaming: false]
01-19 12:38:29.059  2037  2232 I PdnController: isWifiConnected: [type: WIFI[], state: CONNECTED/CONNECTED, reason: (unspecified), extra: , failover: false, available: true, roaming: false]
01-19 12:38:29.062  2037  2232 I PdnController: isWifiConnected: [type: WIFI[], state: CONNECTED/CONNECTED, reason: (unspecified), extra: , failover: false, available: true, roaming: false]
01-19 12:38:29.093  2037  2232 I PdnController: isWifiConnected: [type: WIFI[], state: CONNECTED/CONNECTED, reason: (unspecified), extra: , failover: false, available: true, roaming: false]
01-19 12:38:30.224  1283  1518 E WifiVendorHal: getWifiLinkLayerStats_1_5_Internal(l.1191) failed {.code = ERROR_NOT_SUPPORTED, .description = }
01-19 12:38:33.241  1283  1518 E WifiVendorHal: getWifiLinkLayerStats_1_5_Internal(l.1191) failed {.code = ERROR_NOT_SUPPORTED, .description = }
01-19 12:38:36.257  1283  1518 E WifiVendorHal: getWifiLinkLayerStats_1_5_Internal(l.1191) failed {.code = ERROR_NOT_SUPPORTED, .description = }
01-19 12:38:38.139  3516  4493 E libperflog: [LIBPERFLOG] socket_local_client fail = -1
01-19 12:38:38.140  3516  4493 E libperflog: [LIBPERFLOG] socket_local_client fail = -1
01-19 12:38:38.168  3516  4493 E libperflog: [LIBPERFLOG] socket_local_client fail = -1
01-19 12:38:38.168  3516  4493 E libperflog: [LIBPERFLOG] socket_local_client fail = -1
01-19 12:38:39.271  1283  1518 E WifiVendorHal: getWifiLinkLayerStats_1_5_Internal(l.1191) failed {.code = ERROR_NOT_SUPPORTED, .description = }
01-19 12:38:39.275 25370 25370 D ProcessState: Binder ioctl to enable oneway spam detection failed: Invalid argument
01-19 12:38:39.341  1283  1300 W System  : A resource failed to call close. 
01-19 12:38:40.451 25370 25452 W ProviderInstaller: Failed to load providerinstaller module: No acceptable module com.google.android.gms.providerinstaller.dynamite found. Local version is 0 and remote version is 0.
01-19 12:38:40.465 25370 25452 W ProviderInstaller: Failed to report request stats: com.google.android.gms.common.security.ProviderInstallerImpl.reportRequestStats [class android.content.Context, long, long]
01-19 12:38:40.946 25370 25440 W SQLiteLog: (28) double-quoted string literal: "0"
01-19 12:38:41.024 25370 25495 E GoogleApiManager: Failed to get service from broker. 
01-19 12:38:41.024 25370 25495 E GoogleApiManager: java.lang.SecurityException: Unknown calling package name 'com.google.android.gms'.
01-19 12:38:41.024 25370 25495 E GoogleApiManager: 	at android.os.Parcel.createExceptionOrNull(Parcel.java:2438)
01-19 12:38:41.024 25370 25495 E GoogleApiManager: 	at android.os.Parcel.createException(Parcel.java:2422)
01-19 12:38:41.024 25370 25495 E GoogleApiManager: 	at android.os.Parcel.readException(Parcel.java:2405)
01-19 12:38:41.024 25370 25495 E GoogleApiManager: 	at android.os.Parcel.readException(Parcel.java:2347)
01-19 12:38:41.066 25370 25488 W CondFlagRegistrar: Failed to register com.google.android.gms.providerinstaller#com.google.android.gms
01-19 12:38:41.066 25370 25488 W CondFlagRegistrar: eois: 17: 17: API: Phenotype.API is not available on this device. Connection failed with: ConnectionResult{statusCode=DEVELOPER_ERROR, resolution=null, message=null}
01-19 12:38:41.066 25370 25488 W CondFlagRegistrar: 	at aokh.onConnectionFailed(:com.google.android.gms@245034029@24.50.34 (190400-713002902):2)
01-19 12:38:41.066 25370 25488 W CondFlagRegistrar: Caused by: aogj: 17: API: Phenotype.API is not available on this device. Connection failed with: ConnectionResult{statusCode=DEVELOPER_ERROR, resolution=null, message=null}
01-19 12:38:41.132 25370 25439 W SQLiteLog: (28) double-quoted string literal: "0"
01-19 12:38:41.292  1283  1334 E libperflog: [LIBPERFLOG] socket_local_client fail = -1
01-19 12:38:41.310  1283  1334 E libperflog: [LIBPERFLOG] socket_local_client fail = -1
01-19 12:38:41.324  1283  1334 E libperflog: [LIBPERFLOG] socket_local_client fail = -1
01-19 12:38:41.470  2037  2232 I PdnController<0>: onPreciseDataConnectionStateChanged: state= state: DISCONNECTED, transport: WWAN, id: 1, network type: LTE, APN Setting: [ApnSettingV7] MTN WEB, 9904, 64110, internet, , null, , null, null, -1, hipri | default, IP, IP, true, 0, false, 0, 0, 0, 0, null, null, false, 0, 0, -1, -1, link properties: {InterfaceName: rmnet0 LinkAddresses: [ 10.5.154.242/24 ] DnsAddresses: [ /41.210.187.253,/41.210.187.254 ] Domains: null MTU: 1500 TcpBufferSizes: 2097152,4194304,8388608,262144,524288,1048576 Routes: [ 0.0.0.0/0 -> 10.5.154.1 rmnet0 mtu 1500 ]}, fail cause: LOST_CONNECTION
01-19 12:38:41.471  2037  2407 I VolteServiceModule: onPreciseDataConnectionStateChanged: state= state: DISCONNECTED, transport: WWAN, id: 1, network type: LTE, APN Setting: [ApnSettingV7] MTN WEB, 9904, 64110, internet, , null, , null, null, -1, hipri | default, IP, IP, true, 0, false, 0, 0, 0, 0, null, null, false, 0, 0, -1, -1, link properties: {InterfaceName: rmnet0 LinkAddresses: [ 10.5.154.242/24 ] DnsAddresses: [ /41.210.187.253,/41.210.187.254 ] Domains: null MTU: 1500 TcpBufferSizes: 2097152,4194304,8388608,262144,524288,1048576 Routes: [ 0.0.0.0/0 -> 10.5.154.1 rmnet0 mtu 1500 ]}, fail cause: LOST_CONNECTION
01-19 12:38:42.124 25370 25437 W SQLiteLog: (28) double-quoted string literal: "0"
01-19 12:38:42.287  1283  1518 E WifiVendorHal: getWifiLinkLayerStats_1_5_Internal(l.1191) failed {.code = ERROR_NOT_SUPPORTED, .description = }
01-19 12:38:44.640  2037  2407 I VolteServiceModule: onPreciseDataConnectionStateChanged: state= state: CONNECTING, transport: WWAN, id: -1, network type: LTE, APN Setting: [ApnSettingV7] MTN WEB, 9904, 64110, internet, , null, , null, null, -1, hipri | default, IP, IP, true, 0, false, 0, 0, 0, 0, null, null, false, 0, 0, -1, -1, link properties: {LinkAddresses: [ ] DnsAddresses: [ ] Domains: null MTU: 0 TcpBufferSizes: 2097152,4194304,8388608,262144,524288,1048576 Routes: [ ]}, fail cause: NONE
01-19 12:38:44.642  2037  2232 I PdnController<0>: onPreciseDataConnectionStateChanged: state= state: CONNECTING, transport: WWAN, id: -1, network type: LTE, APN Setting: [ApnSettingV7] MTN WEB, 9904, 64110, internet, , null, , null, null, -1, hipri | default, IP, IP, true, 0, false, 0, 0, 0, 0, null, null, false, 0, 0, -1, -1, link properties: {LinkAddresses: [ ] DnsAddresses: [ ] Domains: null MTU: 0 TcpBufferSizes: 2097152,4194304,8388608,262144,524288,1048576 Routes: [ ]}, fail cause: NONE
01-19 12:38:44.981  2037  2232 I PdnController<0>: onPreciseDataConnectionStateChanged: state= state: CONNECTED, transport: WWAN, id: 1, network type: LTE, APN Setting: [ApnSettingV7] MTN WEB, 9904, 64110, internet, , null, , null, null, -1, hipri | default, IP, IP, true, 0, false, 0, 0, 0, 0, null, null, false, 0, 0, -1, -1, link properties: {InterfaceName: rmnet0 LinkAddresses: [ 10.130.157.108/24 ] DnsAddresses: [ /41.210.187.253,/41.210.187.254 ] Domains: null MTU: 1500 TcpBufferSizes: 2097152,4194304,8388608,262144,524288,1048576 Routes: [ 0.0.0.0/0 -> 10.130.157.1 rmnet0 mtu 1500 ]}, fail cause: NONE
01-19 12:38:44.981  2037  2407 I VolteServiceModule: onPreciseDataConnectionStateChanged: state= state: CONNECTED, transport: WWAN, id: 1, network type: LTE, APN Setting: [ApnSettingV7] MTN WEB, 9904, 64110, internet, , null, , null, null, -1, hipri | default, IP, IP, true, 0, false, 0, 0, 0, 0, null, null, false, 0, 0, -1, -1, link properties: {InterfaceName: rmnet0 LinkAddresses: [ 10.130.157.108/24 ] DnsAddresses: [ /41.210.187.253,/41.210.187.254 ] Domains: null MTU: 1500 TcpBufferSizes: 2097152,4194304,8388608,262144,524288,1048576 Routes: [ 0.0.0.0/0 -> 10.130.157.1 rmnet0 mtu 1500 ]}, fail cause: NONE
01-19 12:38:45.118 25518 25518 D ProcessState: Binder ioctl to enable oneway spam detection failed: Invalid argument
01-19 12:38:45.298  1283  1518 E WifiVendorHal: getWifiLinkLayerStats_1_5_Internal(l.1191) failed {.code = ERROR_NOT_SUPPORTED, .description = }
01-19 12:38:48.313  1283  1518 E WifiVendorHal: getWifiLinkLayerStats_1_5_Internal(l.1191) failed {.code = ERROR_NOT_SUPPORTED, .description = }
01-19 12:38:50.701 25370 25419 E FirebaseCrashlytics: Settings request failed.
01-19 12:38:50.701 25370 25419 E FirebaseCrashlytics: java.net.SocketTimeoutException: failed to connect to firebase-settings.crashlytics.com/172.217.170.163 (port 443) from /192.168.1.205 (port 50040) after 10000ms
01-19 12:38:51.157 25370 25495 E GoogleApiManager: Failed to get service from broker. 
01-19 12:38:51.157 25370 25495 E GoogleApiManager: java.lang.SecurityException: Unknown calling package name 'com.google.android.gms'.
01-19 12:38:51.157 25370 25495 E GoogleApiManager: 	at android.os.Parcel.createExceptionOrNull(Parcel.java:2438)
01-19 12:38:51.157 25370 25495 E GoogleApiManager: 	at android.os.Parcel.createException(Parcel.java:2422)
01-19 12:38:51.157 25370 25495 E GoogleApiManager: 	at android.os.Parcel.readException(Parcel.java:2405)
01-19 12:38:51.157 25370 25495 E GoogleApiManager: 	at android.os.Parcel.readException(Parcel.java:2347)
01-19 12:38:51.330  1283  1518 E WifiVendorHal: getWifiLinkLayerStats_1_5_Internal(l.1191) failed {.code = ERROR_NOT_SUPPORTED, .description = }
01-19 12:38:54.344  1283  1518 E WifiVendorHal: getWifiLinkLayerStats_1_5_Internal(l.1191) failed {.code = ERROR_NOT_SUPPORTED, .description = }
01-19 12:38:57.361  1283  1518 E WifiVendorHal: getWifiLinkLayerStats_1_5_Internal(l.1191) failed {.code = ERROR_NOT_SUPPORTED, .description = }
01-19 12:39:00.380  1283  1518 E WifiVendorHal: getWifiLinkLayerStats_1_5_Internal(l.1191) failed {.code = ERROR_NOT_SUPPORTED, .description = }
01-19 12:39:03.358  1283  1331 E libperflog: [LIBPERFLOG] socket_local_client fail = -1
01-19 12:39:03.399  1283  1518 E WifiVendorHal: getWifiLinkLayerStats_1_5_Internal(l.1191) failed {.code = ERROR_NOT_SUPPORTED, .description = }
01-19 12:39:06.241  2037  2232 I PdnController: isWifiConnected: [type: WIFI[], state: CONNECTED/CONNECTED, reason: (unspecified), extra: , failover: false, available: true, roaming: false]
01-19 12:39:06.246  2037  2232 I PdnController: isWifiConnected: [type: WIFI[], state: CONNECTED/CONNECTED, reason: (unspecified), extra: , failover: false, available: true, roaming: false]
01-19 12:39:06.248  2037  2232 I PdnController: isWifiConnected: [type: WIFI[], state: CONNECTED/CONNECTED, reason: (unspecified), extra: , failover: false, available: true, roaming: false]
01-19 12:39:06.275  2037  2232 I PdnController: isWifiConnected: [type: WIFI[], state: CONNECTED/CONNECTED, reason: (unspecified), extra: , failover: false, available: true, roaming: false]
01-19 12:39:06.413  1283  1518 E WifiVendorHal: getWifiLinkLayerStats_1_5_Internal(l.1191) failed {.code = ERROR_NOT_SUPPORTED, .description = }
01-19 12:39:06.876  1283  1334 E libperflog: [LIBPERFLOG] socket_local_client fail = -1
01-19 12:39:09.429  1283  1518 E WifiVendorHal: getWifiLinkLayerStats_1_5_Internal(l.1191) failed {.code = ERROR_NOT_SUPPORTED, .description = }
01-19 12:39:09.475  4370  9889 I ChimeraSrvcProxy: NullBinder for android.net.action.RECOMMEND_NETWORKS triggering remote TransactionTooLargeException due to Service without Chimera impl
01-19 12:39:12.449  1283  1518 E WifiVendorHal: getWifiLinkLayerStats_1_5_Internal(l.1191) failed {.code = ERROR_NOT_SUPPORTED, .description = }
01-19 12:39:12.849  2037  2232 I PdnController: isWifiConnected: [type: WIFI[], state: CONNECTED/CONNECTED, reason: (unspecified), extra: , failover: false, available: true, roaming: false]
01-19 12:39:12.851  2037  2232 I PdnController: isWifiConnected: [type: WIFI[], state: CONNECTED/CONNECTED, reason: (unspecified), extra: , failover: false, available: true, roaming: false]
01-19 12:39:12.853  2037  2232 I PdnController: isWifiConnected: [type: WIFI[], state: CONNECTED/CONNECTED, reason: (unspecified), extra: , failover: false, available: true, roaming: false]
01-19 12:39:13.942  1283  1300 W System  : A resource failed to call close. 
01-19 12:39:14.363  2182  2182 E libprocessgroup: set_timerslack_ns write failed: Operation not permitted
01-19 12:39:14.411  2182  2182 E libprocessgroup: set_timerslack_ns write failed: Operation not permitted
01-19 12:39:15.462  1283  1518 E WifiVendorHal: getWifiLinkLayerStats_1_5_Internal(l.1191) failed {.code = ERROR_NOT_SUPPORTED, .description = }
01-19 12:39:16.780  2037  2232 I PdnController: isWifiConnected: [type: WIFI[], state: CONNECTED/CONNECTED, reason: (unspecified), extra: , failover: false, available: true, roaming: false]
01-19 12:39:16.785  2037  2232 I PdnController: isWifiConnected: [type: WIFI[], state: CONNECTED/CONNECTED, reason: (unspecified), extra: , failover: false, available: true, roaming: false]
01-19 12:39:16.788  2037  2232 I PdnController: isWifiConnected: [type: WIFI[], state: CONNECTED/CONNECTED, reason: (unspecified), extra: , failover: false, available: true, roaming: false]
01-19 12:39:16.818  2037  2232 I PdnController: isWifiConnected: [type: WIFI[], state: CONNECTED/CONNECTED, reason: (unspecified), extra: , failover: false, available: true, roaming: false]
01-19 12:39:18.477  1283  1518 E WifiVendorHal: getWifiLinkLayerStats_1_5_Internal(l.1191) failed {.code = ERROR_NOT_SUPPORTED, .description = }
01-19 12:39:21.496  1283  1518 E WifiVendorHal: getWifiLinkLayerStats_1_5_Internal(l.1191) failed {.code = ERROR_NOT_SUPPORTED, .description = }
01-19 12:39:24.514  1283  1518 E WifiVendorHal: getWifiLinkLayerStats_1_5_Internal(l.1191) failed {.code = ERROR_NOT_SUPPORTED, .description = }
01-19 12:39:25.106  2037  2232 I PdnController: isWifiConnected: [type: WIFI[], state: CONNECTED/CONNECTED, reason: (unspecified), extra: , failover: false, available: true, roaming: false]
01-19 12:39:25.109  2037  2232 I PdnController: isWifiConnected: [type: WIFI[], state: CONNECTED/CONNECTED, reason: (unspecified), extra: , failover: false, available: true, roaming: false]
01-19 12:39:25.112  2037  2232 I PdnController: isWifiConnected: [type: WIFI[], state: CONNECTED/CONNECTED, reason: (unspecified), extra: , failover: false, available: true, roaming: false]
01-19 12:39:25.133  2037  2232 I PdnController: isWifiConnected: [type: WIFI[], state: CONNECTED/CONNECTED, reason: (unspecified), extra: , failover: false, available: true, roaming: false]
01-19 12:39:25.743  1715  1731 W System  : A resource failed to call close. 
01-19 12:39:27.532  1283  1518 E WifiVendorHal: getWifiLinkLayerStats_1_5_Internal(l.1191) failed {.code = ERROR_NOT_SUPPORTED, .description = }
01-19 12:39:30.548  1283  1518 E WifiVendorHal: getWifiLinkLayerStats_1_5_Internal(l.1191) failed {.code = ERROR_NOT_SUPPORTED, .description = }
01-19 12:39:32.200  2182  2208 W System  : A resource failed to call release. 
01-19 12:39:32.200  2182  2208 W System  : A resource failed to call release. 
01-19 12:39:32.201  2182  2208 W System  : A resource failed to call release. 
01-19 12:39:33.566  1283  1518 E WifiVendorHal: getWifiLinkLayerStats_1_5_Internal(l.1191) failed {.code = ERROR_NOT_SUPPORTED, .description = }
01-19 12:39:36.581  1283  1518 E WifiVendorHal: getWifiLinkLayerStats_1_5_Internal(l.1191) failed {.code = ERROR_NOT_SUPPORTED, .description = }
01-19 12:39:36.586  1283  1334 E libperflog: [LIBPERFLOG] socket_local_client fail = -1
01-19 12:39:39.591  1283  1518 E WifiVendorHal: getWifiLinkLayerStats_1_5_Internal(l.1191) failed {.code = ERROR_NOT_SUPPORTED, .description = }
01-19 12:39:42.602  1283  1518 E WifiVendorHal: getWifiLinkLayerStats_1_5_Internal(l.1191) failed {.code = ERROR_NOT_SUPPORTED, .description = }
01-19 12:39:42.650  4370 15293 I ChimeraSrvcProxy: NullBinder for android.net.action.RECOMMEND_NETWORKS triggering remote TransactionTooLargeException due to Service without Chimera impl
01-19 12:39:45.622  1283  1518 E WifiVendorHal: getWifiLinkLayerStats_1_5_Internal(l.1191) failed {.code = ERROR_NOT_SUPPORTED, .description = }
01-19 12:39:48.639  1283  1518 E WifiVendorHal: getWifiLinkLayerStats_1_5_Internal(l.1191) failed {.code = ERROR_NOT_SUPPORTED, .description = }
01-19 12:39:51.656  1283  1518 E WifiVendorHal: getWifiLinkLayerStats_1_5_Internal(l.1191) failed {.code = ERROR_NOT_SUPPORTED, .description = }
01-19 12:39:54.672  1283  1518 E WifiVendorHal: getWifiLinkLayerStats_1_5_Internal(l.1191) failed {.code = ERROR_NOT_SUPPORTED, .description = }
01-19 12:39:56.621  1283  1334 E libperflog: [LIBPERFLOG] socket_local_client fail = -1
01-19 12:39:57.688  1283  1518 E WifiVendorHal: getWifiLinkLayerStats_1_5_Internal(l.1191) failed {.code = ERROR_NOT_SUPPORTED, .description = }
01-19 12:40:00.131 25631 25631 D ProcessState: Binder ioctl to enable oneway spam detection failed: Invalid argument
01-19 12:40:00.413 25631 25651 W DIAGMON_SDK[605060]: UncaughtExceptionLogging can't be enabled because Configuration is null
01-19 12:40:00.459 25631 25631 E StateUtils: isCoverClosed - SsdkUnsupportedException : This device is not supported Scover!!!
01-19 12:40:00.620 25631 25631 E StateUtils: SettingNotFoundException e = android.provider.Settings$SettingNotFoundException: car_mode_on
01-19 12:40:00.703  1283  1518 E WifiVendorHal: getWifiLinkLayerStats_1_5_Internal(l.1191) failed {.code = ERROR_NOT_SUPPORTED, .description = }
01-19 12:40:00.836 25631 25631 E ActivityThread: Failed to find provider info for com.samsung.android.hmt.vrsvc.vr
01-19 12:40:00.841 25631 25631 E StateUtils: isCoverClosed - SsdkUnsupportedException : This device is not supported Scover!!!
01-19 12:40:00.857 24072 24072 W System.err: android.app.ActivityManager No method java.lang.NoSuchMethodException: android.app.ActivityManager.getRecentTasksForUser [int, int, int]
01-19 12:40:00.861 24072 24072 W System.err: android.app.ActivityManager No method java.lang.NoSuchMethodException: android.app.ActivityManager.getRecentTasksForUser [int, int, int]
01-19 12:40:01.124 25631 25631 E ActivityThread: Failed to find provider info for com.samsung.android.app.spage.provider
01-19 12:40:01.285   715  1129 E HWComposer: getSupportedContentTypes: getSupportedContentTypes failed for display 0: Unsupported (8)
01-19 12:40:01.299 25631 25667 E ion     : ioctl c0044901 failed with code -1: Invalid argument
01-19 12:40:01.325 25631 25665 E IMGSRV  : :539: PVRSRVBridgeCall: Bridge call failed. sBridgePackage.ui32BridgeID:0x82, Function ID:0x10 errno 22 (Invalid argument).
01-19 12:40:01.325 25631 25665 E IMGSRV  : :2606: BridgeRGXCreateFreeList2: BridgeCall failed
01-19 12:40:01.794  1283 25677 E VibratorController: sehSetFrequencyType command failed(2).
01-19 12:40:02.139   880 25674 V NuPlayer: checkOffloadExceptions is true, call canOffloadStream
01-19 12:40:02.141   880 25674 V NuPlayer: checkOffloadExceptions is true, call canOffloadStream
01-19 12:40:02.170   880 25680 I CCodecConfig: query failed after returning 7 values (BAD_INDEX)
01-19 12:40:02.175   880 25680 I CCodecConfig: query failed after returning 7 values (BAD_INDEX)
01-19 12:40:02.233   707  7892 I AudioPolicyEffectException: MySpaceHandler::checkDetachCondition media 0, ring 1, mp 1
01-19 12:40:02.233   707  7892 I AudioPolicyEffectException: MySpace detach nofade
01-19 12:40:02.233   707  7892 I AudioPolicyEffectException: MySpace detach value 1
01-19 12:40:02.359   663 12089 W AudioALSAPlaybackHandlerNormal: open(), primary_play_scenario enable fail
01-19 12:40:02.427   663 12089 E AudioALSAPlaybackHandlerBase: -getHardwareBufferInfo(), pcm_get_htimestamp fail, ret = -1, pcm_get_error =  flag = 0xa
01-19 12:40:02.433   663 12089 E AudioALSAPlaybackHandlerBase: -getHardwareBufferInfo(), pcm_get_htimestamp fail, ret = -1, pcm_get_error =  flag = 0xa
01-19 12:40:02.437   663 12089 E AudioALSAPlaybackHandlerBase: -getHardwareBufferInfo(), pcm_get_htimestamp fail, ret = -1, pcm_get_error =  flag = 0xa
01-19 12:40:02.448   663 12089 E AudioALSAPlaybackHandlerBase: -getHardwareBufferInfo(), pcm_get_htimestamp fail, ret = -1, pcm_get_error =  flag = 0xa
01-19 12:40:02.459   663 12089 E AudioALSAPlaybackHandlerBase: -getHardwareBufferInfo(), pcm_get_htimestamp fail, ret = -1, pcm_get_error =  flag = 0xa
01-19 12:40:03.716  1283  1518 E WifiVendorHal: getWifiLinkLayerStats_1_5_Internal(l.1191) failed {.code = ERROR_NOT_SUPPORTED, .description = }
01-19 12:40:03.997  2182  2182 E libprocessgroup: set_timerslack_ns write failed: Operation not permitted
01-19 12:40:04.072  2182  2182 E libprocessgroup: set_timerslack_ns write failed: Operation not permitted
01-19 12:40:06.424   880 23315 W AMessage: failed to post message as target looper for handler 0 is gone.
01-19 12:40:06.465 25631 25631 E AlarmAlertPopupService: setUnregisterReceiver mScreenOffReceiver IllegalArgumentException
01-19 12:40:06.487 25631 25631 E ActivityThread: Failed to find provider info for com.samsung.android.app.spage.provider
01-19 12:40:06.731  1283  1518 E WifiVendorHal: getWifiLinkLayerStats_1_5_Internal(l.1191) failed {.code = ERROR_NOT_SUPPORTED, .description = }
01-19 12:40:09.743  1283  1518 E WifiVendorHal: getWifiLinkLayerStats_1_5_Internal(l.1191) failed {.code = ERROR_NOT_SUPPORTED, .description = }
01-19 12:40:12.762  1283  1518 E WifiVendorHal: getWifiLinkLayerStats_1_5_Internal(l.1191) failed {.code = ERROR_NOT_SUPPORTED, .description = }
01-19 12:40:15.780  1283  1518 E WifiVendorHal: getWifiLinkLayerStats_1_5_Internal(l.1191) failed {.code = ERROR_NOT_SUPPORTED, .description = }
01-19 12:40:18.798  1283  1518 E WifiVendorHal: getWifiLinkLayerStats_1_5_Internal(l.1191) failed {.code = ERROR_NOT_SUPPORTED, .description = }
01-19 12:40:21.475  1283  1300 W System  : A resource failed to call close. 
01-19 12:40:21.817  1283  1518 E WifiVendorHal: getWifiLinkLayerStats_1_5_Internal(l.1191) failed {.code = ERROR_NOT_SUPPORTED, .description = }
01-19 12:40:24.833  1283  1518 E WifiVendorHal: getWifiLinkLayerStats_1_5_Internal(l.1191) failed {.code = ERROR_NOT_SUPPORTED, .description = }
01-19 12:40:27.853  1283  1518 E WifiVendorHal: getWifiLinkLayerStats_1_5_Internal(l.1191) failed {.code = ERROR_NOT_SUPPORTED, .description = }
01-19 12:40:30.873  1283  1518 E WifiVendorHal: getWifiLinkLayerStats_1_5_Internal(l.1191) failed {.code = ERROR_NOT_SUPPORTED, .description = }
01-19 12:40:33.891  1283  1518 E WifiVendorHal: getWifiLinkLayerStats_1_5_Internal(l.1191) failed {.code = ERROR_NOT_SUPPORTED, .description = }
01-19 12:40:36.909  1283  1518 E WifiVendorHal: getWifiLinkLayerStats_1_5_Internal(l.1191) failed {.code = ERROR_NOT_SUPPORTED, .description = }
01-19 12:40:39.928  1283  1518 E WifiVendorHal: getWifiLinkLayerStats_1_5_Internal(l.1191) failed {.code = ERROR_NOT_SUPPORTED, .description = }
01-19 12:40:42.945  1283  1518 E WifiVendorHal: getWifiLinkLayerStats_1_5_Internal(l.1191) failed {.code = ERROR_NOT_SUPPORTED, .description = }
01-19 12:40:45.962  1283  1518 E WifiVendorHal: getWifiLinkLayerStats_1_5_Internal(l.1191) failed {.code = ERROR_NOT_SUPPORTED, .description = }
01-19 12:40:48.981  1283  1518 E WifiVendorHal: getWifiLinkLayerStats_1_5_Internal(l.1191) failed {.code = ERROR_NOT_SUPPORTED, .description = }
01-19 12:40:52.000  1283  1518 E WifiVendorHal: getWifiLinkLayerStats_1_5_Internal(l.1191) failed {.code = ERROR_NOT_SUPPORTED, .description = }
01-19 12:40:55.017  1283  1518 E WifiVendorHal: getWifiLinkLayerStats_1_5_Internal(l.1191) failed {.code = ERROR_NOT_SUPPORTED, .description = }
01-19 12:40:58.032  1283  1518 E WifiVendorHal: getWifiLinkLayerStats_1_5_Internal(l.1191) failed {.code = ERROR_NOT_SUPPORTED, .description = }
01-19 12:41:01.045  1283  1518 E WifiVendorHal: getWifiLinkLayerStats_1_5_Internal(l.1191) failed {.code = ERROR_NOT_SUPPORTED, .description = }
01-19 12:41:01.696  1283  1348 E KernelCpuSpeedReader: Failed to read cpu-freq: /sys/devices/system/cpu/cpu4/cpufreq/stats/time_in_state: open failed: ENOENT (No such file or directory)
01-19 12:41:01.698  1283  1348 E KernelCpuSpeedReader: Failed to read cpu-freq: /sys/devices/system/cpu/cpu0/cpufreq/stats/time_in_state: open failed: ENOENT (No such file or directory)
01-19 12:41:04.059  1283  1518 E WifiVendorHal: getWifiLinkLayerStats_1_5_Internal(l.1191) failed {.code = ERROR_NOT_SUPPORTED, .description = }
01-19 12:41:07.069  1283  1518 E WifiVendorHal: getWifiLinkLayerStats_1_5_Internal(l.1191) failed {.code = ERROR_NOT_SUPPORTED, .description = }
01-19 12:41:10.085  1283  1518 E WifiVendorHal: getWifiLinkLayerStats_1_5_Internal(l.1191) failed {.code = ERROR_NOT_SUPPORTED, .description = }
01-19 12:41:13.101  1283  1518 E WifiVendorHal: getWifiLinkLayerStats_1_5_Internal(l.1191) failed {.code = ERROR_NOT_SUPPORTED, .description = }
01-19 12:41:16.117  1283  1518 E WifiVendorHal: getWifiLinkLayerStats_1_5_Internal(l.1191) failed {.code = ERROR_NOT_SUPPORTED, .description = }
01-19 12:41:19.133  1283  1518 E WifiVendorHal: getWifiLinkLayerStats_1_5_Internal(l.1191) failed {.code = ERROR_NOT_SUPPORTED, .description = }
01-19 12:41:22.148  1283  1518 E WifiVendorHal: getWifiLinkLayerStats_1_5_Internal(l.1191) failed {.code = ERROR_NOT_SUPPORTED, .description = }
01-19 12:41:25.164  1283  1518 E WifiVendorHal: getWifiLinkLayerStats_1_5_Internal(l.1191) failed {.code = ERROR_NOT_SUPPORTED, .description = }
01-19 12:41:28.180  1283  1518 E WifiVendorHal: getWifiLinkLayerStats_1_5_Internal(l.1191) failed {.code = ERROR_NOT_SUPPORTED, .description = }
01-19 12:41:30.586  2037  2232 I PdnController: isWifiConnected: [type: WIFI[], state: CONNECTED/CONNECTED, reason: (unspecified), extra: , failover: false, available: true, roaming: false]
01-19 12:41:30.592  2037  2232 I PdnController: isWifiConnected: [type: WIFI[], state: CONNECTED/CONNECTED, reason: (unspecified), extra: , failover: false, available: true, roaming: false]
01-19 12:41:30.596  2037  2232 I PdnController: isWifiConnected: [type: WIFI[], state: CONNECTED/CONNECTED, reason: (unspecified), extra: , failover: false, available: true, roaming: false]
01-19 12:41:30.626  2037  2232 I PdnController: isWifiConnected: [type: WIFI[], state: CONNECTED/CONNECTED, reason: (unspecified), extra: , failover: false, available: true, roaming: false]
01-19 12:41:31.196  1283  1518 E WifiVendorHal: getWifiLinkLayerStats_1_5_Internal(l.1191) failed {.code = ERROR_NOT_SUPPORTED, .description = }
01-19 12:41:34.213  1283  1518 E WifiVendorHal: getWifiLinkLayerStats_1_5_Internal(l.1191) failed {.code = ERROR_NOT_SUPPORTED, .description = }
01-19 12:41:34.569  2037  2232 I PdnController: isWifiConnected: [type: WIFI[], state: CONNECTED/CONNECTED, reason: (unspecified), extra: , failover: false, available: true, roaming: false]
01-19 12:41:34.571  2037  2232 I PdnController: isWifiConnected: [type: WIFI[], state: CONNECTED/CONNECTED, reason: (unspecified), extra: , failover: false, available: true, roaming: false]
01-19 12:41:34.573  2037  2232 I PdnController: isWifiConnected: [type: WIFI[], state: CONNECTED/CONNECTED, reason: (unspecified), extra: , failover: false, available: true, roaming: false]
01-19 12:41:34.594  2037  2232 I PdnController: isWifiConnected: [type: WIFI[], state: CONNECTED/CONNECTED, reason: (unspecified), extra: , failover: false, available: true, roaming: false]
01-19 12:41:37.229  1283  1518 E WifiVendorHal: getWifiLinkLayerStats_1_5_Internal(l.1191) failed {.code = ERROR_NOT_SUPPORTED, .description = }
01-19 12:41:40.248  1283  1518 E WifiVendorHal: getWifiLinkLayerStats_1_5_Internal(l.1191) failed {.code = ERROR_NOT_SUPPORTED, .description = }
01-19 12:41:42.055  1283  1334 E libperflog: [LIBPERFLOG] socket_local_client fail = -1
01-19 12:41:42.063  2182  2182 E libprocessgroup: set_timerslack_ns write failed: Operation not permitted
01-19 12:41:42.110  2182  2182 E libprocessgroup: set_timerslack_ns write failed: Operation not permitted
01-19 12:41:42.414  1283  1300 W System  : A resource failed to call close. 
01-19 12:41:43.264  1283  1518 E WifiVendorHal: getWifiLinkLayerStats_1_5_Internal(l.1191) failed {.code = ERROR_NOT_SUPPORTED, .description = }
01-19 12:41:46.282  1283  1518 E WifiVendorHal: getWifiLinkLayerStats_1_5_Internal(l.1191) failed {.code = ERROR_NOT_SUPPORTED, .description = }
01-19 12:41:49.299  1283  1518 E WifiVendorHal: getWifiLinkLayerStats_1_5_Internal(l.1191) failed {.code = ERROR_NOT_SUPPORTED, .description = }
01-19 12:41:52.315  1283  1518 E WifiVendorHal: getWifiLinkLayerStats_1_5_Internal(l.1191) failed {.code = ERROR_NOT_SUPPORTED, .description = }
01-19 12:41:55.334  1283  1518 E WifiVendorHal: getWifiLinkLayerStats_1_5_Internal(l.1191) failed {.code = ERROR_NOT_SUPPORTED, .description = }
01-19 12:41:58.349  1283  1518 E WifiVendorHal: getWifiLinkLayerStats_1_5_Internal(l.1191) failed {.code = ERROR_NOT_SUPPORTED, .description = }
01-19 12:41:58.414 25726 25726 D ProcessState: Binder ioctl to enable oneway spam detection failed: Invalid argument
01-19 12:41:58.643 25726 25726 D d       : ExceptionHandlerManager not explicitly initialized, using default mode
01-19 12:41:58.643 25726 25726 D d       : initializing exception handler manager, prioritized=true
01-19 12:41:58.654 16492 25770 E SingleDataFileGroupPop: Failed to add file group 
01-19 12:41:58.654 16492 25766 E SingleDataFileGroupPop: Failed to add file group 
01-19 12:41:58.657 16492 25771 E SingleDataFileGroupPop: Failed to add file group 
01-19 12:41:58.694 25726 25745 D hw-ProcessState: Binder ioctl to enable oneway spam detection failed: Invalid argument
01-19 12:41:58.727 25726 25726 W SQLiteLog: (28) failed to open "/data/user/0/com.facebook.appmanager/databases/androidx.work.workdb" with flag (163842) and mode_t (0) due to error (2)
01-19 12:41:58.727 25726 25726 W SQLiteLog: (28) failed to open "/data/user/0/com.facebook.appmanager/databases/androidx.work.workdb" with flag (163840) and mode_t (0) due to error (2)
01-19 12:41:58.727 25726 25726 E SQLiteLog: (14) cannot open file at line 40888 of [bcd014c473]
01-19 12:41:58.727 25726 25726 E SQLiteLog: (14) os_unix.c:40888: (2) open(/data/user/0/com.facebook.appmanager/databases/androidx.work.workdb) - 
01-19 12:41:58.727 25726 25726 E SQLiteLog: (1) Process book.appmanager : Pid (25726) Uid (10179) Euid (10179) Gid (10179) Egid (10179)
01-19 12:41:58.727 25726 25726 E SQLiteLog: (1) osStat failed "/data/user/0/com.facebook.appmanager/databases/androidx.work.workdb" due to error (2)
01-19 12:41:58.727 25726 25726 E SQLiteLog: (1) Stat of /data/user/0/com.facebook.appmanager/databases : st_mode(40771) st_uid(10179) st_gid(10179) st_ino(8074)
01-19 12:41:58.727 25726 25726 E SQLiteLog: (1) Stat of /data/user/0/com.facebook.appmanager : st_mode(40700) st_uid(10179) st_gid(10179) st_ino(6016)
01-19 12:41:58.728 25726 25726 E SQLiteLog: (1) Stat of /data/user/0 : st_mode(40751) st_uid(0) st_gid(0) st_ino(4091485)
01-19 12:41:58.728 25726 25726 E SQLiteLog: (1) Stat of /data/user : st_mode(40751) st_uid(0) st_gid(0) st_ino(4091486)
01-19 12:41:58.728 25726 25726 E SQLiteLog: (1) Stat of /data : st_mode(40771) st_uid(1000) st_gid(1000) st_ino(3)
01-19 12:41:58.731 25726 25726 E SQLiteDatabase: Failed to open database '/data/user/0/com.facebook.appmanager/databases/androidx.work.workdb'.
01-19 12:41:58.731 25726 25726 E SQLiteDatabase: android.database.sqlite.SQLiteCantOpenDatabaseException: Cannot open database '/data/user/0/com.facebook.appmanager/databases/androidx.work.workdb': File /data/user/0/com.facebook.appmanager/databases/androidx.work.workdb doesn't exist
01-19 12:41:58.731 25726 25726 E SQLiteDatabase: 	at android.database.sqlite.SQLiteConnection.open(SQLiteConnection.java:371)
01-19 12:41:58.731 25726 25726 E SQLiteDatabase: 	at android.database.sqlite.SQLiteConnection.open(SQLiteConnection.java:226)
01-19 12:41:58.731 25726 25726 E SQLiteDatabase: 	at android.database.sqlite.SQLiteConnectionPool.openConnectionLocked(SQLiteConnectionPool.java:736)
01-19 12:41:58.731 25726 25726 E SQLiteDatabase: 	at android.database.sqlite.SQLiteConnectionPool.open(SQLiteConnectionPool.java:284)
01-19 12:41:58.731 25726 25726 E SQLiteDatabase: 	at android.database.sqlite.SQLiteConnectionPool.open(SQLiteConnectionPool.java:251)
01-19 12:41:58.731 25726 25726 E SQLiteDatabase: 	at android.database.sqlite.SQLiteDatabase.openInner(SQLiteDatabase.java:1415)
01-19 12:41:58.731 25726 25726 E SQLiteDatabase: 	at android.database.sqlite.SQLiteDatabase.open(SQLiteDatabase.java:1356)
01-19 12:41:58.731 25726 25726 E SQLiteDatabase: 	at android.database.sqlite.SQLiteDatabase.openDatabase(SQLiteDatabase.java:1024)
01-19 12:41:58.731 25726 25726 E SQLiteDatabase: 	at android.database.sqlite.SQLiteDatabase.openDatabase(SQLiteDatabase.java:962)
01-19 12:41:58.731 25726 25726 E SQLiteDatabase: 	at com.facebook.oxygen.common.androidx.workmanager.initializer.b.a(WorkManagerDatabase.java:22)
01-19 12:41:58.731 25726 25726 E SQLiteDatabase: 	at com.facebook.oxygen.appmanager.app.c.a(AppManagerApplicationImpl.java:21)
01-19 12:41:58.731 25726 25726 E SQLiteDatabase: 	at com.facebook.oxygen.common.f.b.d.onCreate(OxpDelegatingApplication.java:83)
01-19 12:41:58.731 25726 25726 E SQLiteDatabase: 	at android.app.Instrumentation.callApplicationOnCreate(Instrumentation.java:1211)
01-19 12:41:58.731 25726 25726 E SQLiteDatabase: 	at android.app.ActivityThread.handleBindApplication(ActivityThread.java:7506)
01-19 12:41:58.731 25726 25726 E SQLiteDatabase: 	at android.app.ActivityThread.access$1600(ActivityThread.java:310)
01-19 12:41:58.731 25726 25726 E SQLiteDatabase: 	at android.app.ActivityThread$H.handleMessage(ActivityThread.java:2281)
01-19 12:41:58.731 25726 25726 E SQLiteDatabase: 	at android.os.Handler.dispatchMessage(Handler.java:106)
01-19 12:41:58.731 25726 25726 E SQLiteDatabase: 	at android.os.Looper.loopOnce(Looper.java:226)
01-19 12:41:58.731 25726 25726 E SQLiteDatabase: 	at android.os.Looper.loop(Looper.java:313)
01-19 12:41:58.731 25726 25726 E SQLiteDatabase: 	at android.app.ActivityThread.main(ActivityThread.java:8663)
01-19 12:41:58.731 25726 25726 E SQLiteDatabase: 	at java.lang.reflect.Method.invoke(Native Method)
01-19 12:41:58.731 25726 25726 E SQLiteDatabase: 	at com.android.internal.os.RuntimeInit$MethodAndArgsCaller.run(RuntimeInit.java:571)
01-19 12:41:58.731 25726 25726 E SQLiteDatabase: 	at com.android.internal.os.ZygoteInit.main(ZygoteInit.java:1135)
01-19 12:41:58.731 25726 25726 E SQLiteDatabase: Caused by: android.database.sqlite.SQLiteCantOpenDatabaseException: unknown error (code 1806 SQLITE_CANTOPEN_ENOENT[1806]): Could not open database
01-19 12:41:58.731 25726 25726 E SQLiteDatabase: 	at android.database.sqlite.SQLiteConnection.nativeOpen(Native Method)
01-19 12:41:58.731 25726 25726 E SQLiteDatabase: 	at android.database.sqlite.SQLiteConnection.open(SQLiteConnection.java:341)
01-19 12:41:58.731 25726 25726 E SQLiteDatabase: 	... 22 more
01-19 12:41:58.789 16492 25771 E PhFileGroupPop: Failed to add file group 
01-19 12:41:58.790 16492 25771 E PhFileGroupPop: Failed to add file group 
