01-19 12:41:58.792 16492 25770 E PhFileGroupPop: Failed to add file group 
01-19 12:41:58.793 16492 25766 E PhFileGroupPop: Failed to add file group 
01-19 12:41:58.794 16492 25770 E PhFileGroupPop: Failed to add file group 
01-19 12:41:58.797 16492 25770 E PhFileGroupPop: Failed to add file group 
01-19 12:41:58.797 16492 25770 E PhFileGroupPop: Failed to add file group 
01-19 12:41:58.798 16492 25770 E PhFileGroupPop: Failed to add file group 
01-19 12:41:58.798 16492 25771 E PhFileGroupPop: Failed to add file group 
01-19 12:41:58.798 16492 25771 E PhFileGroupPop: Failed to add file group 
01-19 12:41:58.798 16492 25771 E PhFileGroupPop: Failed to add file group 
01-19 12:41:58.799 16492 25766 E PhFileGroupPop: Failed to add file group 
01-19 12:41:58.803 16492 25766 E PhFileGroupPop: Failed to add file group 
01-19 12:41:58.804 16492 25766 E PhFileGroupPop: Failed to add file group 
01-19 12:41:58.805 16492 25766 E PhFileGroupPop: Failed to add file group 
01-19 12:41:58.818 16492 25770 E PhFileGroupPop: Failed to add file group 
01-19 12:41:58.818 16492 25766 E PhFileGroupPop: Failed to add file group 
01-19 12:41:58.819 16492 25766 E PhFileGroupPop: Failed to add file group 
01-19 12:41:58.819 16492 25766 E PhFileGroupPop: Failed to add file group 
01-19 12:41:58.821 16492 25770 E PhFileGroupPop: Failed to add file group 
01-19 12:41:58.824 16492 25770 E PhFileGroupPop: Failed to add file group 
01-19 12:41:58.827 16492 25771 E PhFileGroupPop: Failed to add file group 
01-19 12:41:58.827 16492 25771 E PhFileGroupPop: Failed to add file group 
01-19 12:41:58.827 16492 25771 E PhFileGroupPop: Failed to add file group 
01-19 12:41:58.863 25780 25780 D ProcessState: Binder ioctl to enable oneway spam detection failed: Invalid argument
01-19 12:41:58.904 25782 25782 D ProcessState: Binder ioctl to enable oneway spam detection failed: Invalid argument
01-19 12:41:58.942 16492 25766 E SingleDataFileGroupPop: Failed to add file group 
01-19 12:41:58.945 16492 25771 E SingleDataFileGroupPop: Failed to add file group 
01-19 12:41:58.947 16492 25770 E SingleDataFileGroupPop: Failed to add file group 
01-19 12:41:58.977 25800 25800 D ProcessState: Binder ioctl to enable oneway spam detection failed: Invalid argument
01-19 12:41:59.139 25844 25844 D ProcessState: Binder ioctl to enable oneway spam detection failed: Invalid argument
01-19 12:41:59.390 25844 25860 D hw-ProcessState: Binder ioctl to enable oneway spam detection failed: Invalid argument
01-19 12:41:59.437 16492 16492 W evvh    : Failed to delete WebView profile.
01-19 12:41:59.437 16492 16492 W evvh    : java.lang.IllegalArgumentException: Cannot delete the default profile
01-19 12:41:59.749 25726 25836 E ActivityThread: Failed to find provider info for com.whatsapp.w4b.provider.phoneid
01-19 12:41:59.781 25726 25836 E ActivityThread: Failed to find provider info for com.whatsapp.provider.phoneid
01-19 12:41:59.877 25962 25962 D ProcessState: Binder ioctl to enable oneway spam detection failed: Invalid argument
01-19 12:41:59.914 25782 25965 E ActivityThread: Failed to find provider info for com.zipoapps.testykal.provider.TestyContentProvider
01-19 12:42:00.046 25990 25990 D ProcessState: Binder ioctl to enable oneway spam detection failed: Invalid argument
01-19 12:42:00.377  1283  1376 E VerityUtils: Failed to measure fs-verity, errno 1: /data/app/~~edzv6C3v32pehyu6l5AEUw==/com.ashnatech.thirdeye.intruderselfie.backgroundvideorecording-XFHSM-UKXmI6fyLVj_S3XA==/base.apk
01-19 12:42:00.490  1283  3604 W ServiceManager: Permission failure: android.permission.HIGH_SAMPLING_RATE_SENSORS from uid=10733 pid=25782
01-19 12:42:00.494  1283  3622 W ServiceManager: Permission failure: android.permission.HIGH_SAMPLING_RATE_SENSORS from uid=10733 pid=25782
01-19 12:42:00.497  1283  3604 W ServiceManager: Permission failure: android.permission.HIGH_SAMPLING_RATE_SENSORS from uid=10733 pid=25782
01-19 12:42:00.533 25782 26062 W dvideorecordin: Method void com.yandex.metrica.impl.ob.Ni.a(android.os.Bundle) failed lock verification and will run slower.
01-19 12:42:00.709 26077 26077 D ProcessState: Binder ioctl to enable oneway spam detection failed: Invalid argument
01-19 12:42:00.852 16492 16552 I couq    : Omnient is not available - system feature check failed
01-19 12:42:00.947 16492 16528 I dlci    : (REDACTED) Setting isLegacySQLite mode to %s.
01-19 12:42:01.067 26077 26109 E SQLiteLog: (10) POSIX Error : 11 SQLite Error : 3850
01-19 12:42:01.069 26077 26109 E SQLiteLog: (10) LOCK : Getting pending lock for (1) failed due to (11). The current owner is (25782).
01-19 12:42:01.070 26077 26109 E SQLiteLog: (10) POSIX Error : 11 SQLite Error : 3850
01-19 12:42:01.070 26077 26109 E SQLiteLog: (10) LOCK : Getting pending lock for (1) failed due to (11). The current owner is (25782).
01-19 12:42:01.072 26077 26109 E SQLiteLog: (10) POSIX Error : 11 SQLite Error : 3850
01-19 12:42:01.073 26077 26109 E SQLiteLog: (10) LOCK : Getting pending lock for (1) failed due to (11). The current owner is (25782).
01-19 12:42:01.077 16492 16536 I dlci    : (REDACTED) Setting isLegacySQLite mode to %s.
01-19 12:42:01.078 26077 26109 E SQLiteLog: (10) POSIX Error : 11 SQLite Error : 3850
01-19 12:42:01.078 26077 26109 E SQLiteLog: (10) LOCK : Getting pending lock for (1) failed due to (11). The current owner is (25782).
01-19 12:42:01.088 26077 26109 E SQLiteLog: (10) POSIX Error : 11 SQLite Error : 3850
01-19 12:42:01.088 26077 26109 E SQLiteLog: (10) LOCK : Getting pending lock for (1) failed due to (11). The current owner is (25782).
01-19 12:42:01.089 24135 24150 D hw-ProcessState: Binder ioctl to enable oneway spam detection failed: Invalid argument
01-19 12:42:01.103 26077 26109 E SQLiteLog: (10) POSIX Error : 11 SQLite Error : 3850
01-19 12:42:01.103 26077 26109 E SQLiteLog: (10) LOCK : Getting pending lock for (1) failed due to (11). The current owner is (25782).
01-19 12:42:01.124 26077 26109 E SQLiteLog: (10) POSIX Error : 11 SQLite Error : 3850
01-19 12:42:01.124 26077 26109 E SQLiteLog: (10) LOCK : Getting pending lock for (1) failed due to (11). The current owner is (25782).
01-19 12:42:01.149 26077 26109 E SQLiteLog: (10) POSIX Error : 11 SQLite Error : 3850
01-19 12:42:01.149 26077 26109 E SQLiteLog: (10) LOCK : Getting pending lock for (1) failed due to (11). The current owner is (25782).
01-19 12:42:01.164 25800 25800 W DIAGMON_SDK[605060]: UncaughtExceptionLogging can't be enabled because Configuration is null
01-19 12:42:01.170  1283  1283 E libperflog: [LIBPERFLOG] socket_local_client fail = -1
01-19 12:42:01.174 26077 26109 E SQLiteLog: (10) POSIX Error : 11 SQLite Error : 3850
01-19 12:42:01.174 26077 26109 E SQLiteLog: (10) LOCK : Getting pending lock for (1) failed due to (11). The current owner is (25782).
01-19 12:42:01.333  1283  1283 E libperflog: [LIBPERFLOG] socket_local_client fail = -1
01-19 12:42:01.364  1283  1518 E WifiVendorHal: getWifiLinkLayerStats_1_5_Internal(l.1191) failed {.code = ERROR_NOT_SUPPORTED, .description = }
01-19 12:42:01.497 26077 26155 W cording:Metric: Method void com.yandex.metrica.impl.ob.Ni.a(android.os.Bundle) failed lock verification and will run slower.
01-19 12:42:01.767 25990 26175 D hw-ProcessState: Binder ioctl to enable oneway spam detection failed: Invalid argument
01-19 12:42:01.857 25990 26175 E ion     : ioctl c0044901 failed with code -1: Invalid argument
01-19 12:42:02.153 25990 26024 E AbstractPhoneIdProvider: Failed to call queryForIds
01-19 12:42:02.153 25990 26024 E AbstractPhoneIdProvider: java.lang.SecurityException: Caller Identity 'AppIdentity{uid=10179, packageNames=[com.facebook.appmanager], sha2=uSEJtZCVlVzKr17Lzw8VPslkCkZYwQFmetlrfkmaQJI, version=115.0.13, domain=null, flags=549994181}' is not trusted
01-19 12:42:02.169 25990 25990 W MDCLLight: Failed to load class from parent: kotlinx.coroutines.test.internal.TestMainDispatcherFactory
01-19 12:42:02.169 25990 25990 W MDCLLight: java.lang.ClassNotFoundException: kotlinx.coroutines.test.internal.TestMainDispatcherFactory
01-19 12:42:02.169 25990 25990 W MDCLLight: Caused by: java.lang.NoClassDefFoundError: Class not found using the boot class loader; no stack trace available
01-19 12:42:02.169 25990 25990 E MDCLLight: Fallback load dex failed for kotlinx.coroutines.test.internal.TestMainDispatcherFactory
01-19 12:42:02.189 24135 26152 I SamsungAccount: [LocalBusinessException] Not Skip Name Validation by AppId
01-19 12:42:02.216 25990 25990 E HiddenApis2: Failed to init DecodeJObjectFuncPtr
01-19 12:42:02.438 16492 16546 I couq    : Omnient is not available - system feature check failed
01-19 12:42:02.512 25990 25990 W IgMetaConfig: java.lang.RuntimeException: Could not obtain MC, call-site will receive default values
01-19 12:42:02.527 25990 25990 W IgMetaConfig: java.lang.RuntimeException: Could not obtain MC, call-site will receive default values
01-19 12:42:02.531 25990 25990 W IgMetaConfig: java.lang.RuntimeException: Could not obtain MC, call-site will receive default values
01-19 12:42:02.532 25990 25990 W IgMetaConfig: java.lang.RuntimeException: Could not obtain MC, call-site will receive default values
01-19 12:42:02.555 25990 26189 W ProcessAnrErrorMonitor: startMonitoring with delay: 0
01-19 12:42:02.565  1283  1300 W System  : A resource failed to call close. 
01-19 12:42:02.829 25990 25990 W IgMetaConfig: java.lang.RuntimeException: Could not obtain MC, call-site will receive default values
01-19 12:42:02.832 25990 26255 W ProcessAnrErrorMonitor: Starting process monitor checks for process 'com.instagram.android'
01-19 12:42:02.832 16492 16536 I dlci    : (REDACTED) Setting isLegacySQLite mode to %s.
01-19 12:42:02.864 25990 26210 E HiddenApis2: Failed to init DecodeJObjectFuncPtr
01-19 12:42:02.909 16492 16553 I couq    : Omnient is not available - system feature check failed
01-19 12:42:02.924 25990 26210 D ArtDistract: Did not find a symbol while calling findFunc_ClassLinker_GetQuickOatCodeFor for sym info. Found Error: -47
01-19 12:42:02.924 25990 26210 W ArtDistract: Could not hook method on this platform since initialization failed.
01-19 12:42:02.998 16492 16528 W fyac    : Failed to create JWT helper. This is unexpected
01-19 12:42:02.998 16492 16528 W fyac    : java.lang.NoSuchMethodException: fgou.getScopes []
01-19 12:42:03.141 25990 26296 W QPLConfig: failed to load config
01-19 12:42:03.141 25990 26296 W QPLConfig: java.io.FileNotFoundException: /data/user/0/com.instagram.android/app_qpl/qpl_sampling_config_v2.null: open failed: ENOENT (No such file or directory)
01-19 12:42:03.141 25990 26296 W QPLConfig: Caused by: android.system.ErrnoException: open failed: ENOENT (No such file or directory)
01-19 12:42:03.548 25990 25990 W IgMetaConfig: java.lang.RuntimeException: Could not obtain MC, call-site will receive default values
01-19 12:42:03.576 25990 26284 W IgMetaConfig: java.lang.RuntimeException: Could not obtain MC, call-site will receive default values
01-19 12:42:03.887 16492 16573 W civy    : Failed to fetch enrollment status from OnePlatform
01-19 12:42:03.887 16492 16573 W civy    : Caused by: java.lang.IllegalStateException: Used non-google account without enabling API Key fallback
01-19 12:42:04.088 25990 25990 W MDCLLight: Failed to load class from parent: com.amazon.device.messaging.ADM
01-19 12:42:04.088 25990 25990 W MDCLLight: java.lang.ClassNotFoundException: com.amazon.device.messaging.ADM
01-19 12:42:04.088 25990 25990 W MDCLLight: Caused by: java.lang.NoClassDefFoundError: Class not found using the boot class loader; no stack trace available
01-19 12:42:04.089 25990 25990 E MDCLLight: Fallback load dex failed for com.amazon.device.messaging.ADM
01-19 12:42:04.176 25990 26428 W MDCLLight: Failed to load class from parent: org.apache.http.entity.InputStreamEntity
01-19 12:42:04.176 25990 26428 W MDCLLight: java.lang.ClassNotFoundException: org.apache.http.entity.InputStreamEntity
01-19 12:42:04.176 25990 26428 W MDCLLight: Caused by: java.lang.NoClassDefFoundError: Class not found using the boot class loader; no stack trace available
01-19 12:42:04.177 25990 26428 E MDCLLight: Fallback load dex failed for org.apache.http.entity.InputStreamEntity
01-19 12:42:04.222 25990 26425 I CCodecConfig: query failed after returning 11 values (BAD_INDEX)
01-19 12:42:04.265  1283  3628 W ServiceManager: Permission failure: android.permission.HIGH_SAMPLING_RATE_SENSORS from uid=5010 pid=25800
01-19 12:42:04.395 25990 26476 I CCodecConfig: query failed after returning 19 values (BAD_INDEX)
01-19 12:42:04.407  1283  1518 E WifiVendorHal: getWifiLinkLayerStats_1_5_Internal(l.1191) failed {.code = ERROR_NOT_SUPPORTED, .description = }
01-19 12:42:04.456 26416 26416 D ProcessState: Binder ioctl to enable oneway spam detection failed: Invalid argument
01-19 12:42:04.456   479  6735 E keystore2/km_compat: !@ getCertificate :  errorCode = -66
01-19 12:42:04.467   479  6735 E keystore2: keystore2::error: In generate_key. 10913, Some("the_well_of_wishes_awaits_in_the_crypt_of_decay_6759b60b-e7e1-4373-9b30-6e2cfcee7242")
01-19 12:42:04.467   479  6735 E keystore2:     1: Error::Km(ErrorCode(-66))
01-19 12:42:04.589 26514 26514 D ProcessState: Binder ioctl to enable oneway spam detection failed: Invalid argument
01-19 12:42:04.653   479  6735 E keystore2: keystore2::error: Rc(ResponseCode(7)), "In delete_key: Trying to unbind the key. 10913, Some(\"the_well_of_wishes_awaits_in_the_crypt_of_decay_6759b60b-e7e1-4373-9b30-6e2cfcee7242\")"
01-19 12:42:04.838 25990 26235 W MultiSignalANRDetectorLacrima: Pausing error state checks
01-19 12:42:04.839 24135 26541 I SamsungAccount: [LocalBusinessException] Not Skip Name Validation by AppId
01-19 12:42:04.909  1283  1334 E libperflog: [LIBPERFLOG] socket_local_client fail = -1
01-19 12:42:04.909 25800 26243 E Rubin   : [95] GeofenceManager.addGeofence(:9) : Failed to register a fence - code(-5)
01-19 12:42:04.930 25962 26222 W om.whatsapp.w4: Long monitor contention with owner WhatsApp Worker #11 (26396) at android.database.sqlite.SQLiteConnection android.database.sqlite.SQLiteConnectionPool.waitForConnection(java.lang.String, int, android.os.CancellationSignal)(SQLiteConnectionPool.java:976) waiters=2 in android.database.sqlite.SQLiteConnection android.database.sqlite.SQLiteConnectionPool.waitForConnection(java.lang.String, int, android.os.CancellationSignal) for 559ms
01-19 12:42:04.930 25962 26230 W om.whatsapp.w4: Long monitor contention with owner WhatsApp Worker #11 (26396) at android.database.sqlite.SQLiteConnection android.database.sqlite.SQLiteConnectionPool.waitForConnection(java.lang.String, int, android.os.CancellationSignal)(SQLiteConnectionPool.java:976) waiters=0 in void android.database.sqlite.SQLiteConnectionPool.releaseConnection(android.database.sqlite.SQLiteConnection) for 771ms
01-19 12:42:04.933 25962 26220 W om.whatsapp.w4: Long monitor contention with owner WhatsApp Worker #11 (26396) at android.database.sqlite.SQLiteConnection android.database.sqlite.SQLiteConnectionPool.waitForConnection(java.lang.String, int, android.os.CancellationSignal)(SQLiteConnectionPool.java:976) waiters=1 in android.database.sqlite.SQLiteConnection android.database.sqlite.SQLiteConnectionPool.waitForConnection(java.lang.String, int, android.os.CancellationSignal) for 743ms
01-19 12:42:04.935 25962 26394 W om.whatsapp.w4: Long monitor contention with owner WhatsApp Worker #11 (26396) at android.database.sqlite.SQLiteConnection android.database.sqlite.SQLiteConnectionPool.waitForConnection(java.lang.String, int, android.os.CancellationSignal)(SQLiteConnectionPool.java:976) waiters=4 in android.database.sqlite.SQLiteConnection android.database.sqlite.SQLiteConnectionPool.waitForConnection(java.lang.String, int, android.os.CancellationSignal) for 488ms
01-19 12:42:05.066 26514 26531 D hw-ProcessState: Binder ioctl to enable oneway spam detection failed: Invalid argument
01-19 12:42:05.091 25800 26243 E Rubin   : [95] GeofenceManager.addGeofence(:9) : Failed to register a fence - code(-5)
01-19 12:42:05.168 25990 26357 W IgMetaConfig: java.lang.RuntimeException: Could not obtain MC, call-site will receive default values
01-19 12:42:05.168 25990 26357 W IgMetaConfig: java.lang.RuntimeException: Could not obtain MC, call-site will receive default values
01-19 12:42:05.194 25800 26243 E Rubin   : [95] GeofenceManager.addGeofence(:9) : Failed to register a fence - code(-5)
01-19 12:42:05.299 25990 26433 E libprocessgroup: set_timerslack_ns write failed: Operation not permitted
01-19 12:42:05.323 25962 26230 W om.whatsapp.w4: Long monitor contention with owner WhatsApp Worker #9 (26394) at android.database.sqlite.SQLiteConnection android.database.sqlite.SQLiteConnectionPool.waitForConnection(java.lang.String, int, android.os.CancellationSignal)(SQLiteConnectionPool.java:976) waiters=7 in android.database.sqlite.SQLiteConnection android.database.sqlite.SQLiteConnectionPool.waitForConnection(java.lang.String, int, android.os.CancellationSignal) for 378ms
01-19 12:42:05.324 25962 26220 W om.whatsapp.w4: Long monitor contention with owner WhatsApp Worker #9 (26394) at android.database.sqlite.SQLiteConnection android.database.sqlite.SQLiteConnectionPool.waitForConnection(java.lang.String, int, android.os.CancellationSignal)(SQLiteConnectionPool.java:976) waiters=8 in void android.database.sqlite.SQLiteConnectionPool.releaseConnection(android.database.sqlite.SQLiteConnection) for 377ms
01-19 12:42:05.679  1646  1940 E DatabaseUtils: Writing exception to parcel
01-19 12:42:05.679  1646  1940 E DatabaseUtils: java.lang.SecurityException: No permission to access APN settings
01-19 12:42:05.767 21941 22008 E RequestContextBuilder: java.lang.SecurityException: No permission to access APN settings
01-19 12:42:05.767 21941 22008 E RequestContextBuilder: 	at android.os.Parcel.createExceptionOrNull(Parcel.java:2438)
01-19 12:42:05.767 21941 22008 E RequestContextBuilder: 	at android.os.Parcel.createException(Parcel.java:2422)
01-19 12:42:05.767 21941 22008 E RequestContextBuilder: 	at android.os.Parcel.readException(Parcel.java:2405)
01-19 12:42:05.767 21941 22008 E RequestContextBuilder: 	at android.database.DatabaseUtils.readExceptionFromParcel(DatabaseUtils.java:190)
01-19 12:42:05.767 21941 22008 E RequestContextBuilder: 	at android.database.DatabaseUtils.readExceptionFromParcel(DatabaseUtils.java:142)
01-19 12:42:05.834  1646  1940 E DatabaseUtils: Writing exception to parcel
01-19 12:42:05.834  1646  1940 E DatabaseUtils: java.lang.SecurityException: No permission to access APN settings
01-19 12:42:05.836 21941 22008 E RequestContextBuilder: java.lang.SecurityException: No permission to access APN settings
01-19 12:42:05.836 21941 22008 E RequestContextBuilder: 	at android.os.Parcel.createExceptionOrNull(Parcel.java:2438)
01-19 12:42:05.836 21941 22008 E RequestContextBuilder: 	at android.os.Parcel.createException(Parcel.java:2422)
01-19 12:42:05.836 21941 22008 E RequestContextBuilder: 	at android.os.Parcel.readException(Parcel.java:2405)
01-19 12:42:05.836 21941 22008 E RequestContextBuilder: 	at android.database.DatabaseUtils.readExceptionFromParcel(DatabaseUtils.java:190)
01-19 12:42:05.836 21941 22008 E RequestContextBuilder: 	at android.database.DatabaseUtils.readExceptionFromParcel(DatabaseUtils.java:142)
01-19 12:42:06.368 25990 26598 E ActionQueryTaskListener: 0 onLoadBatchComplete exception: null BACKGROUND modules: [s_executorch_pytorch(*),pytorch]
01-19 12:42:06.401 16492 16536 E WM-ListenableWorkerImpl: java.lang.RuntimeException: java.lang.IllegalStateException: A TikTokListenableWorker started twice. Please report any instance of this Exception at go/tiktok-bug.
01-19 12:42:06.492 16492 16536 E WM-WorkerWrapper: Work [ id=5937970a-8215-40cc-8684-8dff062ba68a, tags={ com.google.apps.tiktok.contrib.work.TikTokListenableWorker,com.google.apps.tiktok.sync.impl.workmanager.SyncPeriodicWorker_proc<search>,TikTokWorker#com.google.apps.tiktok.sync.impl.workmanager.SyncPeriodicWorker } ] failed because it threw an exception/error
01-19 12:42:06.492 16492 16536 E WM-WorkerWrapper: java.lang.RuntimeException: java.lang.IllegalStateException: A TikTokListenableWorker started twice. Please report any instance of this Exception at go/tiktok-bug.
01-19 12:42:07.030   629   629 E audit   : type=1400 audit(1737279727.026:11649): avc:  granted  { execute } for  pid=25990 comm="SWPool3_t1of1" path="/data/data/com.instagram.android/lib-compressed/libbreakpad-fatal-java-exception-description-handler-jni.so" dev="mmcblk0p49" ino=2015269 scontext=u:r:untrusted_app:s0:c80,c258,c512,c768 tcontext=u:object_r:app_data_file:s0:c80,c258,c512,c768 tclass=file SEPF_SM-A125F_12_0001 audit_filtered
01-19 12:42:07.039 26416 26416 E chromium: [ERROR:rtl.cc(154)] Failed to set the ICU default locale to . Falling back to en-US.
01-19 12:42:07.052 26416 26416 E chromium: [ERROR:filesystem_posix.cc(63)] mkdir : No such file or directory (2)
01-19 12:42:07.082  1283  1300 W System  : A resource failed to call close. 
01-19 12:42:07.127 25990 26433 E msys    : E[D setup]MEMAuxiliaryDBManagementImpl_MCIAuxiliaryDBManagementInjectDatabaseConnections(1910)=>[not an error][accountSession=0xb400007d48bcf340] Attempting early aux db injections
01-19 12:42:07.130 25990 26433 E msys    : E[D setup]_MCIAuxiliaryDBManagementInjectDatabaseConnection(1853)=>[not an error][accountSession=0xb400007d48bcf340] Early injection Initialization state 1 for db type 2
01-19 12:42:07.131 25990 26433 E msys    : E[D setup]_MCIAuxiliaryDBManagementInjectDatabaseConnection(1853)=>[not an error][accountSession=0xb400007d48bcf340] Early injection Initialization state 3 for db type 5
01-19 12:42:07.131 25990 26433 E msys    : E[D setup]_MCIAuxiliaryDBManagementInjectDatabaseConnection(1853)=>[not an error][accountSession=0xb400007d48bcf340] Early injection Initialization state 1 for db type 1
01-19 12:42:07.132 25990 26433 E msys    : E[D setup]_MCIAuxiliaryDBManagementInjectDatabaseConnection(1853)=>[not an error][accountSession=0xb400007d48bcf340] Early injection Initialization state 3 for db type 3
01-19 12:42:07.133 25990 26433 E msys    : E[ADNSUCTIMH setup]MCIAccountSessionBootstrapAuxDBs(120)=>[not an error][accountSession=0xb400007d48bcf340] MCIAccountSessionCreateAndBootstrap early aux db init attempt
01-19 12:42:07.133 25990 26433 E msys    : E[ADNSUCTIMH setup]MCIAccountSessionBootstrapAuxDBs(127)=>[not an error][accountSession=0xb400007d48bcf340] MCIAccountSessionCreateAndBootstrap bootstrapping aux dbs
01-19 12:42:07.145 25990 26617 E msys    : E[D setup]_MCIAuxiliaryDBManagementBootstrapAndTransferSingularDBIfNeeded(1571)=>[not an error][aux db type=2][accountSession=0xb400007d48bcf340]  Initial initialization state = 1
01-19 12:42:07.219 25990 26617 E msys    : E[D MemMciAuxDbManagement]_MCIAuxiliaryDBManagementBootstrapAndTransferSingularDBIfNeeded(1601)=>[not an error][aux db type=2][accountSession=0xb400007d48bcf340] Final initialization state = 2
01-19 12:42:07.220 25990 26617 E msys    : E[D setup]_MCIAuxiliaryDBManagementBootstrapAndTransferSingularDBIfNeeded(1571)=>[not an error][aux db type=5][accountSession=0xb400007d48bcf340]  Initial initialization state = 3
01-19 12:42:07.222 25990 26617 E msys    : E[D MemMciAuxDbManagement]_MCIAuxiliaryDBManagementBootstrapAndTransferSingularDBIfNeeded(1601)=>[not an error][aux db type=5][accountSession=0xb400007d48bcf340] Final initialization state = 3
01-19 12:42:07.222 25990 26617 E msys    : E[D setup]_MCIAuxiliaryDBManagementBootstrapAndTransferSingularDBIfNeeded(1571)=>[not an error][aux db type=1][accountSession=0xb400007d48bcf340]  Initial initialization state = 1
01-19 12:42:07.252 25990 26617 E msys    : E[D MemMciAuxDbManagement]_MCIAuxiliaryDBManagementBootstrapAndTransferSingularDBIfNeeded(1601)=>[not an error][aux db type=1][accountSession=0xb400007d48bcf340] Final initialization state = 2
01-19 12:42:07.254 25990 26617 E msys    : E[D setup]_MCIAuxiliaryDBManagementBootstrapAndTransferSingularDBIfNeeded(1571)=>[not an error][aux db type=3][accountSession=0xb400007d48bcf340]  Initial initialization state = 3
01-19 12:42:07.259 25990 26617 E msys    : E[D MemMciAuxDbManagement]_MCIAuxiliaryDBManagementBootstrapAndTransferSingularDBIfNeeded(1601)=>[not an error][aux db type=3][accountSession=0xb400007d48bcf340] Final initialization state = 3
01-19 12:42:07.432  1283  1518 E WifiVendorHal: getWifiLinkLayerStats_1_5_Internal(l.1191) failed {.code = ERROR_NOT_SUPPORTED, .description = }
01-19 12:42:07.518 26633 26633 D ProcessState: Binder ioctl to enable oneway spam detection failed: Invalid argument
01-19 12:42:08.540 26633 26660 W ResourcesOffloading: An exception occurred : 
01-19 12:42:08.540 26633 26660 W ResourcesOffloading: android.content.res.Resources$NotFoundException: Resource ID #0x7f0803f9
01-19 12:42:08.948 16492 16554 E eyil    : (REDACTED) Failed to share %s data to AiAi.
01-19 12:42:09.852 25726 26277 E ActivityThread: Failed to find provider info for com.whatsapp.w4b.provider.phoneid
01-19 12:42:09.862 25726 26277 E ActivityThread: Failed to find provider info for com.whatsapp.provider.phoneid
01-19 12:42:09.893 25990 26027 E AbstractPhoneIdProvider: Failed to call queryForIds
01-19 12:42:09.893 25990 26027 E AbstractPhoneIdProvider: java.lang.SecurityException: Caller Identity 'AppIdentity{uid=10179, packageNames=[com.facebook.appmanager], sha2=uSEJtZCVlVzKr17Lzw8VPslkCkZYwQFmetlrfkmaQJI, version=115.0.13, domain=null, flags=549994181}' is not trusted
01-19 12:42:10.016   479  6735 E keystore2: keystore2::error: Rc(ResponseCode(7)), "In get_key_entry, while trying to load key info. 10197, Some(\"unstable.c7202ece89390c490b1b94d5b71225e1.5018801829198351226\")"
01-19 12:42:10.075   479  6735 W samsung_keystore_utils: ExceptionLoggingCase unstable.c7202ece89390c490b1b94d5b71225e1.5018801829198351226
01-19 12:42:10.427 26633 26647 D hw-ProcessState: Binder ioctl to enable oneway spam detection failed: Invalid argument
01-19 12:42:10.445  1283  1518 E WifiVendorHal: getWifiLinkLayerStats_1_5_Internal(l.1191) failed {.code = ERROR_NOT_SUPPORTED, .description = }
01-19 12:42:10.475 26633 26647 E IMGSRV  : :539: PVRSRVBridgeCall: Bridge call failed. sBridgePackage.ui32BridgeID:0x82, Function ID:0x10 errno 22 (Invalid argument).
01-19 12:42:10.476 26633 26647 E IMGSRV  : :2606: BridgeRGXCreateFreeList2: BridgeCall failed
01-19 12:42:10.592 25990 26019 W System  : A resource failed to call close. 
01-19 12:42:10.593 25990 26019 W System  : A resource failed to call close. 
01-19 12:42:10.593 25990 26019 W System  : A resource failed to call close. 
01-19 12:42:10.593 25990 26019 W System  : A resource failed to call close. 
01-19 12:42:10.595 25990 26019 W System  : A resource failed to call close. 
01-19 12:42:10.595 25990 26019 W System  : A resource failed to call close. 
01-19 12:42:11.081 16492 26454 E SingleDataFileGroupPop: Failed to add file group 
01-19 12:42:11.082 16492 26454 E PhFileGroupPop: Failed to add file group 
01-19 12:42:11.082 16492 26454 E PhFileGroupPop: Failed to add file group 
01-19 12:42:11.084 16492 26454 E PhFileGroupPop: Failed to add file group 
01-19 12:42:11.084 16492 26454 E PhFileGroupPop: Failed to add file group 
01-19 12:42:11.084 16492 26454 E PhFileGroupPop: Failed to add file group 
01-19 12:42:11.086 16492 26454 E PhFileGroupPop: Failed to add file group 
01-19 12:42:11.087 16492 26454 E PhFileGroupPop: Failed to add file group 
01-19 12:42:11.087 16492 26454 E PhFileGroupPop: Failed to add file group 
01-19 12:42:11.098 16492 26454 E SingleDataFileGroupPop: Failed to add file group 
01-19 12:42:11.138 16492 26454 E SingleDataFileGroupPop: Failed to add file group 
01-19 12:42:11.139 16492 26454 E PhFileGroupPop: Failed to add file group 
01-19 12:42:11.140 16492 26454 E PhFileGroupPop: Failed to add file group 
01-19 12:42:11.141 16492 26454 E PhFileGroupPop: Failed to add file group 
01-19 12:42:11.141 16492 26454 E PhFileGroupPop: Failed to add file group 
01-19 12:42:11.141 16492 26454 E PhFileGroupPop: Failed to add file group 
01-19 12:42:11.144 16492 26454 E PhFileGroupPop: Failed to add file group 
01-19 12:42:11.145 16492 26454 E PhFileGroupPop: Failed to add file group 
01-19 12:42:11.145 16492 26454 E PhFileGroupPop: Failed to add file group 
01-19 12:42:11.152 16492 26454 E SingleDataFileGroupPop: Failed to add file group 
01-19 12:42:12.709 25962 25977 W System  : A resource failed to call close. 
01-19 12:42:12.710 25962 25977 W System  : A resource failed to call close. 
01-19 12:42:12.711 25962 25977 W System  : A resource failed to call close. 
01-19 12:42:13.456  1283  1518 E WifiVendorHal: getWifiLinkLayerStats_1_5_Internal(l.1191) failed {.code = ERROR_NOT_SUPPORTED, .description = }
01-19 12:42:13.862 26716 26716 D ProcessState: Binder ioctl to enable oneway spam detection failed: Invalid argument
01-19 12:42:14.021 26716 26716 W SamsungAnalytics605045: [SamsungAnalytics] NullPointerException Attempt to invoke virtual method 'void com.samsung.context.sdk.samsunganalytics.internal.Tracker.registerSettingPref(java.util.Map)' on a null object reference
01-19 12:42:14.134  2182  2182 E libprocessgroup: set_timerslack_ns write failed: Operation not permitted
01-19 12:42:14.199  2182  2182 E libprocessgroup: set_timerslack_ns write failed: Operation not permitted
01-19 12:42:15.905 24597 24686 E ReactNativeJS: [TypeError: WeakSet key must be an Object]
01-19 12:42:16.464  1283  1518 E WifiVendorHal: getWifiLinkLayerStats_1_5_Internal(l.1191) failed {.code = ERROR_NOT_SUPPORTED, .description = }
01-19 12:42:19.474  1283  1518 E WifiVendorHal: getWifiLinkLayerStats_1_5_Internal(l.1191) failed {.code = ERROR_NOT_SUPPORTED, .description = }
01-19 12:42:22.490  1283  1518 E WifiVendorHal: getWifiLinkLayerStats_1_5_Internal(l.1191) failed {.code = ERROR_NOT_SUPPORTED, .description = }
01-19 12:42:23.183  1283  1334 E libperflog: [LIBPERFLOG] socket_local_client fail = -1
01-19 12:42:25.505  1283  1518 E WifiVendorHal: getWifiLinkLayerStats_1_5_Internal(l.1191) failed {.code = ERROR_NOT_SUPPORTED, .description = }
01-19 12:42:28.520  1283  1518 E WifiVendorHal: getWifiLinkLayerStats_1_5_Internal(l.1191) failed {.code = ERROR_NOT_SUPPORTED, .description = }
01-19 12:42:31.536  1283  1518 E WifiVendorHal: getWifiLinkLayerStats_1_5_Internal(l.1191) failed {.code = ERROR_NOT_SUPPORTED, .description = }
01-19 12:42:32.226  4370  4703 W NetworkScheduler: Error inserting flex_time=300000 extras={"11854_is_tag_loggable":{"true":3}} job_id=-1 period=1800000 source=16 requires_charging=0 target_class=com.google.android.gms.findmydevice.spot.locationreporting.LocationReportUploadGmsTaskService user_id=0 target_package=com.google.android.gms tag=FMD_SPOT_LRUP task_type=0 required_idleness_state=0 service_kind=1 source_version=245034000 persistence_level=0 preferred_charging_state=1 required_network_type=0 runtime=1737279519271 retry_strategy={"maximum_backoff_seconds":{"3600":0},"initial_backoff_seconds":{"30":0},"retry_policy":{"0":0}} last_runtime=0 [CONTEXT service_id=218 ]
01-19 12:42:32.226  4370  4703 W NetworkScheduler: android.database.sqlite.SQLiteConstraintException: UNIQUE constraint failed: pending_ops.tag, pending_ops.target_class, pending_ops.target_package, pending_ops.user_id (code 2067 SQLITE_CONSTRAINT_UNIQUE[2067])
01-19 12:42:32.226  4370  4703 W NetworkScheduler: 	at android.database.sqlite.SQLiteConnection.nativeExecuteForLastInsertedRowId(Native Method)
01-19 12:42:32.226  4370  4703 W NetworkScheduler: 	at android.database.sqlite.SQLiteConnection.executeForLastInsertedRowId(SQLiteConnection.java:1232)
01-19 12:42:32.226  4370  4703 W NetworkScheduler: 	at android.database.sqlite.SQLiteSession.executeForLastInsertedRowId(SQLiteSession.java:790)
01-19 12:42:32.226  4370  4703 W NetworkScheduler: 	at android.database.sqlite.SQLiteStatement.executeInsert(SQLiteStatement.java:89)
01-19 12:42:32.226  4370  4703 W NetworkScheduler: 	at android.database.sqlite.SQLiteDatabase.insertWithOnConflict(SQLiteDatabase.java:2244)
01-19 12:42:32.226  4370  4703 W NetworkScheduler: 	at android.database.sqlite.SQLiteDatabase.insertOrThrow(SQLiteDatabase.java:2139)
01-19 12:42:34.553  1283  1518 E WifiVendorHal: getWifiLinkLayerStats_1_5_Internal(l.1191) failed {.code = ERROR_NOT_SUPPORTED, .description = }
01-19 12:42:37.569  1283  1518 E WifiVendorHal: getWifiLinkLayerStats_1_5_Internal(l.1191) failed {.code = ERROR_NOT_SUPPORTED, .description = }
01-19 12:42:40.586  1283  1518 E WifiVendorHal: getWifiLinkLayerStats_1_5_Internal(l.1191) failed {.code = ERROR_NOT_SUPPORTED, .description = }
01-19 12:42:40.706  1283  1334 E libperflog: [LIBPERFLOG] socket_local_client fail = -1
01-19 12:42:43.604  1283  1518 E WifiVendorHal: getWifiLinkLayerStats_1_5_Internal(l.1191) failed {.code = ERROR_NOT_SUPPORTED, .description = }
01-19 12:42:46.624  1283  1518 E WifiVendorHal: getWifiLinkLayerStats_1_5_Internal(l.1191) failed {.code = ERROR_NOT_SUPPORTED, .description = }
01-19 12:42:49.641  1283  1518 E WifiVendorHal: getWifiLinkLayerStats_1_5_Internal(l.1191) failed {.code = ERROR_NOT_SUPPORTED, .description = }
01-19 12:42:52.658  1283  1518 E WifiVendorHal: getWifiLinkLayerStats_1_5_Internal(l.1191) failed {.code = ERROR_NOT_SUPPORTED, .description = }
01-19 12:42:55.674  1283  1518 E WifiVendorHal: getWifiLinkLayerStats_1_5_Internal(l.1191) failed {.code = ERROR_NOT_SUPPORTED, .description = }
01-19 12:42:58.690  1283  1518 E WifiVendorHal: getWifiLinkLayerStats_1_5_Internal(l.1191) failed {.code = ERROR_NOT_SUPPORTED, .description = }
01-19 12:43:01.221  1283  1334 E libperflog: [LIBPERFLOG] socket_local_client fail = -1
01-19 12:43:01.708  1283  1518 E WifiVendorHal: getWifiLinkLayerStats_1_5_Internal(l.1191) failed {.code = ERROR_NOT_SUPPORTED, .description = }
01-19 12:43:04.726  1283  1518 E WifiVendorHal: getWifiLinkLayerStats_1_5_Internal(l.1191) failed {.code = ERROR_NOT_SUPPORTED, .description = }
01-19 12:43:07.740  1283  1518 E WifiVendorHal: getWifiLinkLayerStats_1_5_Internal(l.1191) failed {.code = ERROR_NOT_SUPPORTED, .description = }
01-19 12:43:10.754  1283  1518 E WifiVendorHal: getWifiLinkLayerStats_1_5_Internal(l.1191) failed {.code = ERROR_NOT_SUPPORTED, .description = }
01-19 12:43:13.770  1283  1518 E WifiVendorHal: getWifiLinkLayerStats_1_5_Internal(l.1191) failed {.code = ERROR_NOT_SUPPORTED, .description = }
01-19 12:43:16.786  1283  1518 E WifiVendorHal: getWifiLinkLayerStats_1_5_Internal(l.1191) failed {.code = ERROR_NOT_SUPPORTED, .description = }
01-19 12:43:19.805  1283  1518 E WifiVendorHal: getWifiLinkLayerStats_1_5_Internal(l.1191) failed {.code = ERROR_NOT_SUPPORTED, .description = }
01-19 12:43:22.824  1283  1518 E WifiVendorHal: getWifiLinkLayerStats_1_5_Internal(l.1191) failed {.code = ERROR_NOT_SUPPORTED, .description = }
01-19 12:43:25.845  1283  1518 E WifiVendorHal: getWifiLinkLayerStats_1_5_Internal(l.1191) failed {.code = ERROR_NOT_SUPPORTED, .description = }
01-19 12:43:28.515  2037  2232 I PdnController: isWifiConnected: [type: WIFI[], state: CONNECTED/CONNECTED, reason: (unspecified), extra: , failover: false, available: true, roaming: false]
01-19 12:43:28.518  2037  2232 I PdnController: isWifiConnected: [type: WIFI[], state: CONNECTED/CONNECTED, reason: (unspecified), extra: , failover: false, available: true, roaming: false]
01-19 12:43:28.521  2037  2232 I PdnController: isWifiConnected: [type: WIFI[], state: CONNECTED/CONNECTED, reason: (unspecified), extra: , failover: false, available: true, roaming: false]
01-19 12:43:28.561  2037  2232 I PdnController: isWifiConnected: [type: WIFI[], state: CONNECTED/CONNECTED, reason: (unspecified), extra: , failover: false, available: true, roaming: false]
01-19 12:43:28.869  1283  1518 E WifiVendorHal: getWifiLinkLayerStats_1_5_Internal(l.1191) failed {.code = ERROR_NOT_SUPPORTED, .description = }
01-19 12:43:31.884  1283  1518 E WifiVendorHal: getWifiLinkLayerStats_1_5_Internal(l.1191) failed {.code = ERROR_NOT_SUPPORTED, .description = }
01-19 12:43:34.402  2182  2182 E libprocessgroup: set_timerslack_ns write failed: Operation not permitted
01-19 12:43:34.450  2182  2182 E libprocessgroup: set_timerslack_ns write failed: Operation not permitted
01-19 12:43:34.491  1283  1334 E libperflog: [LIBPERFLOG] socket_local_client fail = -1
01-19 12:43:34.507  1283  1334 E libperflog: [LIBPERFLOG] socket_local_client fail = -1
01-19 12:43:34.518  1283  1334 E libperflog: [LIBPERFLOG] socket_local_client fail = -1
01-19 12:43:34.531  1283  1348 E KernelCpuSpeedReader: Failed to read cpu-freq: /sys/devices/system/cpu/cpu4/cpufreq/stats/time_in_state: open failed: ENOENT (No such file or directory)
01-19 12:43:34.533  1283  1348 E KernelCpuSpeedReader: Failed to read cpu-freq: /sys/devices/system/cpu/cpu0/cpufreq/stats/time_in_state: open failed: ENOENT (No such file or directory)
01-19 12:43:34.537  1283  1334 E libperflog: [LIBPERFLOG] socket_local_client fail = -1
01-19 12:43:34.546  1283  1334 E libperflog: [LIBPERFLOG] socket_local_client fail = -1
01-19 12:43:34.558  1283  1334 E libperflog: [LIBPERFLOG] socket_local_client fail = -1
01-19 12:43:34.569   478   484 E android.system.suspend@1.0-service: Error opening event_count for wakeup28: Original kwl [Path]=../../devices/platform/i2c@30/i2c-30/30-0021/wakeup/wakeup28: Permission denied
01-19 12:43:34.574  1283  1334 E libperflog: [LIBPERFLOG] socket_local_client fail = -1
01-19 12:43:34.586  1283  1334 E libperflog: [LIBPERFLOG] socket_local_client fail = -1
01-19 12:43:34.603  1283  1334 E libperflog: [LIBPERFLOG] socket_local_client fail = -1
01-19 12:43:34.622  1283  1334 E libperflog: [LIBPERFLOG] socket_local_client fail = -1
01-19 12:43:34.630   478   484 E android.system.suspend@1.0-service: Error opening event_count for wakeup26: Original kwl [Path]=../../devices/platform/i2c@30/i2c-30/30-0020/wakeup/wakeup26: Permission denied
01-19 12:43:34.660   478   484 E android.system.suspend@1.0-service: Error opening event_count for wakeup24: Original kwl [Path]=../../devices/platform/3.gw3x/wakeup/wakeup24: Permission denied
01-19 12:43:34.762   478   484 E android.system.suspend@1.0-service: Error opening event_count for wakeup29: Original kwl [Path]=../../devices/platform/i2c@30/i2c-30/30-0021/wakeup/wakeup29: Permission denied
01-19 12:43:34.797   478   484 E android.system.suspend@1.0-service: Error opening event_count for wakeup27: Original kwl [Path]=../../devices/platform/i2c@30/i2c-30/30-0020/wakeup/wakeup27: Permission denied
01-19 12:43:34.830   478   484 E android.system.suspend@1.0-service: Error opening event_count for wakeup25: Original kwl [Path]=../../devices/platform/3.gw3x/wakeup/wakeup25: Permission denied
01-19 12:43:34.902  1283  1518 E WifiVendorHal: getWifiLinkLayerStats_1_5_Internal(l.1191) failed {.code = ERROR_NOT_SUPPORTED, .description = }
01-19 12:43:35.136  1283  1300 W System  : A resource failed to call close. 
01-19 12:43:35.174  1283  1911 I SemBatteryUsageStatsProvider: makeWakeupReasonListName WhiteList Tag/tableName=Abort: Callback failed on alarmtimer in platform_pm_suspend+0x0/0x60 returned -16
01-19 12:43:37.920  1283  1518 E WifiVendorHal: getWifiLinkLayerStats_1_5_Internal(l.1191) failed {.code = ERROR_NOT_SUPPORTED, .description = }
01-19 12:43:39.271  3516  4493 E libperflog: [LIBPERFLOG] socket_local_client fail = -1
01-19 12:43:39.706  2037  2232 I PdnController: isWifiConnected: [type: WIFI[], state: CONNECTED/CONNECTED, reason: (unspecified), extra: , failover: false, available: true, roaming: false]
01-19 12:43:39.708  2037  2232 I PdnController: isWifiConnected: [type: WIFI[], state: CONNECTED/CONNECTED, reason: (unspecified), extra: , failover: false, available: true, roaming: false]
01-19 12:43:39.711  2037  2232 I PdnController: isWifiConnected: [type: WIFI[], state: CONNECTED/CONNECTED, reason: (unspecified), extra: , failover: false, available: true, roaming: false]
01-19 12:43:39.734  2037  2232 I PdnController: isWifiConnected: [type: WIFI[], state: CONNECTED/CONNECTED, reason: (unspecified), extra: , failover: false, available: true, roaming: false]
01-19 12:43:40.936  1283  1518 E WifiVendorHal: getWifiLinkLayerStats_1_5_Internal(l.1191) failed {.code = ERROR_NOT_SUPPORTED, .description = }
01-19 12:43:43.950  1283  1518 E WifiVendorHal: getWifiLinkLayerStats_1_5_Internal(l.1191) failed {.code = ERROR_NOT_SUPPORTED, .description = }
01-19 12:43:44.010  4370 22786 I ChimeraSrvcProxy: NullBinder for android.net.action.RECOMMEND_NETWORKS triggering remote TransactionTooLargeException due to Service without Chimera impl
01-19 12:43:46.338 25370 26807 W System.err: SLF4J: Failed to load class "org.slf4j.impl.StaticLoggerBinder".
01-19 12:43:46.967  1283  1518 E WifiVendorHal: getWifiLinkLayerStats_1_5_Internal(l.1191) failed {.code = ERROR_NOT_SUPPORTED, .description = }
01-19 12:43:47.012  4370 22786 I ChimeraSrvcProxy: NullBinder for android.net.action.RECOMMEND_NETWORKS triggering remote TransactionTooLargeException due to Service without Chimera impl
01-19 12:43:49.986  1283  1518 E WifiVendorHal: getWifiLinkLayerStats_1_5_Internal(l.1191) failed {.code = ERROR_NOT_SUPPORTED, .description = }
01-19 12:43:53.003  1283  1518 E WifiVendorHal: getWifiLinkLayerStats_1_5_Internal(l.1191) failed {.code = ERROR_NOT_SUPPORTED, .description = }
01-19 12:43:56.017  1283  1518 E WifiVendorHal: getWifiLinkLayerStats_1_5_Internal(l.1191) failed {.code = ERROR_NOT_SUPPORTED, .description = }
01-19 12:43:59.031  1283  1518 E WifiVendorHal: getWifiLinkLayerStats_1_5_Internal(l.1191) failed {.code = ERROR_NOT_SUPPORTED, .description = }
01-19 12:44:02.046  1283  1518 E WifiVendorHal: getWifiLinkLayerStats_1_5_Internal(l.1191) failed {.code = ERROR_NOT_SUPPORTED, .description = }
01-19 12:44:05.062  1283  1518 E WifiVendorHal: getWifiLinkLayerStats_1_5_Internal(l.1191) failed {.code = ERROR_NOT_SUPPORTED, .description = }
01-19 12:44:08.074  1283  1518 E WifiVendorHal: getWifiLinkLayerStats_1_5_Internal(l.1191) failed {.code = ERROR_NOT_SUPPORTED, .description = }
01-19 12:44:11.089  1283  1518 E WifiVendorHal: getWifiLinkLayerStats_1_5_Internal(l.1191) failed {.code = ERROR_NOT_SUPPORTED, .description = }
01-19 12:44:14.104  1283  1518 E WifiVendorHal: getWifiLinkLayerStats_1_5_Internal(l.1191) failed {.code = ERROR_NOT_SUPPORTED, .description = }
01-19 12:44:17.118  1283  1518 E WifiVendorHal: getWifiLinkLayerStats_1_5_Internal(l.1191) failed {.code = ERROR_NOT_SUPPORTED, .description = }
01-19 12:44:19.172  2182  2182 E libprocessgroup: set_timerslack_ns write failed: Operation not permitted
01-19 12:44:19.214  2182  2182 E libprocessgroup: set_timerslack_ns write failed: Operation not permitted
01-19 12:44:20.131  1283  1518 E WifiVendorHal: getWifiLinkLayerStats_1_5_Internal(l.1191) failed {.code = ERROR_NOT_SUPPORTED, .description = }
01-19 12:44:23.142  1283  1518 E WifiVendorHal: getWifiLinkLayerStats_1_5_Internal(l.1191) failed {.code = ERROR_NOT_SUPPORTED, .description = }
01-19 12:44:23.909  1283  1300 W System  : A resource failed to call close. 
01-19 12:44:24.652 26829 26829 D ProcessState: Binder ioctl to enable oneway spam detection failed: Invalid argument
01-19 12:44:26.157  1283  1518 E WifiVendorHal: getWifiLinkLayerStats_1_5_Internal(l.1191) failed {.code = ERROR_NOT_SUPPORTED, .description = }
01-19 12:44:26.647 24072 24072 W System.err: android.app.ActivityManager No method java.lang.NoSuchMethodException: android.app.ActivityManager.getRecentTasksForUser [int, int, int]
01-19 12:44:26.649 24072 24072 W System.err: android.app.ActivityManager No method java.lang.NoSuchMethodException: android.app.ActivityManager.getRecentTasksForUser [int, int, int]
01-19 12:44:26.717  1283 26853 E VibratorController: sehSetFrequencyType command failed(2).
01-19 12:44:27.539  1283  1334 E libperflog: [LIBPERFLOG] socket_local_client fail = -1
01-19 12:44:27.549  1283  1334 E libperflog: [LIBPERFLOG] socket_local_client fail = -1
01-19 12:44:27.560  1283  1334 E libperflog: [LIBPERFLOG] socket_local_client fail = -1
01-19 12:44:27.578  1283  1334 E libperflog: [LIBPERFLOG] socket_local_client fail = -1
01-19 12:44:27.589  1283  1334 E libperflog: [LIBPERFLOG] socket_local_client fail = -1
01-19 12:44:27.605  1283  1334 E libperflog: [LIBPERFLOG] socket_local_client fail = -1
01-19 12:44:27.624  1283  1334 E libperflog: [LIBPERFLOG] socket_local_client fail = -1
01-19 12:44:27.636  1283  1334 E libperflog: [LIBPERFLOG] socket_local_client fail = -1
01-19 12:44:27.652  1283  1334 E libperflog: [LIBPERFLOG] socket_local_client fail = -1
01-19 12:44:27.668  1283  1334 E libperflog: [LIBPERFLOG] socket_local_client fail = -1
01-19 12:44:28.487 24072 24072 W System.err: android.app.ActivityManager No method java.lang.NoSuchMethodException: android.app.ActivityManager.getRecentTasksForUser [int, int, int]
01-19 12:44:28.489 24072 24072 W System.err: android.app.ActivityManager No method java.lang.NoSuchMethodException: android.app.ActivityManager.getRecentTasksForUser [int, int, int]
01-19 12:44:28.583  1283 26857 E VibratorController: sehSetFrequencyType command failed(2).
01-19 12:44:29.169  1283  1518 E WifiVendorHal: getWifiLinkLayerStats_1_5_Internal(l.1191) failed {.code = ERROR_NOT_SUPPORTED, .description = }
01-19 12:44:29.197  4370  7752 I ChimeraSrvcProxy: NullBinder for android.net.action.RECOMMEND_NETWORKS triggering remote TransactionTooLargeException due to Service without Chimera impl
01-19 12:44:32.181  1283  1518 E WifiVendorHal: getWifiLinkLayerStats_1_5_Internal(l.1191) failed {.cod