01-19 12:29:12.451  1283  1518 E WifiVendorHal: getWifiLinkLayerStats_1_5_Internal(l.1191) failed {.code = ERROR_NOT_SUPPORTED, .description = }
01-19 12:29:13.602  1283  1300 W System  : A resource failed to call close. 
01-19 12:29:15.466  1283  1518 E WifiVendorHal: getWifiLinkLayerStats_1_5_Internal(l.1191) failed {.code = ERROR_NOT_SUPPORTED, .description = }
01-19 12:29:18.479  1283  1518 E WifiVendorHal: getWifiLinkLayerStats_1_5_Internal(l.1191) failed {.code = ERROR_NOT_SUPPORTED, .description = }
01-19 12:29:21.494  1283  1518 E WifiVendorHal: getWifiLinkLayerStats_1_5_Internal(l.1191) failed {.code = ERROR_NOT_SUPPORTED, .description = }
01-19 12:29:24.505  1283  1518 E WifiVendorHal: getWifiLinkLayerStats_1_5_Internal(l.1191) failed {.code = ERROR_NOT_SUPPORTED, .description = }
01-19 12:29:24.997  2037  2232 I PdnController: isWifiConnected: [type: WIFI[], state: CONNECTED/CONNECTED, reason: (unspecified), extra: , failover: false, available: true, roaming: false]
01-19 12:29:24.999  2037  2232 I PdnController: isWifiConnected: [type: WIFI[], state: CONNECTED/CONNECTED, reason: (unspecified), extra: , failover: false, available: true, roaming: false]
01-19 12:29:25.002  2037  2232 I PdnController: isWifiConnected: [type: WIFI[], state: CONNECTED/CONNECTED, reason: (unspecified), extra: , failover: false, available: true, roaming: false]
01-19 12:29:25.029  2037  2232 I PdnController: isWifiConnected: [type: WIFI[], state: CONNECTED/CONNECTED, reason: (unspecified), extra: , failover: false, available: true, roaming: false]
01-19 12:29:26.175  1283  1300 W System  : A resource failed to call close. 
01-19 12:29:27.522  1283  1518 E WifiVendorHal: getWifiLinkLayerStats_1_5_Internal(l.1191) failed {.code = ERROR_NOT_SUPPORTED, .description = }
01-19 12:29:30.537  1283  1518 E WifiVendorHal: getWifiLinkLayerStats_1_5_Internal(l.1191) failed {.code = ERROR_NOT_SUPPORTED, .description = }
01-19 12:29:33.551  1283  1518 E WifiVendorHal: getWifiLinkLayerStats_1_5_Internal(l.1191) failed {.code = ERROR_NOT_SUPPORTED, .description = }
01-19 12:29:36.564  1283  1518 E WifiVendorHal: getWifiLinkLayerStats_1_5_Internal(l.1191) failed {.code = ERROR_NOT_SUPPORTED, .description = }
01-19 12:29:36.893  2037  2232 I PdnController: isWifiConnected: [type: WIFI[], state: CONNECTED/CONNECTED, reason: (unspecified), extra: , failover: false, available: true, roaming: false]
01-19 12:29:36.895  2037  2232 I PdnController: isWifiConnected: [type: WIFI[], state: CONNECTED/CONNECTED, reason: (unspecified), extra: , failover: false, available: true, roaming: false]
01-19 12:29:36.898  2037  2232 I PdnController: isWifiConnected: [type: WIFI[], state: CONNECTED/CONNECTED, reason: (unspecified), extra: , failover: false, available: true, roaming: false]
01-19 12:29:36.923  2037  2232 I PdnController: isWifiConnected: [type: WIFI[], state: CONNECTED/CONNECTED, reason: (unspecified), extra: , failover: false, available: true, roaming: false]
01-19 12:29:36.927  1283  1334 E libperflog: [LIBPERFLOG] socket_local_client fail = -1
01-19 12:29:39.576  1283  1518 E WifiVendorHal: getWifiLinkLayerStats_1_5_Internal(l.1191) failed {.code = ERROR_NOT_SUPPORTED, .description = }
01-19 12:29:42.587  1283  1518 E WifiVendorHal: getWifiLinkLayerStats_1_5_Internal(l.1191) failed {.code = ERROR_NOT_SUPPORTED, .description = }
01-19 12:29:45.601  1283  1518 E WifiVendorHal: getWifiLinkLayerStats_1_5_Internal(l.1191) failed {.code = ERROR_NOT_SUPPORTED, .description = }
01-19 12:29:48.615  1283  1518 E WifiVendorHal: getWifiLinkLayerStats_1_5_Internal(l.1191) failed {.code = ERROR_NOT_SUPPORTED, .description = }
01-19 12:29:51.627  1283  1518 E WifiVendorHal: getWifiLinkLayerStats_1_5_Internal(l.1191) failed {.code = ERROR_NOT_SUPPORTED, .description = }
01-19 12:29:53.032  1283  1334 E libperflog: [LIBPERFLOG] socket_local_client fail = -1
01-19 12:29:54.641  1283  1518 E WifiVendorHal: getWifiLinkLayerStats_1_5_Internal(l.1191) failed {.code = ERROR_NOT_SUPPORTED, .description = }
01-19 12:29:56.803  2037  2232 I PdnController: isWifiConnected: [type: WIFI[], state: CONNECTED/CONNECTED, reason: (unspecified), extra: , failover: false, available: true, roaming: false]
01-19 12:29:56.806  2037  2232 I PdnController: isWifiConnected: [type: WIFI[], state: CONNECTED/CONNECTED, reason: (unspecified), extra: , failover: false, available: true, roaming: false]
01-19 12:29:56.810  2037  2232 I PdnController: isWifiConnected: [type: WIFI[], state: CONNECTED/CONNECTED, reason: (unspecified), extra: , failover: false, available: true, roaming: false]
01-19 12:29:56.833  2037  2232 I PdnController: isWifiConnected: [type: WIFI[], state: CONNECTED/CONNECTED, reason: (unspecified), extra: , failover: false, available: true, roaming: false]
01-19 12:29:57.654  1283  1518 E WifiVendorHal: getWifiLinkLayerStats_1_5_Internal(l.1191) failed {.code = ERROR_NOT_SUPPORTED, .description = }
01-19 12:30:00.668  1283  1518 E WifiVendorHal: getWifiLinkLayerStats_1_5_Internal(l.1191) failed {.code = ERROR_NOT_SUPPORTED, .description = }
01-19 12:30:03.683  1283  1518 E WifiVendorHal: getWifiLinkLayerStats_1_5_Internal(l.1191) failed {.code = ERROR_NOT_SUPPORTED, .description = }
01-19 12:30:03.728  4370 22786 I ChimeraSrvcProxy: NullBinder for android.net.action.RECOMMEND_NETWORKS triggering remote TransactionTooLargeException due to Service without Chimera impl
01-19 12:30:06.698  1283  1518 E WifiVendorHal: getWifiLinkLayerStats_1_5_Internal(l.1191) failed {.code = ERROR_NOT_SUPPORTED, .description = }
01-19 12:30:06.740  4370 22786 I ChimeraSrvcProxy: NullBinder for android.net.action.RECOMMEND_NETWORKS triggering remote TransactionTooLargeException due to Service without Chimera impl
01-19 12:30:09.713  1283  1518 E WifiVendorHal: getWifiLinkLayerStats_1_5_Internal(l.1191) failed {.code = ERROR_NOT_SUPPORTED, .description = }
01-19 12:30:10.235  2182  2182 E libprocessgroup: set_timerslack_ns write failed: Operation not permitted
01-19 12:30:10.329  1283  1325 E libperflog: [LIBPERFLOG] socket_local_client fail = -1
01-19 12:30:10.337  2182  2182 E libprocessgroup: set_timerslack_ns write failed: Operation not permitted
01-19 12:30:10.395  1283  1334 E libperflog: [LIBPERFLOG] socket_local_client fail = -1
01-19 12:30:10.406  1283  1334 E libperflog: [LIBPERFLOG] socket_local_client fail = -1
01-19 12:30:10.415  1283  1334 E libperflog: [LIBPERFLOG] socket_local_client fail = -1
01-19 12:30:10.424  1283  1334 E libperflog: [LIBPERFLOG] socket_local_client fail = -1
01-19 12:30:10.433  1283  1334 E libperflog: [LIBPERFLOG] socket_local_client fail = -1
01-19 12:30:10.442  1283  1334 E libperflog: [LIBPERFLOG] socket_local_client fail = -1
01-19 12:30:10.454  1283  1334 E libperflog: [LIBPERFLOG] socket_local_client fail = -1
01-19 12:30:10.463  1283  1334 E libperflog: [LIBPERFLOG] socket_local_client fail = -1
01-19 12:30:10.940  2037  2232 I PdnController: isWifiConnected: [type: WIFI[], state: CONNECTED/CONNECTED, reason: (unspecified), extra: , failover: false, available: true, roaming: false]
01-19 12:30:10.942  2037  2232 I PdnController: isWifiConnected: [type: WIFI[], state: CONNECTED/CONNECTED, reason: (unspecified), extra: , failover: false, available: true, roaming: false]
01-19 12:30:10.944  2037  2232 I PdnController: isWifiConnected: [type: WIFI[], state: CONNECTED/CONNECTED, reason: (unspecified), extra: , failover: false, available: true, roaming: false]
01-19 12:30:10.970  2037  2232 I PdnController: isWifiConnected: [type: WIFI[], state: CONNECTED/CONNECTED, reason: (unspecified), extra: , failover: false, available: true, roaming: false]
01-19 12:30:12.478  2182  2182 E libprocessgroup: set_timerslack_ns write failed: Operation not permitted
01-19 12:30:12.538  1283  1325 E libperflog: [LIBPERFLOG] socket_local_client fail = -1
01-19 12:30:12.561  2182  2182 E libprocessgroup: set_timerslack_ns write failed: Operation not permitted
01-19 12:30:12.567 25604 25604 W System.err: android.app.ActivityManager No method java.lang.NoSuchMethodException: android.app.ActivityManager.getRecentTasksForUser [int, int, int]
01-19 12:30:12.573 25604 25604 W System.err: android.app.ActivityManager No method java.lang.NoSuchMethodException: android.app.ActivityManager.getRecentTasksForUser [int, int, int]
01-19 12:30:12.726  1283  1518 E WifiVendorHal: getWifiLinkLayerStats_1_5_Internal(l.1191) failed {.code = ERROR_NOT_SUPPORTED, .description = }
01-19 12:30:12.868  1283 23835 E VibratorController: sehSetFrequencyType command failed(2).
01-19 12:30:13.228  2182  2182 I CapturePreview: startCaptureScreen fail : com.android.launcher3.LauncherRootView{6e75a9c V.E...... .......D 0,0-720,1600 #7f0a01ff app:id/launcher}
01-19 12:30:13.922  3516  3516 E libperflog: [LIBPERFLOG] socket_local_client fail = -1
01-19 12:30:13.954  1283  2105 W libprocessgroup: Failed to find DoSomethingOlaftask profile: Try again
01-19 12:30:14.035  1283  1325 E libperflog: [LIBPERFLOG] socket_local_client fail = -1
01-19 12:30:14.094  2182  2182 E libprocessgroup: set_timerslack_ns write failed: Operation not permitted
01-19 12:30:14.110  1283  2105 W libprocessgroup: Failed to find DoNothingOlaftask profile: Try again
01-19 12:30:14.150  2182  2182 E libprocessgroup: set_timerslack_ns write failed: Operation not permitted
01-19 12:30:15.462  3516  3848 E libperflog: [LIBPERFLOG] socket_local_client fail = -1
01-19 12:30:15.738  1283  1518 E WifiVendorHal: getWifiLinkLayerStats_1_5_Internal(l.1191) failed {.code = ERROR_NOT_SUPPORTED, .description = }
01-19 12:30:16.783  2182  2182 E libprocessgroup: set_timerslack_ns write failed: Operation not permitted
01-19 12:30:16.845  1283  1325 E libperflog: [LIBPERFLOG] socket_local_client fail = -1
01-19 12:30:16.859  2182  2182 E libprocessgroup: set_timerslack_ns write failed: Operation not permitted
01-19 12:30:16.893 25604 25604 W System.err: android.app.ActivityManager No method java.lang.NoSuchMethodException: android.app.ActivityManager.getRecentTasksForUser [int, int, int]
01-19 12:30:16.897 25604 25604 W System.err: android.app.ActivityManager No method java.lang.NoSuchMethodException: android.app.ActivityManager.getRecentTasksForUser [int, int, int]
01-19 12:30:17.034  1283 23852 E VibratorController: sehSetFrequencyType command failed(2).
01-19 12:30:17.454  1283  2105 W libprocessgroup: Failed to find DoNothingOlaftask profile: Try again
01-19 12:30:17.492  2182  2182 I CapturePreview: startCaptureScreen fail : com.android.launcher3.LauncherRootView{6e75a9c V.E...... .......D 0,0-720,1600 #7f0a01ff app:id/launcher}
01-19 12:30:18.202  3516  3516 E libperflog: [LIBPERFLOG] socket_local_client fail = -1
01-19 12:30:18.603  1283  1598 D SemWifiSwitchForIndividualAppsService: isPackageException - result:1, com.sec.android.app.launcher
01-19 12:30:18.752  1283  1518 E WifiVendorHal: getWifiLinkLayerStats_1_5_Internal(l.1191) failed {.code = ERROR_NOT_SUPPORTED, .description = }
01-19 12:30:19.708  3516  3848 E libperflog: [LIBPERFLOG] socket_local_client fail = -1
01-19 12:30:21.151  2037  2232 I PdnController: isWifiConnected: [type: WIFI[], state: CONNECTED/CONNECTED, reason: (unspecified), extra: , failover: false, available: true, roaming: false]
01-19 12:30:21.153  2037  2232 I PdnController: isWifiConnected: [type: WIFI[], state: CONNECTED/CONNECTED, reason: (unspecified), extra: , failover: false, available: true, roaming: false]
01-19 12:30:21.155  2037  2232 I PdnController: isWifiConnected: [type: WIFI[], state: CONNECTED/CONNECTED, reason: (unspecified), extra: , failover: false, available: true, roaming: false]
01-19 12:30:21.177  2037  2232 I PdnController: isWifiConnected: [type: WIFI[], state: CONNECTED/CONNECTED, reason: (unspecified), extra: , failover: false, available: true, roaming: false]
01-19 12:30:21.760  1283  1518 E WifiVendorHal: getWifiLinkLayerStats_1_5_Internal(l.1191) failed {.code = ERROR_NOT_SUPPORTED, .description = }
01-19 12:30:23.947  2037  2232 I PdnController: isWifiConnected: [type: WIFI[], state: CONNECTED/CONNECTED, reason: (unspecified), extra: , failover: false, available: true, roaming: false]
01-19 12:30:23.949  2037  2232 I PdnController: isWifiConnected: [type: WIFI[], state: CONNECTED/CONNECTED, reason: (unspecified), extra: , failover: false, available: true, roaming: false]
01-19 12:30:23.952  2037  2232 I PdnController: isWifiConnected: [type: WIFI[], state: CONNECTED/CONNECTED, reason: (unspecified), extra: , failover: false, available: true, roaming: false]
01-19 12:30:23.973  2037  2232 I PdnController: isWifiConnected: [type: WIFI[], state: CONNECTED/CONNECTED, reason: (unspecified), extra: , failover: false, available: true, roaming: false]
01-19 12:30:24.774  1283  1518 E WifiVendorHal: getWifiLinkLayerStats_1_5_Internal(l.1191) failed {.code = ERROR_NOT_SUPPORTED, .description = }
01-19 12:30:27.151  3516  3516 E libperflog: [LIBPERFLOG] socket_local_client fail = -1
01-19 12:30:27.163  1283  2105 W libprocessgroup: Failed to find DoSomethingOlaftask profile: Try again
01-19 12:30:27.593   847  1661 W ServiceManager: Permission failure: android.permission.CAMERA_OPEN_CLOSE_LISTENER from uid=10105 pid=22994
01-19 12:30:27.623  1283  1598 D SemWifiSwitchForIndividualAppsService: isPackageException - result:1, com.sec.android.app.camera
01-19 12:30:27.665  1283 10387 W WindowManager: Failed looking up window session=Session{54f6fac 22994:u0a10105} callers=com.android.server.wm.WindowManagerService.windowForClientLocked:6308 com.android.server.wm.Session.insetsModified:700 android.view.IWindowSession$Stub.onTransact:1256 
01-19 12:30:27.682   690   777 E libPowerHal: error : 2, No such file or directory
01-19 12:30:27.731   693 23926 E MtkCam/SensorProviderService: (23926)[isSupport] fail to open: /sys/class/BOOT/BOOT/boot/boot_mode (isSupport){#1411:vendor/mediatek/proprietary/hardware/mtkcam/utils/sys/SensorProvider/SensorProviderService.cpp}
01-19 12:30:27.731   693 23926 E MtkCam/SensorProviderService: (23926)[isSupport] fail to open: /sys/class/BOOT/BOOT/boot/boot_mode (isSupport){#1411:vendor/mediatek/proprietary/hardware/mtkcam/utils/sys/SensorProvider/SensorProviderService.cpp}
01-19 12:30:27.734   693 23919 E paramctrl_lifetime: open /proc/driver/thermal/clNR_status failed, disable NR cooler
01-19 12:30:27.757   715   804 E HWComposer: getSupportedContentTypes: getSupportedContentTypes failed for display 0: Unsupported (8)
01-19 12:30:27.764   880  1242 E mediaserver: unlinkToDeath: removed reference to death recipient but unlink failed.
01-19 12:30:27.789  1283  1518 E WifiVendorHal: getWifiLinkLayerStats_1_5_Internal(l.1191) failed {.code = ERROR_NOT_SUPPORTED, .description = }
01-19 12:30:27.844  4370 22786 I ChimeraSrvcProxy: NullBinder for android.net.action.RECOMMEND_NETWORKS triggering remote TransactionTooLargeException due to Service without Chimera impl
01-19 12:30:27.865 23934 23934 D ProcessState: Binder ioctl to enable oneway spam detection failed: Invalid argument
01-19 12:30:27.935   693   693 W mtkcam-dev3-utils: [extractE2EHDRInfo] query tag MTK_STREAMING_FEATURE_HDR10 failed, E2E HDR is not applied
01-19 12:30:27.972   693   693 E MtkCam/HalSensor: [sendCommand] [sendCommand] sendCommand fail! 16419 (sendCommand){#743:vendor/mediatek/proprietary/hardware/mtkcam/drv/src/sensor/mt6765/../common/v1/HalSensor.control.cpp}
01-19 12:30:27.973   693   693 E BWC     : MTK_IOC_SMI_BWC_INFO_GET failed.:Inappropriate ioctl for device
01-19 12:30:27.976 22994 23873 E ion     : ioctl c0044901 failed with code -1: Invalid argument
01-19 12:30:27.977   693   693 E BWC     : MTK_IOC_SMI_BWC_INFO_SET failed.:Inappropriate ioctl for device
01-19 12:30:27.977   693   693 E BWC     : MTK_IOC_MMDVFS_CMD failed.:Inappropriate ioctl for device
01-19 12:30:27.997 22994 23873 E IMGSRV  : :539: PVRSRVBridgeCall: Bridge call failed. sBridgePackage.ui32BridgeID:0x82, Function ID:0x10 errno 22 (Invalid argument).
01-19 12:30:27.997 22994 23873 E IMGSRV  : :2606: BridgeRGXCreateFreeList2: BridgeCall failed
01-19 12:30:28.011   693 23969 E cam_capi: cam_capi[GetCapibility]ERR(  309):user:NormalPipe query fail(module:0)
01-19 12:30:28.011   693 23969 E NormalPipe: [query] some query op fail
01-19 12:30:28.026  1283  2105 W libprocessgroup: Failed to find DoNothingOlaftask profile: Try again
01-19 12:30:28.031   693 23926 E MtkCam/SensorProviderService: (23926)[isSupport] fail to open: /sys/class/BOOT/BOOT/boot/boot_mode (isSupport){#1411:vendor/mediatek/proprietary/hardware/mtkcam/utils/sys/SensorProvider/SensorProviderService.cpp}
01-19 12:30:28.039  1283  1325 E libperflog: [LIBPERFLOG] socket_local_client fail = -1
01-19 12:30:28.094   693 23926 E MtkCam/SensorProviderService: (23926)[isSupport] fail to open: /sys/class/BOOT/BOOT/boot/boot_mode (isSupport){#1411:vendor/mediatek/proprietary/hardware/mtkcam/utils/sys/SensorProvider/SensorProviderService.cpp}
01-19 12:30:28.135   693 24046 E MtkCam/HalSensor: [sendCommand] [sendCommand] sendCommand fail! 16405 (sendCommand){#743:vendor/mediatek/proprietary/hardware/mtkcam/drv/src/sensor/mt6765/../common/v1/HalSensor.control.cpp}
01-19 12:30:28.193   693 23926 E MtkCam/SensorProviderService: (23926)[isSupport] fail to open: /sys/class/BOOT/BOOT/boot/boot_mode (isSupport){#1411:vendor/mediatek/proprietary/hardware/mtkcam/utils/sys/SensorProvider/SensorProviderService.cpp}
01-19 12:30:28.683   690   777 E libPowerHal: error : 2, No such file or directory
01-19 12:30:28.886 24072 24072 D ProcessState: Binder ioctl to enable oneway spam detection failed: Invalid argument
01-19 12:30:29.191  3516  3848 E libperflog: [LIBPERFLOG] socket_local_client fail = -1
01-19 12:30:29.213 24101 24101 D ProcessState: Binder ioctl to enable oneway spam detection failed: Invalid argument
01-19 12:30:29.270 24072 24072 W System.err: android.app.ActivityManager No method java.lang.NoSuchMethodException: android.app.ActivityManager.getRecentTasksForUser [int, int, int]
01-19 12:30:29.334 24072 24072 W System.err: android.app.ActivityManager No method java.lang.NoSuchMethodException: android.app.ActivityManager.getRecentTasksForUser [int, int, int]
01-19 12:30:29.356 24072 24072 W System.err: com.samsung.android.tsp.SemTspStateManager No method java.lang.NoSuchMethodException: com.samsung.android.tsp.SemTspStateManager.setDeadzoneHole [class android.content.Context, class android.os.Bundle]
01-19 12:30:29.440   715  1129 E HWComposer: getSupportedContentTypes: getSupportedContentTypes failed for display 0: Unsupported (8)
01-19 12:30:29.456 24072 24130 E ion     : ioctl c0044901 failed with code -1: Invalid argument
01-19 12:30:29.479 24072 24115 E IMGSRV  : :539: PVRSRVBridgeCall: Bridge call failed. sBridgePackage.ui32BridgeID:0x82, Function ID:0x10 errno 22 (Invalid argument).
01-19 12:30:29.480 24072 24115 E IMGSRV  : :2606: BridgeRGXCreateFreeList2: BridgeCall failed
01-19 12:30:29.485  1283  1632 W ServiceManager: Permission failure: android.permission.HIGH_SAMPLING_RATE_SENSORS from uid=10105 pid=22994
01-19 12:30:29.514  1283  1302 W ServiceManager: Permission failure: android.permission.HIGH_SAMPLING_RATE_SENSORS from uid=10105 pid=22994
01-19 12:30:29.518 24072 24072 W System.err: android.app.ActivityManager No method java.lang.NoSuchMethodException: android.app.ActivityManager.getRecentTasksForUser [int, int, int]
01-19 12:30:29.520  1283  1632 W ServiceManager: Permission failure: android.permission.HIGH_SAMPLING_RATE_SENSORS from uid=10105 pid=22994
01-19 12:30:29.525 24072 24072 W System.err: android.app.ActivityManager No method java.lang.NoSuchMethodException: android.app.ActivityManager.getRecentTasksForUser [int, int, int]
01-19 12:30:29.527 24072 24072 W System.err: android.app.ActivityManager No method java.lang.NoSuchMethodException: android.app.ActivityManager.getRecentTasksForUser [int, int, int]
01-19 12:30:29.542  1283  1300 W System  : A resource failed to call release. 
01-19 12:30:29.556  1283  1300 W System  : A resource failed to call close. 
01-19 12:30:29.557  1283  1300 W System  : A resource failed to call close. 
01-19 12:30:29.560  1283  1300 W System  : A resource failed to call close. 
01-19 12:30:29.619 24135 24135 D ProcessState: Binder ioctl to enable oneway spam detection failed: Invalid argument
01-19 12:30:30.375  1283  1334 E libperflog: [LIBPERFLOG] socket_local_client fail = -1
01-19 12:30:30.376 24135 24181 I SamsungAccount: [FamilyGroupSyncWorkManager] isConditionFailed, isRunning : true, isSignedOut : false
01-19 12:30:30.396  1283  1334 E libperflog: [LIBPERFLOG] socket_local_client fail = -1
01-19 12:30:30.420  1283  1334 E libperflog: [LIBPERFLOG] socket_local_client fail = -1
01-19 12:30:30.444  1283  1334 E libperflog: [LIBPERFLOG] socket_local_client fail = -1
01-19 12:30:30.460  1283  1334 E libperflog: [LIBPERFLOG] socket_local_client fail = -1
01-19 12:30:30.473  1283  1334 E libperflog: [LIBPERFLOG] socket_local_client fail = -1
01-19 12:30:30.489  1283  1334 E libperflog: [LIBPERFLOG] socket_local_client fail = -1
01-19 12:30:30.505  1283  1334 E libperflog: [LIBPERFLOG] socket_local_client fail = -1
01-19 12:30:30.524  1283  1334 E libperflog: [LIBPERFLOG] socket_local_client fail = -1
01-19 12:30:30.535  1283  1334 E libperflog: [LIBPERFLOG] socket_local_client fail = -1
01-19 12:30:30.554  1283  1334 E libperflog: [LIBPERFLOG] socket_local_client fail = -1
01-19 12:30:30.566  1283  1334 E libperflog: [LIBPERFLOG] socket_local_client fail = -1
01-19 12:30:30.578  1283  1334 E libperflog: [LIBPERFLOG] socket_local_client fail = -1
01-19 12:30:30.592  1283  1334 E libperflog: [LIBPERFLOG] socket_local_client fail = -1
01-19 12:30:30.602  1283  1334 E libperflog: [LIBPERFLOG] socket_local_client fail = -1
01-19 12:30:30.613  1283  1334 E libperflog: [LIBPERFLOG] socket_local_client fail = -1
01-19 12:30:30.625  1283  1334 E libperflog: [LIBPERFLOG] socket_local_client fail = -1
01-19 12:30:30.643  1283  1334 E libperflog: [LIBPERFLOG] socket_local_client fail = -1
01-19 12:30:30.654  1283  1334 E libperflog: [LIBPERFLOG] socket_local_client fail = -1
01-19 12:30:30.664  1283  2105 W libprocessgroup: Failed to find DoNothingOlaftask profile: Try again
01-19 12:30:30.665  1283  1334 E libperflog: [LIBPERFLOG] socket_local_client fail = -1
01-19 12:30:30.676  1283  1334 E libperflog: [LIBPERFLOG] socket_local_client fail = -1
01-19 12:30:30.686  1283  1334 E libperflog: [LIBPERFLOG] socket_local_client fail = -1
01-19 12:30:30.697  1283  1334 E libperflog: [LIBPERFLOG] socket_local_client fail = -1
01-19 12:30:30.708  1283  1334 E libperflog: [LIBPERFLOG] socket_local_client fail = -1
01-19 12:30:30.718  1283  1334 E libperflog: [LIBPERFLOG] socket_local_client fail = -1
01-19 12:30:30.728  1283  1334 E libperflog: [LIBPERFLOG] socket_local_client fail = -1
01-19 12:30:30.739  1283  1334 E libperflog: [LIBPERFLOG] socket_local_client fail = -1
01-19 12:30:30.752  1283  1334 E libperflog: [LIBPERFLOG] socket_local_client fail = -1
01-19 12:30:30.763  1283  1334 E libperflog: [LIBPERFLOG] socket_local_client fail = -1
01-19 12:30:30.775  1283  1334 E libperflog: [LIBPERFLOG] socket_local_client fail = -1
01-19 12:30:30.793  1283  1334 E libperflog: [LIBPERFLOG] socket_local_client fail = -1
01-19 12:30:30.804  1283  1334 E libperflog: [LIBPERFLOG] socket_local_client fail = -1
01-19 12:30:30.815  1283  1334 E libperflog: [LIBPERFLOG] socket_local_client fail = -1
01-19 12:30:30.825  1283  1518 E WifiVendorHal: getWifiLinkLayerStats_1_5_Internal(l.1191) failed {.code = ERROR_NOT_SUPPORTED, .description = }
01-19 12:30:30.829  1283  1334 E libperflog: [LIBPERFLOG] socket_local_client fail = -1
01-19 12:30:30.838  1283  1334 E libperflog: [LIBPERFLOG] socket_local_client fail = -1
01-19 12:30:30.851  1283  1334 E libperflog: [LIBPERFLOG] socket_local_client fail = -1
01-19 12:30:30.862  1283  1334 E libperflog: [LIBPERFLOG] socket_local_client fail = -1
01-19 12:30:30.878  1283  1334 E libperflog: [LIBPERFLOG] socket_local_client fail = -1
01-19 12:30:30.892  1283  1334 E libperflog: [LIBPERFLOG] socket_local_client fail = -1
01-19 12:30:30.902  1283  1334 E libperflog: [LIBPERFLOG] socket_local_client fail = -1
01-19 12:30:30.914  1283  1334 E libperflog: [LIBPERFLOG] socket_local_client fail = -1
01-19 12:30:30.925  1283  1334 E libperflog: [LIBPERFLOG] socket_local_client fail = -1
01-19 12:30:30.935  1283  1334 E libperflog: [LIBPERFLOG] socket_local_client fail = -1
01-19 12:30:30.949  1283  1334 E libperflog: [LIBPERFLOG] socket_local_client fail = -1
01-19 12:30:30.961  1283  1334 E libperflog: [LIBPERFLOG] socket_local_client fail = -1
01-19 12:30:30.972  1283  1334 E libperflog: [LIBPERFLOG] socket_local_client fail = -1
01-19 12:30:30.982  1283  1334 E libperflog: [LIBPERFLOG] socket_local_client fail = -1
01-19 12:30:30.993  1283  1334 E libperflog: [LIBPERFLOG] socket_local_client fail = -1
01-19 12:30:31.005  1283  1334 E libperflog: [LIBPERFLOG] socket_local_client fail = -1
01-19 12:30:31.017  1283  1334 E libperflog: [LIBPERFLOG] socket_local_client fail = -1
01-19 12:30:31.028  1283  1334 E libperflog: [LIBPERFLOG] socket_local_client fail = -1
01-19 12:30:31.040  1283  1334 E libperflog: [LIBPERFLOG] socket_local_client fail = -1
01-19 12:30:31.049  1283  1334 E libperflog: [LIBPERFLOG] socket_local_client fail = -1
01-19 12:30:31.059  1283  1334 E libperflog: [LIBPERFLOG] socket_local_client fail = -1
01-19 12:30:31.090  1283  1334 E libperflog: [LIBPERFLOG] socket_local_client fail = -1
01-19 12:30:31.101  1283  1334 E libperflog: [LIBPERFLOG] socket_local_client fail = -1
01-19 12:30:31.114  1283  1334 E libperflog: [LIBPERFLOG] socket_local_client fail = -1
01-19 12:30:31.158  1283  1334 E libperflog: [LIBPERFLOG] socket_local_client fail = -1
01-19 12:30:31.894  1283  2105 W libprocessgroup: Failed to find DoSomethingOlaftask profile: Try again
01-19 12:30:31.901  3516  3516 E libperflog: [LIBPERFLOG] socket_local_client fail = -1
01-19 12:30:31.988   690   777 E libPowerHal: error : 2, No such file or directory
01-19 12:30:32.000   693 23917 W mtkcam-AppStreamMgr: [0-FrameHandler::operator()] [Meta Stream Buffer] Error happens... - requestNo:95 streamId:0x100000024 App:Meta:DynamicP1_main1
01-19 12:30:32.002   693 24033 W MtkCam/streambuf: [markUserStatus] App:Meta:FD:0x100000029:0xb40000767958a020 producer:0x16 released w/o using -> ERROR buffer - user status:0x8:0x8
01-19 12:30:32.002   693 23917 W mtkcam-AppStreamMgr: [0-FrameHandler::operator()] [Meta Stream Buffer] Error happens... - requestNo:94 streamId:0x100000029 App:Meta:FD
01-19 12:30:32.002   847  9682 E CameraDeviceClient: notifyError: pid=22994, errorCode=4, errorStreamId=0, frameNumber=94
01-19 12:30:32.002   847  9682 E CameraDeviceClient: notifyError: pid=22994, skipClientNotification=false
01-19 12:30:32.003   693 23978 W MtkCam/streambuf: [markUserStatus] Hal:Meta:P2:Dynamic:0x10000001e:0xb400007631f083a0 producer:0x15 released w/o using -> ERROR buffer - user status:0x8:0x8
01-19 12:30:32.003   693 23978 W MtkCam/streambuf: [markUserStatus] App:Meta:DynamicP2:0x100000027:0xb400007631f06ce0 producer:0x15 released w/o using -> ERROR buffer - user status:0x8:0x8
01-19 12:30:32.003   693   693 W MtkCam/streambuf: [markUserStatus] Hal:Meta:P1:Dynamic_main1:0x10000001b:0xb40000773463c3a0 producer:0x1 released w/o using -> ERROR buffer - user status:0x8:0x8
01-19 12:30:32.003   693 23978 W MtkCam/streambuf: [markUserStatus] s1:d0:App:YCrCb_420_SP:0|SW_READ_OFTEN:0x1:0xb4000076795ce500 producer:0x15 released w/o using -> ERROR buffer - user status:0x8:0x8
01-19 12:30:32.003   693   693 W MtkCam/streambuf: [markUserStatus] App:Meta:DynamicP1_main1:0x100000024:0xb40000773463b3e0 producer:0x1 released w/o using -> ERROR buffer - user status:0x8:0x8
01-19 12:30:32.003   693   693 W MtkCam/streambuf: [markUserStatus] Hal:Image:P1:Fullraw_main1:0x100000001:0xb400007676b0ff00 producer:0x1 released w/o using -> ERROR buffer - user status:0x8:0x8
01-19 12:30:32.003   693 23978 W MtkCam/streambuf: [markUserStatus] Hal:Image:FD:0x100000013:0xb400007679444600 producer:0x15 released w/o using -> ERROR buffer - user status:0x8:0x8
01-19 12:30:32.003   693   693 W MtkCam/streambuf: [markUserStatus] Hal:Image:P1:Resizeraw_main1:0x100000003:0xb40000767949d200 producer:0x1 released w/o using -> ERROR buffer - user status:0x8:0x8
01-19 12:30:32.003   693   693 W MtkCam/streambuf: [markUserStatus] Hal:Image:STT_main1:0x100000004:0xb40000767c12aa00 producer:0x1 released w/o using -> ERROR buffer - user status:0x8:0x8
01-19 12:30:32.003   693 23917 W mtkcam-AppStreamMgr: [0-FrameHandler::operator()] [Meta Stream Buffer] Error happens... - requestNo:95 streamId:0x100000027 App:Meta:DynamicP2
01-19 12:30:32.003   693 23917 W mtkcam-AppStreamMgr: [0-FrameHandler::operator()] [Image Stream Buffer] Error happens and all users release - requestNo:95 streamId:0x1 s1:d0:App:YCrCb_420_SP:0|SW_READ_OFTEN state:IN-FLIGHT->ERROR
01-19 12:30:32.003   693 23978 W MtkCam/streambuf: [markUserStatus] App:Meta:FD:0x100000029:0xb400007631f07ca0 producer:0x16 released w/o using -> ERROR buffer - user status:0x8:0x8
01-19 12:30:32.003   693 23917 W mtkcam-AppStreamMgr: [0-FrameHandler::updateCallback] requestNo:95 Request Error
01-19 12:30:32.004   693 23917 W mtkcam-AppStreamMgr: [0-FrameHandler::updateCallback] requestNo 95 is removed before shutter callbacked, there MUST have error frames or meta be sent for the request
01-19 12:30:32.004   693 23917 W mtkcam-AppStreamMgr: [0-FrameHandler::operator()] [Meta Stream Buffer] Error happens... - requestNo:98 streamId:0x100000024 App:Meta:DynamicP1_main1
01-19 12:30:32.004   847  9682 E CameraDeviceClient: notifyError: pid=22994, errorCode=3, errorStreamId=0, frameNumber=95
01-19 12:30:32.004   847  9682 E CameraDeviceClient: notifyError: pid=22994, skipClientNotification=false
01-19 12:30:32.004   693   693 W MtkCam/streambuf: [markUserStatus] Hal:Meta:P2:Dynamic:0x10000001e:0xb40000773463c8e0 producer:0x15 released w/o using -> ERROR buffer - user status:0x8:0x8
01-19 12:30:32.004   693   693 W MtkCam/streambuf: [markUserStatus] App:Meta:DynamicP2:0x100000027:0xb40000773463bae0 producer:0x15 released w/o using -> ERROR buffer - user status:0x8:0x8
01-19 12:30:32.004   693   693 W MtkCam/streambuf: [markUserStatus] s1:d0:App:YCrCb_420_SP:0|SW_READ_OFTEN:0x1:0xb400007676aaf600 producer:0x15 released w/o using -> ERROR buffer - user status:0x8:0x8
01-19 12:30:32.004   693 23917 W mtkcam-AppStreamMgr: [0-FrameHandler::operator()] [Meta Stream Buffer] Error happens... - requestNo:96 streamId:0x100000024 App:Meta:DynamicP1_main1
01-19 12:30:32.004   693   693 W MtkCam/streambuf: [markUserStatus] Hal:Image:FD:0x100000013:0xb40000767c128f00 producer:0x15 released w/o using -> ERROR buffer - user status:0x8:0x8
01-19 12:30:32.004   693 23917 W mtkcam-AppStreamMgr: [0-FrameHandler::operator()] [Meta Stream Buffer] Error happens... - requestNo:98 streamId:0x100000027 App:Meta:DynamicP2
01-19 12:30:32.004   693 23917 W mtkcam-AppStreamMgr: [0-FrameHandler::operator()] [Image Stream Buffer] Error happens and all users release - requestNo:98 streamId:0x1 s1:d0:App:YCrCb_420_SP:0|SW_READ_OFTEN state:IN-FLIGHT->ERROR
01-19 12:30:32.004   693 23917 W mtkcam-AppStreamMgr: [0-FrameHandler::updateCallback] requestNo:98 Request Error
01-19 12:30:32.004   693   693 W MtkCam/streambuf: [markUserStatus] App:Meta:FD:0x100000029:0xb40000773463be60 producer:0x16 released w/o using -> ERROR buffer - user status:0x8:0x8
01-19 12:30:32.005   847  9682 E Camera3-OutputStream: returnBufferCheckedLocked: A frame is dropped for stream 1 frame 95 , due to buffer error.
01-19 12:30:32.005   693 23978 W MtkCam/streambuf: [markUserStatus] Hal:Meta:P2:Dynamic:0x10000001e:0xb400007632047ba0 producer:0x15 released w/o using -> ERROR buffer - user status:0x8:0x8
01-19 12:30:32.005   693 23978 W MtkCam/streambuf: [markUserStatus] App:Meta:DynamicP2:0x100000027:0xb400007631f07760 producer:0x15 released w/o using -> ERROR buffer - user status:0x8:0x8
01-19 12:30:32.005   693 23978 W MtkCam/streambuf: [markUserStatus] s1:d0:App:YCrCb_420_SP:0|SW_READ_OFTEN:0x1:0xb4000076795ce780 producer:0x15 released w/o using -> ERROR buffer - user status:0x8:0x8
01-19 12:30:32.005   693 23978 W MtkCam/streambuf: [markUserStatus] Hal:Image:FD:0x100000013:0xb40000767c129500 producer:0x15 released w/o using -> ERROR buffer - user status:0x8:0x8
01-19 12:30:32.005   847  9682 E CameraDeviceClient: notifyError: pid=22994, errorCode=3, errorStreamId=0, frameNumber=98
01-19 12:30:32.005   847  9682 E CameraDeviceClient: notifyError: pid=22994, skipClientNotification=false
01-19 12:30:32.005   693 23917 W mtkcam-AppStreamMgr: [0-FrameHandler::operator()] [Meta Stream Buffer] Error happens... - requestNo:96 streamId:0x100000027 App:Meta:DynamicP2
01-19 12:30:32.006   693 23917 W mtkcam-AppStreamMgr: [0-FrameHandler::operator()] [Image Stream Buffer] Error happens and all users release - requestNo:96 streamId:0x1 s1:d0:App:YCrCb_420_SP:0|SW_READ_OFTEN state:IN-FLIGHT->ERROR
01-19 12:30:32.006   693 23917 W mtkcam-AppStreamMgr: [0-FrameHandler::updateCallback] requestNo:96 Request Error
01-19 12:30:32.006   693 23978 W MtkCam/streambuf: [markUserStatus] App:Meta:FD:0x100000029:0xb400007631f07ae0 producer:0x16 released w/o using -> ERROR buffer - user status:0x8:0x8
01-19 12:30:32.006   693 23917 W mtkcam-AppStreamMgr: [0-FrameHandler::updateCallback] requestNo 96 is removed before shutter callbacked, there MUST have error frames or meta be sent for the request
01-19 12:30:32.006   847  9682 E Camera3-OutputStream: returnBufferCheckedLocked: A frame is dropped for stream 1 frame 98 , due to buffer error.
01-19 12:30:32.006   693 23917 W mtkcam-AppStreamMgr: [0-FrameHandler::operator()] [Meta Stream Buffer] Error happens... - requestNo:97 streamId:0x100000024 App:Meta:DynamicP1_main1
01-19 12:30:32.007   693 23978 W MtkCam/streambuf: [markUserStatus] Hal:Meta:P2:Dynamic:0x10000001e:0xb40000763204d860 producer:0x15 released w/o using -> ERROR buffer - user status:0x8:0x8
01-19 12:30:32.007   693 23978 W MtkCam/streambuf: [markUserStatus] App:Meta:DynamicP2:0x100000027:0xb40000763204cde0 producer:0x15 released w/o using -> ERROR buffer - user status:0x8:0x8
01-19 12:30:32.007   693 23978 W MtkCam/streambuf: [markUserStatus] s1:d0:App:YCrCb_420_SP:0|SW_READ_OFTEN:0x1:0xb400007679401c80 producer:0x15 released w/o using -> ERROR buffer - user status:0x8:0x8
01-19 12:30:32.007   693 23978 W MtkCam/streambuf: [markUserStatus] Hal:Image:FD:0x100000013:0xb40000767c129800 producer:0x15 released w/o using -> ERROR buffer - user status:0x8:0x8
01-19 12:30:32.007   847  9682 E CameraDeviceClient: notifyError: pid=22994, errorCode=3, errorStreamId=0, frameNumber=96
01-19 12:30:32.007   847  9682 E CameraDeviceClient: notifyError: pid=22994, skipClientNotification=false
01-19 12:30:32.008   693 23978 W MtkCam/streambuf: [markUserStatus] App:Meta:FD:0x100000029:0xb40000763204d160 producer:0x16 released w/o using -> ERROR buffer - user status:0x8:0x8
01-19 12:30:32.008   847  9682 E Camera3-OutputStream: returnBufferCheckedLocked: A frame is dropped for stream 1 frame 96 , due to buffer error.
01-19 12:30:32.008   693 23917 W mtkcam-AppStreamMgr: [0-FrameHandler::operator()] [Meta Stream Buffer] Error happens... - requestNo:97 streamId:0x100000027 App:Meta:DynamicP2
01-19 12:30:32.008   693 23917 W mtkcam-AppStreamMgr: [0-FrameHandler::operator()] [Image Stream Buffer] Error happens and all users release - requestNo:97 streamId:0x1 s1:d0:App:YCrCb_420_SP:0|SW_READ_OFTEN state:IN-FLIGHT->ERROR
01-19 12:30:32.008   693 23925 I StrobeDrvFlashlightFops: ioctl failed: type/ct (1,1) Inappropriate ioctl for device
01-19 12:30:32.008   693 23917 W mtkcam-AppStreamMgr: [0-FrameHandler::updateCallback] requestNo:97 Request Error
01-19 12:30:32.008   693 23925 I StrobeDrvFlashlightFops: ioctl failed: type/ct (1,1) Inappropriate ioctl for device
01-19 12:30:32.008   693 23917 W mtkcam-AppStreamMgr: [0-FrameHandler::updateCallback] requestNo 97 is removed before shutter callbacked, there MUST have error frames or meta be sent for the request
01-19 12:30:32.008   693 23917 W mtkcam-AppStreamMgr: [0-FrameHandler::updateCallback] requestNo 98 is removed before shutter callbacked, there MUST have error frames or meta be sent for the request
01-19 12:30:32.008   847  9682 E CameraDeviceClient: notifyError: pid=22994, errorCode=3, errorStreamId=0, frameNumber=97
01-19 12:30:32.009   847  9682 E CameraDeviceClient: notifyError: pid=22994, skipClientNotification=false
01-19 12:30:32.009   847  9682 E Camera3-OutputStream: returnBufferCheckedLocked: A frame is dropped for stream 1 frame 97 , due to buffer error.
01-19 12:30:32.057   693 21516 E BWC     : MTK_IOC_SMI_BWC_INFO_GET failed.:Inappropriate ioctl for device
01-19 12:30:32.061   693 21516 E BWC     : MTK_IOC_SMI_BWC_INFO_SET failed.:Inappropriate ioctl for device
01-19 12:30:32.208  2182  2208 W System  : A resource failed to call release. 
01-19 12:30:32.211  2182  2208 W System  : A resource failed to call release. 
01-19 12:30:32.262   693 21516 I StrobeDrvFlashlightFops: ioctl failed: type/ct (1,1) Inappropriate ioctl for device
01-19 12:30:32.262   693 21516 I StrobeDrvFlashlightFops: ioctl failed: type/ct (1,1) Inappropriate ioctl for device
01-19 12:30:32.324 22994 22994 W CameraLocationManager: stopLocationRequest return, location permission check is fail.
01-19 12:30:32.433 23690 24239 D hw-ProcessState: Binder ioctl to enable oneway spam detection failed: Invalid argument
01-19 12:30:32.737  1283  3635 W ServiceManager: Permission failure: android.permission.HIGH_SAMPLING_RATE_SENSORS from uid=10947 pid=23690
01-19 12:30:32.744  1283  3635 W ServiceManager: Permission failure: android.permission.HIGH_SAMPLING_RATE_SENSORS from uid=10947 pid=23690
01-19 12:30:32.746  1283  3635 W ServiceManager: Permission failure: android.permission.HIGH_SAMPLING_RATE_SENSORS from uid=10947 pid=23690
01-19 12:30:33.047   690   777 E libPowerHal: error : 2, No such file or directory
01-19 12:30:33.106   715  1129 E HWComposer: getSupportedContentTypes: getSupportedContentTypes failed for display 0: Unsupported (8)
01-19 12:30:33.108 24135 24198 I SamsungAccount: [AbstractProcessRunnable] [InAIDL-AbstractProcessRunnable]Signature check Fail. Check clientID, packageName again. Package = app.camera.
01-19 12:30:33.108 24135 24198 I SamsungAccount: ===========================================AIDL Error===========================================
01-19 12:30:33.108 24135 24198 I SamsungAccount: [AbstractProcessRunnable] [InAIDL-AbstractProcessRunnable]setErrorResult Package = app.camera.
01-19 12:30:33.109 24135 24198 I SamsungAccount: [AccessTokenRunnable] [InAIDL-AccessTokenRunnable]handleProcessFailResult start. Package = app.camera.
01-19 12:30:33.110 24135 24198 I SamsungAccount: [AccessTokenRunnable] [InAIDL-AccessTokenRunnable] Process Failed Error_code SAC_0205 Error_message The signature of this application is not registered with the server. Package = app.camera.
01-19 12:30:33.112 22994 23884 E CAM/SACallbackService: onReceiveAccessToken error_code: SAC_0205
01-19 12:30:33.112 22994 23884 E CAM/SACallbackService: onReceiveAccessToken error_message: The signature of this application is not registered with the server.
01-19 12:30:33.115 23690 24259 E ion     : ioctl c0044901 failed with code -1: Invalid argument
01-19 12:30:33.118 24135 24198 I SamsungAccount: [AccessTokenRunnable] [InAIDL-AccessTokenRunnable]handleProcessFailResult finish. Package = app.camera.
01-19 12:30:33.460  3516  3848 E libperflog: [LIBPERFLOG] socket_local_client fail = -1
01-19 12:30:33.835  1283  1518 E WifiVendorHal: getWifiLinkLayerStats_1_5_Internal(l.1191) failed {.code = ERROR_NOT_SUPPORTED, .description = }
01-19 12:30:33.856  4370  9889 I ChimeraSrvcProxy: NullBinder for android.net.action.RECOMMEND_NETWORKS triggering remote TransactionTooLargeException due to Service without Chimera impl
01-19 12:30:34.001  2037  2232 I PdnController: isWifiConnected: [type: WIFI[], state: CONNECTED/CONNECTED, reason: (unspecified), extra: , failover: false, available: true, roaming: false]
01-19 12:30:34.006  2037  2232 I PdnController: isWifiConnected: [type: WIFI[], state: CONNECTED/CONNECTED, reason: (unspecified), extra: , failover: false, available: true, roaming: false]
01-19 12:30:34.008  2037  2232 I PdnController: isWifiConnected: [type: WIFI[], state: CONNECTED/CONNECTED, reason: (unspecified), extra: , failover: false, available: true, roaming: false]
01-19 12:30:34.030  2037  2232 I PdnController: isWifiConnected: [type: WIFI[], state: CONNECTED/CONNECTED, reason: (unspecified), extra: , failover: false, available: true, roaming: false]
01-19 12:30:34.895  1283  2105 W libprocessgroup: Failed to find DoNothingOlaftask profile: Try again
01-19 12:30:35.394  1283  2105 W libprocessgroup: Failed to find DoNothingOlaftask profile: Try again
01-19 12:30:36.844  1283  1518 E WifiVendorHal: getWifiLinkLayerStats_1_5_Internal(l.1191) failed {.code = ERROR_NOT_SUPPORTED, .description = }
01-19 12:30:39.860  1283  1518 E WifiVendorHal: getWifiLinkLayerStats_1_5_Internal(l.1191) failed {.code = ERROR_NOT_SUPPORTED, .description = }
01-19 12:30:42.433  1283  1334 E libperflog: [LIBPERFLOG] socket_local_client fail = -1
01-19 12:30:42.509 22994 23004 W System  : A resource failed to call release. 
01-19 12:30:42.876  1283  1518 E WifiVendorHal: getWifiLinkLayerStats_1_5_Internal(l.1191) failed {.code = ERROR_NOT_SUPPORTED, .description = }
01-19 12:30:43.220  1283  2103 I ActivityTaskManager: START u0 {flg=0x10018000 cmp=com.asktiba.Vault.dev/expo.modules.devlauncher.launcher.errors.DevLauncherErrorActivity} from uid 10947
01-19 12:30:43.225  1283  2103 D ActivityTaskManager: TaskLaunchParamsModifier:task=null activity=ActivityRecord{19489bf u0 com.asktiba.Vault.dev/expo.modules.devlauncher.launcher.errors.DevLauncherErrorActivity display-from-launchedFrom=0 display-id=0 display-windowing-mode=1 suggested-display-area=DefaultTaskDisplayArea@267747468
01-19 12:30:43.225  1283  2103 D ActivityTaskManager: TaskLaunchParamsModifier:task=Task{21e1e5e #5047 type=standard A=10947:com.asktiba.Vault.dev U=0 visible=true mode=fullscreen translucent=false sz=1} activity=ActivityRecord{19489bf u0 com.asktiba.Vault.dev/expo.modules.devlauncher.launcher.errors.DevLauncherErrorActivity t-1} display-from-task=0 display-id=0 display-windowing-mode=1 suggested-display-area=DefaultTaskDisplayArea@267747468 non-freeform-display display-area=DefaultTaskDisplayArea@267747468 maximized-bounds
01-19 12:30:43.254   715  1129 I SurfaceFlinger: id=6348 createSurf (0x0),-1 flag=80004, ActivityRecord{19489bf u0 com.asktiba.Vault.dev/expo.modules.devlauncher.launcher.errors.DevLauncherErrorActivity t5047}#0
01-19 12:30:43.280  1283  3635 D WindowManager: rotationForOrientation, orientationSource=ActivityRecord{19489bf u0 com.asktiba.Vault.dev/expo.modules.devlauncher.launcher.errors.DevLauncherErrorActivity t5047}
01-19 12:30:43.475  3516  3848 E libperflog: [LIBPERFLOG] socket_local_client fail = -1
01-19 12:30:43.479   715  1129 I SurfaceFlinger: id=6349 createSurf (0x0),-1 flag=80004, 20dacbc com.asktiba.Vault.dev/expo.modules.devlauncher.launcher.errors.DevLauncherErrorActivity#0
01-19 12:30:43.486 23690 23690 I ViewRootImpl@8b0ccfe[DevLauncherErrorActivity]: setView = com.android.internal.policy.DecorView@1f43281 TM=true
01-19 12:30:43.629  1283  2103 V WindowManager: Relayout Window{20dacbc u0 com.asktiba.Vault.dev/expo.modules.devlauncher.launcher.errors.DevLauncherErrorActivity}: viewVisibility=0 req=720x1600 d0
01-19 12:30:43.629   715  1129 E BufferQueueDebug: [com.asktiba.Vault.dev/expo.modules.devlauncher.launcher.errors.DevLauncherErrorActivity$_23690#0](this:0xb4000077eba97948,id:-1,api:0,p:-1,c:-1) id info cannot be read from 'com.asktiba.Vault.dev/expo.modules.devlauncher.launcher.errors.DevLauncherErrorActivity$_23690#0'
01-19 12:30:43.630   715  1129 I BufferQueueDebug: [com.asktiba.Vault.dev/expo.modules.devlauncher.launcher.errors.DevLauncherErrorActivity$_23690#0](this:0xb4000077eba97948,id:-1,api:0,p:-1,c:-1) BufferQueue core=(715:/system/bin/surfaceflinger)
01-19 12:30:43.630   715  1129 I SurfaceFlinger: id=6350 createSurf (720x1600),-3 flag=40004, com.asktiba.Vault.dev/expo.modules.devlauncher.launcher.errors.DevLauncherErrorActivity$_23690#0
01-19 12:30:43.631  1283  2103 D WindowManager: makeSurface duration=2 name=com.asktiba.Vault.dev/expo.modules.devlauncher.launcher.errors.DevLauncherErrorActivity$_23690
01-19 12:30:43.635  1283  2103 V WindowManager: Changing focus from null to Window{20dacbc u0 com.asktiba.Vault.dev/expo.modules.devlauncher.launcher.errors.DevLauncherErrorActivity} displayId=0 Callers=com.android.server.wm.RootWindowContainer.updateFocusedWindowLocked:583 com.android.server.wm.WindowManagerService.updateFocusedWindowLocked:6484 com.android.server.wm.WindowManagerService.relayoutWindow:2757 com.android.server.wm.Session.relayout:242 
01-19 12:30:43.649 23690 23690 I BLASTBufferQueue: [ViewRootImpl@8b0ccfe[DevLauncherErrorActivity]#1] constructor()
01-19 12:30:43.653 23690 23690 I ViewRootImpl@8b0ccfe[DevLauncherErrorActivity]: Relayout returned: old=(0,0,720,1600) new=(0,0,720,1600) req=(720,1600)0 dur=21 res=0x7 s={true -5476376608830148608} ch=true fn=-1
01-19 12:30:43.656 23690 24239 I BufferQueueProducer: [ViewRootImpl@8b0ccfe[DevLauncherErrorActivity]#1(BLAST Consumer)1](id:5c8a00000001,api:1,p:23690,c:23690) connect: api=1 producerControlledByApp=true
01-19 12:30:43.672  1283  3635 D InputDispatcher: Focus request (0): 20dacbc com.asktiba.Vault.dev/expo.modules.devlauncher.launcher.errors.DevLauncherErrorActivity but waiting because NOT_VISIBLE
01-19 12:30:43.869 23690 23690 I ViewRootImpl@8b0ccfe[DevLauncherErrorActivity]: [DP] dp(1) 1 android.view.ViewRootImpl.reportNextDraw:11420 android.view.ViewRootImpl.performTraversals:4193 android.view.ViewRootImpl.doTraversal:2919 
01-19 12:30:43.870 23690 23690 D ViewRootImpl@8b0ccfe[DevLauncherErrorActivity]: Creating frameDrawingCallback nextDrawUseBlastSync=false reportNextDraw=true hasBlurUpdates=false
01-19 12:30:43.870 23690 23690 D ViewRootImpl@8b0ccfe[DevLauncherErrorActivity]: Creating frameCompleteCallback
01-19 12:30:43.908 23690 24275 D ViewRootImpl@8b0ccfe[DevLauncherErrorActivity]: Received frameDrawingCallback frameNum=1. Creating transactionCompleteCallback=false
01-19 12:30:43.933 23690 24239 E IMGSRV  : :539: PVRSRVBridgeCall: Bridge call failed. sBridgePackage.ui32BridgeID:0x82, Function ID:0x10 errno 22 (Invalid argument).
01-19 12:30:43.934 23690 24239 E IMGSRV  : :2606: BridgeRGXCreateFreeList2: BridgeCall failed
01-19 12:30:43.957 23690 24239 D ViewRootImpl@8b0ccfe[DevLauncherErrorActivity]: Received frameCompleteCallback  lastAcquiredFrameNum=1 lastAttemptedDrawFrameNum=1
01-19 12:30:43.964 23690 23690 I ViewRootImpl@8b0ccfe[DevLauncherErrorActivity]: [DP] pdf(0) 1 android.view.ViewRootImpl.lambda$addFrameCompleteCallbackIfNeeded$3$ViewRootImpl:4995 android.view.ViewRootImpl$$ExternalSyntheticLambda16.run:6 android.os.Handler.handleCallback:938 
01-19 12:30:43.965 23690 23690 I ViewRootImpl@8b0ccfe[DevLauncherErrorActivity]: [DP] rdf()
01-19 12:30:43.965 23690 23690 D ViewRootImpl@8b0ccfe[DevLauncherErrorActivity]: reportDrawFinished (fn: -1) 
01-19 12:30:43.966  1283  3635 D WindowManager: finishDrawingWindow: Window{20dacbc u0 com.asktiba.Vault.dev/expo.modules.devlauncher.launcher.errors.DevLauncherErrorActivity} mDrawState=DRAW_PENDING
01-19 12:30:43.973 23690 23690 D InsetsSourceConsumer: ensureControlAlpha: for ITYPE_NAVIGATION_BAR on com.asktiba.Vault.dev/expo.modules.devlauncher.launcher.errors.DevLauncherErrorActivity
01-19 12:30:43.975 23690 23690 D InsetsSourceConsumer: ensureControlAlpha: for ITYPE_STATUS_BAR on com.asktiba.Vault.dev/expo.modules.devlauncher.launcher.errors.DevLauncherErrorActivity
01-19 12:30:43.978  1283  1329 I WindowManager: Reparenting to leash, surface=Surface(name=20dacbc com.asktiba.Vault.dev/expo.modules.devlauncher.launcher.errors.DevLauncherErrorActivity)/@0xcb00366, leashParent=Surface(name=ActivityRecord{19489bf u0 com.asktiba.Vault.dev/expo.modules.devlauncher.launcher.errors.DevLauncherErrorActivity t5047})/@0xedeb6a7
01-19 12:30:43.979   715  1928 I SurfaceFlinger: id=6353 createSurf (0x0),-1 flag=24000, Surface(name=20dacbc com.asktiba.Vault.dev/expo.modules.devlauncher.launcher.errors.DevLauncherErrorActivity)/@0xcb00366 - animation-leash of starting_reveal#0
01-19 12:30:43.980  1283  1329 D WindowManager: makeSurface duration=2 leash=Surface(name=Surface(name=20dacbc com.asktiba.Vault.dev/expo.modules.devlauncher.launcher.errors.DevLauncherErrorActivity)/@0xcb00366 - animation-leash of starting_reveal)/@0xca4d754
01-19 12:30:43.984  1283  1325 E libperflog: [LIBPERFLOG] socket_local_client fail = -1
01-19 12:30:43.984  1283  1325 I PkgPredictorService-SecIpmManagerServiceImpl: reportToNAP uid:10947 com.asktiba.Vault.dev/expo.modules.devlauncher.launcher.errors.DevLauncherErrorActivity thisTime:12096
01-19 12:30:43.990  1283  3925 D InputDispatcher: Focus entered window (0): 20dacbc com.asktiba.Vault.dev/expo.modules.devlauncher.launcher.errors.DevLauncherErrorActivity
01-19 12:30:43.991  1283  1325 I ActivityTaskManager: Displayed com.asktiba.Vault.dev/expo.modules.devlauncher.launcher.errors.DevLauncherErrorActivity: +12s96ms
01-19 12:30:43.994   715   715 D SurfaceFlinger:      DEVICE | 0xb40000780ec5c4c0 | 0102 | RGBA_8888    |    0.0    0.0  720.0 1600.0 |    0    0  720 1600 | com.asktiba.Vault.dev/expo.modules.d[...]rs.DevLauncherErrorActivity$_23690#0
01-19 12:30:44.019 23690 23690 I ViewRootImpl@8b0ccfe[DevLauncherErrorActivity]: MSG_WINDOW_FOCUS_CHANGED 1 1
